Archive member included because of file (symbol)

C:\Users\Administrator\AppData\Local\Temp\VMBuilds\LoRa_Weather_StationV1.0.2.191115_beta_LiuJiaHui\stm32_genericSTM32F103R\Release/core.a(exc.S.o)
                              (__exc_hardfault)
C:\Users\Administrator\AppData\Local\Temp\VMBuilds\LoRa_Weather_StationV1.0.2.191115_beta_LiuJiaHui\stm32_genericSTM32F103R\Release/core.a(isrs.S.o)
                              (__stm32reservedexception7)
C:\Users\Administrator\AppData\Local\Temp\VMBuilds\LoRa_Weather_StationV1.0.2.191115_beta_LiuJiaHui\stm32_genericSTM32F103R\Release/core.a(vector_table.S.o)
                              (__stm32_vector_table)
C:\Users\Administrator\AppData\Local\Temp\VMBuilds\LoRa_Weather_StationV1.0.2.191115_beta_LiuJiaHui\stm32_genericSTM32F103R\Release/core.a(adc.c.o)
                              C:\Users\Administrator\AppData\Local\Temp\VMBCore\arduino16x\a36d8332b2c70548042317cbcde5bc0e\variant\boards.cpp.o (adc_set_sample_rate)
C:\Users\Administrator\AppData\Local\Temp\VMBuilds\LoRa_Weather_StationV1.0.2.191115_beta_LiuJiaHui\stm32_genericSTM32F103R\Release/core.a(adc_f1.c.o)
                              C:\Users\Administrator\AppData\Local\Temp\VMBCore\arduino16x\a36d8332b2c70548042317cbcde5bc0e\variant\board.cpp.o (adc1)
C:\Users\Administrator\AppData\Local\Temp\VMBuilds\LoRa_Weather_StationV1.0.2.191115_beta_LiuJiaHui\stm32_genericSTM32F103R\Release/core.a(bkp_f1.c.o)
                              LoRa_Weather_StationV1.0.2.191115_beta_LiuJiaHui.cpp.o (bkp_init)
C:\Users\Administrator\AppData\Local\Temp\VMBuilds\LoRa_Weather_StationV1.0.2.191115_beta_LiuJiaHui\stm32_genericSTM32F103R\Release/core.a(flash.c.o)
                              C:\Users\Administrator\AppData\Local\Temp\VMBCore\arduino16x\a36d8332b2c70548042317cbcde5bc0e\variant\boards.cpp.o (flash_set_latency)
C:\Users\Administrator\AppData\Local\Temp\VMBuilds\LoRa_Weather_StationV1.0.2.191115_beta_LiuJiaHui\stm32_genericSTM32F103R\Release/core.a(gpio_f1.c.o)
                              C:\Users\Administrator\AppData\Local\Temp\VMBCore\arduino16x\a36d8332b2c70548042317cbcde5bc0e\variant\board.cpp.o (gpioa)
C:\Users\Administrator\AppData\Local\Temp\VMBuilds\LoRa_Weather_StationV1.0.2.191115_beta_LiuJiaHui\stm32_genericSTM32F103R\Release/core.a(i2c.c.o)
                              Wire\Wire.cpp.o (i2c_master_enable)
C:\Users\Administrator\AppData\Local\Temp\VMBuilds\LoRa_Weather_StationV1.0.2.191115_beta_LiuJiaHui\stm32_genericSTM32F103R\Release/core.a(i2c_f1.c.o)
                              Wire\Wire.cpp.o (I2C1)
C:\Users\Administrator\AppData\Local\Temp\VMBuilds\LoRa_Weather_StationV1.0.2.191115_beta_LiuJiaHui\stm32_genericSTM32F103R\Release/core.a(nvic.c.o)
                              C:\Users\Administrator\AppData\Local\Temp\VMBuilds\LoRa_Weather_StationV1.0.2.191115_beta_LiuJiaHui\stm32_genericSTM32F103R\Release/core.a(i2c_f1.c.o) (nvic_irq_set_priority)
C:\Users\Administrator\AppData\Local\Temp\VMBuilds\LoRa_Weather_StationV1.0.2.191115_beta_LiuJiaHui\stm32_genericSTM32F103R\Release/core.a(pwr.c.o)
                              LoRa_Weather_StationV1.0.2.191115_beta_LiuJiaHui.cpp.o (PWR_WakeUpPinCmd)
C:\Users\Administrator\AppData\Local\Temp\VMBuilds\LoRa_Weather_StationV1.0.2.191115_beta_LiuJiaHui\stm32_genericSTM32F103R\Release/core.a(rcc.c.o)
                              C:\Users\Administrator\AppData\Local\Temp\VMBCore\arduino16x\a36d8332b2c70548042317cbcde5bc0e\variant\boards.cpp.o (rcc_switch_sysclk)
C:\Users\Administrator\AppData\Local\Temp\VMBuilds\LoRa_Weather_StationV1.0.2.191115_beta_LiuJiaHui\stm32_genericSTM32F103R\Release/core.a(rcc_f1.c.o)
                              C:\Users\Administrator\AppData\Local\Temp\VMBuilds\LoRa_Weather_StationV1.0.2.191115_beta_LiuJiaHui\stm32_genericSTM32F103R\Release/core.a(rcc.c.o) (rcc_dev_table)
C:\Users\Administrator\AppData\Local\Temp\VMBuilds\LoRa_Weather_StationV1.0.2.191115_beta_LiuJiaHui\stm32_genericSTM32F103R\Release/core.a(systick.c.o)
                              public.cpp.o (systick_uptime_millis)
C:\Users\Administrator\AppData\Local\Temp\VMBuilds\LoRa_Weather_StationV1.0.2.191115_beta_LiuJiaHui\stm32_genericSTM32F103R\Release/core.a(timer.c.o)
                              C:\Users\Administrator\AppData\Local\Temp\VMBCore\arduino16x\a36d8332b2c70548042317cbcde5bc0e\variant\board.cpp.o (timer1)
C:\Users\Administrator\AppData\Local\Temp\VMBuilds\LoRa_Weather_StationV1.0.2.191115_beta_LiuJiaHui\stm32_genericSTM32F103R\Release/core.a(usart_f1.c.o)
                              C:\Users\Administrator\AppData\Local\Temp\VMBCore\arduino16x\a36d8332b2c70548042317cbcde5bc0e\variant\board.cpp.o (USART1)
C:\Users\Administrator\AppData\Local\Temp\VMBuilds\LoRa_Weather_StationV1.0.2.191115_beta_LiuJiaHui\stm32_genericSTM32F103R\Release/core.a(usart_private.c.o)
[...]
Memory Configuration

Name             Origin             Length             Attributes
ram              0x20000000         0x0000c000         xrw
rom              0x08000000         0x00040000         xr
*default*        0x00000000         0xffffffff

Linker script and memory map

LOAD c:/users/administrator/appdata/local/arduino15/packages/arduino/tools/arm-none-eabi-gcc/4.8.3-2014q1/bin/../lib/gcc/arm-none-eabi/4.8.3/armv7-m/crti.o
LOAD c:/users/administrator/appdata/local/arduino15/packages/arduino/tools/arm-none-eabi-gcc/4.8.3-2014q1/bin/../lib/gcc/arm-none-eabi/4.8.3/armv7-m/crtbegin.o
LOAD c:/users/administrator/appdata/local/arduino15/packages/arduino/tools/arm-none-eabi-gcc/4.8.3-2014q1/bin/../lib/gcc/arm-none-eabi/4.8.3/../../../../arm-none-eabi/lib/armv7-m/crt0.o
LOAD c:/users/administrator/appdata/local/arduino15/packages/arduino/tools/arm-none-eabi-gcc/4.8.3-2014q1/bin/../lib/gcc/arm-none-eabi/4.8.3/armv7-m\libgcc.a
START GROUP
LOAD LoRa_Weather_StationV1.0.2.191115_beta_LiuJiaHui.cpp.o
LOAD User_Clock.c.o
LOAD AT24C1024.cpp.o
LOAD BCD_CON.cpp.o
LOAD data_transmit.cpp.o
LOAD EDB.cpp.o
LOAD GPSData.cpp.o
LOAD LoRa.cpp.o
LOAD memory.cpp.o
LOAD MODBUS_RTU_CRC16.cpp.o
LOAD Periph.cpp.o
LOAD private_delay.cpp.o
LOAD Private_RTC.cpp.o
LOAD Private_Sensor.cpp.o
LOAD public.cpp.o
LOAD SoftwareI2C.cpp.o
LOAD User_CRC8.cpp.o
LOAD RTClock\RTClock.cpp.o
LOAD RTClock\utility\rtc_util.c.o
LOAD Wire\SoftWire.cpp.o
LOAD Wire\Wire.cpp.o
LOAD Wire\WireBase.cpp.o
LOAD C:\Users\Administrator\AppData\Local\Temp\VMBCore\arduino16x\a36d8332b2c70548042317cbcde5bc0e\variant\board.cpp.o
LOAD C:\Users\Administrator\AppData\Local\Temp\VMBCore\arduino16x\a36d8332b2c70548042317cbcde5bc0e\variant\boards.cpp.o
LOAD C:\Users\Administrator\AppData\Local\Temp\VMBCore\arduino16x\a36d8332b2c70548042317cbcde5bc0e\variant\boards_setup.cpp.o
LOAD C:\Users\Administrator\AppData\Local\Temp\VMBCore\arduino16x\a36d8332b2c70548042317cbcde5bc0e\variant\start.S.o
LOAD C:\Users\Administrator\AppData\Local\Temp\VMBCore\arduino16x\a36d8332b2c70548042317cbcde5bc0e\variant\start_c.c.o
LOAD C:\Users\Administrator\AppData\Local\Temp\VMBCore\arduino16x\a36d8332b2c70548042317cbcde5bc0e\variant\syscalls.c.o
LOAD C:\Users\Administrator\AppData\Local\Temp\VMBuilds\LoRa_Weather_StationV1.0.2.191115_beta_LiuJiaHui\stm32_genericSTM32F103R\Release/core.a
END GROUP
LOAD c:/users/administrator/appdata/local/arduino15/packages/arduino/tools/arm-none-eabi-gcc/4.8.3-2014q1/bin/../lib/gcc/arm-none-eabi/4.8.3/../../../../arm-none-eabi/lib/armv7-m\libstdc++.a
LOAD c:/users/administrator/appdata/local/arduino15/packages/arduino/tools/arm-none-eabi-gcc/4.8.3-2014q1/bin/../lib/gcc/arm-none-eabi/4.8.3/../../../../arm-none-eabi/lib/armv7-m\libm.a
START GROUP
LOAD c:/users/administrator/appdata/local/arduino15/packages/arduino/tools/arm-none-eabi-gcc/4.8.3-2014q1/bin/../lib/gcc/arm-none-eabi/4.8.3/armv7-m\libgcc.a
LOAD c:/users/administrator/appdata/local/arduino15/packages/arduino/tools/arm-none-eabi-gcc/4.8.3-2014q1/bin/../lib/gcc/arm-none-eabi/4.8.3/../../../../arm-none-eabi/lib/armv7-m\libc.a
END GROUP
LOAD c:/users/administrator/appdata/local/arduino15/packages/arduino/tools/arm-none-eabi-gcc/4.8.3-2014q1/bin/../lib/gcc/arm-none-eabi/4.8.3/armv7-m/crtend.o
LOAD c:/users/administrator/appdata/local/arduino15/packages/arduino/tools/arm-none-eabi-gcc/4.8.3-2014q1/bin/../lib/gcc/arm-none-eabi/4.8.3/armv7-m/crtn.o
START GROUP
LOAD c:/users/administrator/appdata/local/arduino15/packages/arduino/tools/arm-none-eabi-gcc/4.8.3-2014q1/bin/../lib/gcc/arm-none-eabi/4.8.3/armv7-m\libgcc.a
LOAD c:/users/administrator/appdata/local/arduino15/packages/arduino/tools/arm-none-eabi-gcc/4.8.3-2014q1/bin/../lib/gcc/arm-none-eabi/4.8.3/../../../../arm-none-eabi/lib/armv7-m\libc.a
LOAD c:/users/administrator/appdata/local/arduino15/packages/arduino/tools/arm-none-eabi-gcc/4.8.3-2014q1/bin/../lib/gcc/arm-none-eabi/4.8.3/../../../../arm-none-eabi/lib/armv7-m\libm.a
END GROUP
START GROUP
LOAD c:/users/administrator/appdata/local/arduino15/packages/arduino/tools/arm-none-eabi-gcc/4.8.3-2014q1/bin/../lib/gcc/arm-none-eabi/4.8.3/../../../../arm-none-eabi/lib/armv7-m\libnosys.a
END GROUP
                0x2000c000                PROVIDE (__msp_init, (ORIGIN (ram) + 0xc000))
                0x0800509c                PROVIDE (__exc_reset, __start__)

.text           0x08000000    0x127b0
                0x08000000                __text_start__ = .
 *(.stm32.interrupt_vector)
 .stm32.interrupt_vector
                0x08000000      0x130 C:\Users\Administrator\AppData\Local\Temp\VMBuilds\LoRa_Weather_StationV1.0.2.191115_beta_LiuJiaHui\stm32_genericSTM32F103R\Release/core.a(vector_table.S.o)
                0x08000000                __stm32_vector_table
 *(.text .text.* .gnu.linkonce.t.*)
 .text          0x08000130       0x54 c:/users/administrator/appdata/local/arduino15/packages/arduino/tools/arm-none-eabi-gcc/4.8.3-2014q1/bin/../lib/gcc/arm-none-eabi/4.8.3/armv7-m/crtbegin.o
 .text._ZN13HardwareTimer15setChannel1ModeE10timer_mode
                0x08000184       0x20 LoRa_Weather_StationV1.0.2.191115_beta_LiuJiaHui.cpp.o
                0x08000184                HardwareTimer::setChannel1Mode(timer_mode)
 .text._ZN13HardwareTimer11setCompare1Et
                0x080001a4       0x20 LoRa_Weather_StationV1.0.2.191115_beta_LiuJiaHui.cpp.o
                0x080001a4                HardwareTimer::setCompare1(unsigned short)
 .text._ZN13HardwareTimer23attachCompare1InterruptEPFvvE
                0x080001c4       0x1c LoRa_Weather_StationV1.0.2.191115_beta_LiuJiaHui.cpp.o
                0x080001c4                HardwareTimer::attachCompare1Interrupt(void (*)())
 .text._ZN13HardwareTimer23detachCompare1InterruptEv
                0x080001e0       0x18 LoRa_Weather_StationV1.0.2.191115_beta_LiuJiaHui.cpp.o
                0x080001e0                HardwareTimer::detachCompare1Interrupt()
 .text._Z5setupv
                0x080001f8       0xcc LoRa_Weather_StationV1.0.2.191115_beta_LiuJiaHui.cpp.o
                0x080001f8                setup()
 .text._Z4loopv
                0x080002c4       0x28 LoRa_Weather_StationV1.0.2.191115_beta_LiuJiaHui.cpp.o
                0x080002c4                loop()
 .text._Z9SYS_Sleepv
                0x080002ec       0x50 LoRa_Weather_StationV1.0.2.191115_beta_LiuJiaHui.cpp.o
                0x080002ec                SYS_Sleep()
 .text._Z20Key_Clear_LoRa_Paramv
                0x0800033c       0x60 LoRa_Weather_StationV1.0.2.191115_beta_LiuJiaHui.cpp.o
                0x0800033c                Key_Clear_LoRa_Param()
 .text._Z13Time2_Handlerv
                0x0800039c       0x60 LoRa_Weather_StationV1.0.2.191115_beta_LiuJiaHui.cpp.o
                0x0800039c                Time2_Handler()
 .text.osal_ConvertUTCTime
                0x080003fc      0x244 User_Clock.c.o
                0x080003fc                osal_ConvertUTCTime
 .text.monthLength
                0x08000640       0x48 User_Clock.c.o
 .text._ZN11SoftwareI2C9availableEv
                0x08000688       0x1c AT24C1024.cpp.o
                0x08000688                SoftwareI2C::available()
 .text._Z8delay_msm
                0x080006a4       0x2c AT24C1024.cpp.o
                0x080006a4                delay_ms(unsigned long)
 .text._ZN9AT24C1024C2Ev
                0x080006d0       0x20 AT24C1024.cpp.o
                0x080006d0                AT24C1024::AT24C1024()
                0x080006d0                AT24C1024::AT24C1024()
 .text._ZN9AT24C10245writeEmh
                0x080006f0       0x5c AT24C1024.cpp.o
                0x080006f0                AT24C1024::write(unsigned long, unsigned char)
 .text._ZN9AT24C10244readEm
                0x0800074c       0x84 AT24C1024.cpp.o
                0x0800074c                AT24C1024::read(unsigned long)
 .text._Z41__static_initialization_and_destruction_0ii
                0x080007d0       0x2c AT24C1024.cpp.o
 .text._GLOBAL__sub_I_EP
                0x080007fc       0x10 AT24C1024.cpp.o
 .text._Z5ToBCDiPhS_S_
                0x0800080c       0xfc BCD_CON.cpp.o
                0x0800080c                ToBCD(int, unsigned char*, unsigned char*, unsigned char*)
 .text._Z7ASC2BCDPhPcj
                0x08000908       0xfc BCD_CON.cpp.o
                0x08000908                ASC2BCD(unsigned char*, char*, unsigned int)
 .text._Z7PackBCDPcfii
                0x08000a04      0x260 BCD_CON.cpp.o
                0x08000a04                PackBCD(char*, float, int, int)
 .text._Z35Send_Air_Muti_Sensor_Data_to_Serverv
                0x08000c64      0xb14 data_transmit.cpp.o
                0x08000c64                Send_Air_Muti_Sensor_Data_to_Server()
 .text._ZN3EDBC2EPFvmhEPFhmE
                0x08001778       0x28 EDB.cpp.o
                0x08001778                EDB::EDB(void (*)(unsigned long, unsigned char), unsigned char (*)(unsigned long))
                0x08001778                EDB::EDB(void (*)(unsigned long, unsigned char), unsigned char (*)(unsigned long))
 .text._ZNK6String6lengthEv
                0x080017a0       0x18 GPSData.cpp.o
                0x080017a0                String::length() const
 .text._ZN4LoRa16LoRa_GPIO_ConfigEv
                0x080017b8       0x48 LoRa.cpp.o
                0x080017b8                LoRa::LoRa_GPIO_Config()
 .text._ZN4LoRa8BaudRateEj
                0x08001800       0x1c LoRa.cpp.o
                0x08001800                LoRa::BaudRate(unsigned int)
 .text._ZN4LoRa4ModeE9LoRa_Mode
                0x0800181c       0x30 LoRa.cpp.o
                0x0800181c                LoRa::Mode(LoRa_Mode)
 .text._ZN4LoRa7IsResetEb
                0x0800184c       0x30 LoRa.cpp.o
                0x0800184c                LoRa::IsReset(bool)
 .text._ZN4LoRa13LoRa_ShutdownEv
                0x0800187c       0x48 LoRa.cpp.o
                0x0800187c                LoRa::LoRa_Shutdown()
 .text._ZN4LoRa12LoRa_RestartEv
                0x080018c4       0x30 LoRa.cpp.o
                0x080018c4                LoRa::LoRa_Restart()
 .text._ZN4LoRa20Detect_Error_ReceiptEPhS0_
                0x080018f4       0x60 LoRa.cpp.o
                0x080018f4                LoRa::Detect_Error_Receipt(unsigned char*, unsigned char*)
 .text._ZN4LoRa17Detect_OK_ReceiptEPhS0_
                0x08001954       0x44 LoRa.cpp.o
                0x08001954                LoRa::Detect_OK_Receipt(unsigned char*, unsigned char*)
 .text._ZN4LoRa12AT_Query_CmdEPcPhS1_
                0x08001998      0x188 LoRa.cpp.o
                0x08001998                LoRa::AT_Query_Cmd(char*, unsigned char*, unsigned char*)
 .text._ZN4LoRa13AT_Config_CmdEPcS0_Ph
                0x08001b20      0x234 LoRa.cpp.o
                0x08001b20                LoRa::AT_Config_Cmd(char*, char*, unsigned char*)
 .text._ZN4LoRa13Parse_CommandEPhhS0_PS0_
                0x08001d54       0xd8 LoRa.cpp.o
                0x08001d54                LoRa::Parse_Command(unsigned char*, unsigned char, unsigned char*, unsigned char**)
 .text._ZN4LoRa9Get_BytesEPhhS0_
                0x08001e2c       0xbc LoRa.cpp.o
                0x08001e2c                LoRa::Get_Bytes(unsigned char*, unsigned char, unsigned char*)
 .text._ZN4LoRa7Get_CSQEPhhS0_
                0x08001ee8       0x78 LoRa.cpp.o
                0x08001ee8                LoRa::Get_CSQ(unsigned char*, unsigned char, unsigned char*)
 .text._ZN4LoRa13String_to_HexEPhh
                0x08001f60       0xc0 LoRa.cpp.o
                0x08001f60                LoRa::String_to_Hex(unsigned char*, unsigned char)
 .text._ZN4LoRa7LoRa_ATEPhbPcS1_
                0x08002020       0xfc LoRa.cpp.o
                0x08002020                LoRa::LoRa_AT(unsigned char*, bool, char*, char*)
 .text._ZN4LoRa10Rewrite_IDEv
                0x0800211c      0x134 LoRa.cpp.o
                0x0800211c                LoRa::Rewrite_ID()
 .text._ZN4LoRa15Rewrite_GroupIDEv
                0x08002250       0xa0 LoRa.cpp.o
                0x08002250                LoRa::Rewrite_GroupID()
 .text._ZN4LoRa14Parameter_InitEv
                0x080022f0      0x348 LoRa.cpp.o
                0x080022f0                LoRa::Parameter_Init()
 .text._Z6writermh
                0x08002638       0x1c memory.cpp.o
                0x08002638                writer(unsigned long, unsigned char)
 .text._Z6readerm
                0x08002654       0x18 memory.cpp.o
                0x08002654                reader(unsigned long)
 .text._Z21Save_LoRa_Config_Flagv
                0x0800266c       0x34 memory.cpp.o
                0x0800266c                Save_LoRa_Config_Flag()
 .text._Z23Verify_LoRa_Config_Flagv
                0x080026a0       0x24 memory.cpp.o
                0x080026a0                Verify_LoRa_Config_Flag()
 .text._Z22Clear_LoRa_Config_Flagv
                0x080026c4       0x34 memory.cpp.o
                0x080026c4                Clear_LoRa_Config_Flag()
 .text._Z41__static_initialization_and_destruction_0ii
                0x080026f8       0x38 memory.cpp.o
 .text._GLOBAL__sub_I_EPMaxRecord
                0x08002730       0x10 memory.cpp.o
 .text._Z7N_CRC16Phj
                0x08002740       0x6c MODBUS_RTU_CRC16.cpp.o
                0x08002740                N_CRC16(unsigned char*, unsigned int)
 .text.afio_cfg_debug_ports
                0x080027ac       0x2c Periph.cpp.o
 .text._Z14Some_GPIO_Initv
                0x080027d8       0x88 Periph.cpp.o
                0x080027d8                Some_GPIO_Init()
 .text._Z15EP_Write_Enablev
                0x08002860       0x10 Periph.cpp.o
                0x08002860                EP_Write_Enable()
 .text._Z16EP_Write_Disablev
                0x08002870       0x10 Periph.cpp.o
                0x08002870                EP_Write_Disable()
 .text._Z15Get_Bat_Voltageh
                0x08002880      0x180 Periph.cpp.o
                0x08002880                Get_Bat_Voltage(unsigned char)
 .text._Z8Delay_msm
                0x08002a00       0x2c private_delay.cpp.o
                0x08002a00                Delay_ms(unsigned long)
 .text._Z41__static_initialization_and_destruction_0ii
                0x08002a2c       0x2c Private_RTC.cpp.o
 .text._GLOBAL__sub_I_RtcTime
                0x08002a58       0x10 Private_RTC.cpp.o
 .text._ZN15StringSumHelperC2ERK6String
                0x08002a68       0x20 Private_Sensor.cpp.o
                0x08002a68                StringSumHelper::StringSumHelper(String const&)
                0x08002a68                StringSumHelper::StringSumHelper(String const&)
 .text._ZN15StringSumHelperD2Ev
                0x08002a88       0x1c Private_Sensor.cpp.o
                0x08002a88                StringSumHelper::~StringSumHelper()
                0x08002a88                StringSumHelper::~StringSumHelper()
 .text._Z18Read_Cond_and_SaltPjS_h
                0x08002aa4      0x1d8 Private_Sensor.cpp.o
                0x08002aa4                Read_Cond_and_Salt(unsigned int*, unsigned int*, unsigned char)
 .text._Z17Read_CO2_and_TVOCPjS_h
                0x08002c7c      0x184 Private_Sensor.cpp.o
                0x08002c7c                Read_CO2_and_TVOC(unsigned int*, unsigned int*, unsigned char)
 .text._Z23Read_Soil_Temp_and_HumiPfPjPhh
                0x08002e00      0x210 Private_Sensor.cpp.o
                0x08002e00                Read_Soil_Temp_and_Humi(float*, unsigned int*, unsigned char*, unsigned char)
 .text._Z18Read_Temp_and_HumiPfPjPhh
                0x08003010      0x224 Private_Sensor.cpp.o
                0x08003010                Read_Temp_and_Humi(float*, unsigned int*, unsigned char*, unsigned char)
 .text._Z8Read_LuxPmh
                0x08003234      0x200 Private_Sensor.cpp.o
                0x08003234                Read_Lux(unsigned long*, unsigned char)
 .text._Z10Read_AtmosPmh
                0x08003434      0x1d4 Private_Sensor.cpp.o
                0x08003434                Read_Atmos(unsigned long*, unsigned char)
 .text._Z7Read_UVPjh
                0x08003608      0x1ec Private_Sensor.cpp.o
                0x08003608                Read_UV(unsigned int*, unsigned char)
 .text._Z15Read_Wind_SpeedPfj
                0x080037f4      0x154 Private_Sensor.cpp.o
                0x080037f4                Read_Wind_Speed(float*, unsigned int)
 .text._Z19Read_Wind_DirectionPjh
                0x08003948      0x148 Private_Sensor.cpp.o
                0x08003948                Read_Wind_Direction(unsigned int*, unsigned char)
 .text._Z16Data_Acquisitionv
                0x08003a90      0x3f0 Private_Sensor.cpp.o
                0x08003a90                Data_Acquisition()
 .text._ZN8TypeConv10Hex_To_DecEPh
                0x08003e80       0x50 public.cpp.o
                0x08003e80                TypeConv::Hex_To_Dec(unsigned char*)
 .text.systick_uptime
                0x08003ed0       0x18 SoftwareI2C.cpp.o
 .text.systick_get_count
                0x08003ee8       0x18 SoftwareI2C.cpp.o
 .text._ZL6millisv
                0x08003f00       0x10 SoftwareI2C.cpp.o
 .text._ZL6microsv
                0x08003f10       0x58 SoftwareI2C.cpp.o
 .text._ZN11SoftwareI2C5beginEii
                0x08003f68       0x5c SoftwareI2C.cpp.o
                0x08003f68                SoftwareI2C::begin(int, int)
 .text._ZN11SoftwareI2C6sdaSetEh
                0x08003fc4       0x40 SoftwareI2C.cpp.o
                0x08003fc4                SoftwareI2C::sdaSet(unsigned char)
 .text._ZN11SoftwareI2C6sclSetEh
                0x08004004       0x24 SoftwareI2C.cpp.o
                0x08004004                SoftwareI2C::sclSet(unsigned char)
 .text._ZN11SoftwareI2C6getAckEv
                0x08004028       0x78 SoftwareI2C.cpp.o
                0x08004028                SoftwareI2C::getAck()
 .text._ZN11SoftwareI2C9sendStartEv
                0x080040a0       0x2c SoftwareI2C.cpp.o
                0x080040a0                SoftwareI2C::sendStart()
 .text._ZN11SoftwareI2C8sendStopEv
                0x080040cc       0x48 SoftwareI2C.cpp.o
                0x080040cc                SoftwareI2C::sendStop()
 .text._ZN11SoftwareI2C8sendByteEh
                0x08004114       0x5c SoftwareI2C.cpp.o
                0x08004114                SoftwareI2C::sendByte(unsigned char)
 .text._ZN11SoftwareI2C11sendByteAckEh
                0x08004170       0x28 SoftwareI2C.cpp.o
                0x08004170                SoftwareI2C::sendByteAck(unsigned char)
 .text._ZN11SoftwareI2C17beginTransmissionEh
                0x08004198       0x30 SoftwareI2C.cpp.o
                0x08004198                SoftwareI2C::beginTransmission(unsigned char)
 .text._ZN11SoftwareI2C15endTransmissionEv
                0x080041c8       0x18 SoftwareI2C.cpp.o
                0x080041c8                SoftwareI2C::endTransmission()
 .text._ZN11SoftwareI2C5writeEh
                0x080041e0       0x20 SoftwareI2C.cpp.o
                0x080041e0                SoftwareI2C::write(unsigned char)
 .text._ZN11SoftwareI2C11requestFromEhh
                0x08004200       0x3c SoftwareI2C.cpp.o
                0x08004200                SoftwareI2C::requestFrom(unsigned char, unsigned char)
 .text._ZN11SoftwareI2C4readEv
                0x0800423c       0xfc SoftwareI2C.cpp.o
                0x0800423c                SoftwareI2C::read()
 .text._Z7GetCrc8Phi
                0x08004338       0x74 User_CRC8.cpp.o
                0x08004338                GetCrc8(unsigned char*, int)
 .text._ZN7RTClockC2E11rtc_clk_src
                0x080043ac       0x28 RTClock\RTClock.cpp.o
                0x080043ac                RTClock::RTClock(rtc_clk_src)
                0x080043ac                RTClock::RTClock(rtc_clk_src)
 .text._ZN7RTClockC2E11rtc_clk_srct
                0x080043d4       0xd8 RTClock\RTClock.cpp.o
                0x080043d4                RTClock::RTClock(rtc_clk_src, unsigned short)
                0x080043d4                RTClock::RTClock(rtc_clk_src, unsigned short)
 .text._ZN7RTClock7getTimeEv
                0x080044ac       0x18 RTClock\RTClock.cpp.o
                0x080044ac                RTClock::getTime()
 .text.bb_perip
                0x080044c4       0x24 RTClock\utility\rtc_util.c.o
 .text.bb_peri_get_bit
                0x080044e8       0x20 RTClock\utility\rtc_util.c.o
 .text.bb_peri_set_bit
                0x08004508       0x24 RTClock\utility\rtc_util.c.o
 .text.__bb_addr
                0x0800452c       0x2c RTClock\utility\rtc_util.c.o
 .text.rcc_start_lsi
                0x08004558       0x2c RTClock\utility\rtc_util.c.o
 .text.rcc_start_lse
                0x08004584       0x30 RTClock\utility\rtc_util.c.o
 .text.rcc_start_hse
                0x080045b4       0x1c RTClock\utility\rtc_util.c.o
 .text.rtc_wait_finished
                0x080045d0       0x24 RTClock\utility\rtc_util.c.o
 .text.rtc_clear_sync
                0x080045f4       0x24 RTClock\utility\rtc_util.c.o
 .text.rtc_wait_sync
                0x08004618       0x24 RTClock\utility\rtc_util.c.o
 .text.rtc_enter_config_mode
                0x0800463c       0x24 RTClock\utility\rtc_util.c.o
 .text.rtc_exit_config_mode
                0x08004660       0x24 RTClock\utility\rtc_util.c.o
 .text.rtc_init
                0x08004684       0xe0 RTClock\utility\rtc_util.c.o
                0x08004684                rtc_init
 .text.dispatch_multiple_rtc_irq
                0x08004764       0xa4 RTClock\utility\rtc_util.c.o
 .text.__irq_rtc
                0x08004808        0xc RTClock\utility\rtc_util.c.o
                0x08004808                __irq_rtc
 .text.__irq_rtcalarm
                0x08004814       0x34 RTClock\utility\rtc_util.c.o
                0x08004814                __irq_rtcalarm
 .text.rtc_get_count
                0x08004848       0x40 RTClock\utility\rtc_util.c.o
                0x08004848                rtc_get_count
 .text.rtc_set_prescaler_load
                0x08004888       0x44 RTClock\utility\rtc_util.c.o
                0x08004888                rtc_set_prescaler_load
 .text._ZN8WireBaseC2Ev
                0x080048cc       0x20 Wire\SoftWire.cpp.o
                0x080048cc                WireBase::WireBase()
                0x080048cc                WireBase::WireBase()
 .text._ZN8WireBaseD2Ev
                0x080048ec       0x20 Wire\SoftWire.cpp.o
                0x080048ec                WireBase::~WireBase()
                0x080048ec                WireBase::~WireBase()
 .text.i2c_disable
                0x0800490c       0x2c Wire\Wire.cpp.o
 .text._ZN8HardWire7processEh
                0x08004938       0x98 Wire\Wire.cpp.o
                0x08004938                HardWire::process(unsigned char)
 .text._ZN8HardWire7processEv
                0x080049d0       0x20 Wire\Wire.cpp.o
                0x080049d0                HardWire::process()
 .text._ZN8HardWireC2Ehh
                0x080049f0       0x5c Wire\Wire.cpp.o
                0x080049f0                HardWire::HardWire(unsigned char, unsigned char)
                0x080049f0                HardWire::HardWire(unsigned char, unsigned char)
 .text._ZN8HardWireD2Ev
                0x08004a4c       0x34 Wire\Wire.cpp.o
                0x08004a4c                HardWire::~HardWire()
                0x08004a4c                HardWire::~HardWire()
 .text._ZN8HardWire5beginEh
                0x08004a80       0x24 Wire\Wire.cpp.o
                0x08004a80                HardWire::begin(unsigned char)
 .text._Z41__static_initialization_and_destruction_0ii
                0x08004aa4       0x40 Wire\Wire.cpp.o
 .text._GLOBAL__sub_I__ZN8HardWire7processEh
                0x08004ae4       0x10 Wire\Wire.cpp.o
 .text._ZN8WireBase5beginEh
                0x08004af4       0x38 Wire\WireBase.cpp.o
                0x08004af4                WireBase::begin(unsigned char)
 .text._Z41__static_initialization_and_destruction_0ii
                0x08004b2c       0x98 C:\Users\Administrator\AppData\Local\Temp\VMBCore\arduino16x\a36d8332b2c70548042317cbcde5bc0e\variant\board.cpp.o
 .text._GLOBAL__sub_I_PIN_MAP
                0x08004bc4       0x10 C:\Users\Administrator\AppData\Local\Temp\VMBCore\arduino16x\a36d8332b2c70548042317cbcde5bc0e\variant\board.cpp.o
 .text.bb_perip
                0x08004bd4       0x24 C:\Users\Administrator\AppData\Local\Temp\VMBCore\arduino16x\a36d8332b2c70548042317cbcde5bc0e\variant\boards.cpp.o
 .text.__bb_addr
                0x08004bf8       0x2c C:\Users\Administrator\AppData\Local\Temp\VMBCore\arduino16x\a36d8332b2c70548042317cbcde5bc0e\variant\boards.cpp.o
 .text.rcc_disable_css
                0x08004c24       0x1c C:\Users\Administrator\AppData\Local\Temp\VMBCore\arduino16x\a36d8332b2c70548042317cbcde5bc0e\variant\boards.cpp.o
 .text.timer_pause
                0x08004c40       0x20 C:\Users\Administrator\AppData\Local\Temp\VMBCore\arduino16x\a36d8332b2c70548042317cbcde5bc0e\variant\boards.cpp.o
 .text.timer_resume
                0x08004c60       0x20 C:\Users\Administrator\AppData\Local\Temp\VMBCore\arduino16x\a36d8332b2c70548042317cbcde5bc0e\variant\boards.cpp.o
 .text.timer_set_reload
                0x08004c80       0x20 C:\Users\Administrator\AppData\Local\Temp\VMBCore\arduino16x\a36d8332b2c70548042317cbcde5bc0e\variant\boards.cpp.o
 .text.timer_set_compare
                0x08004ca0       0x38 C:\Users\Administrator\AppData\Local\Temp\VMBCore\arduino16x\a36d8332b2c70548042317cbcde5bc0e\variant\boards.cpp.o
 .text.timer_generate_update
                0x08004cd8       0x24 C:\Users\Administrator\AppData\Local\Temp\VMBCore\arduino16x\a36d8332b2c70548042317cbcde5bc0e\variant\boards.cpp.o
 .text.timer_oc_set_mode
                0x08004cfc       0x74 C:\Users\Administrator\AppData\Local\Temp\VMBCore\arduino16x\a36d8332b2c70548042317cbcde5bc0e\variant\boards.cpp.o
 .text.flash_enable_features
                0x08004d70       0x24 C:\Users\Administrator\AppData\Local\Temp\VMBCore\arduino16x\a36d8332b2c70548042317cbcde5bc0e\variant\boards.cpp.o
 .text._Z4initv
                0x08004d94       0x34 C:\Users\Administrator\AppData\Local\Temp\VMBCore\arduino16x\a36d8332b2c70548042317cbcde5bc0e\variant\boards.cpp.o
                0x08004d94                init()
 .text._Z9boardInitv
                0x08004dc8        0xc C:\Users\Administrator\AppData\Local\Temp\VMBCore\arduino16x\a36d8332b2c70548042317cbcde5bc0e\variant\boards.cpp.o
                0x08004dc8                boardInit()
 .text._ZL11setup_flashv
                0x08004dd4       0x14 C:\Users\Administrator\AppData\Local\Temp\VMBCore\arduino16x\a36d8332b2c70548042317cbcde5bc0e\variant\boards.cpp.o
 .text._ZL12setup_clocksv
                0x08004de8       0x80 C:\Users\Administrator\AppData\Local\Temp\VMBCore\arduino16x\a36d8332b2c70548042317cbcde5bc0e\variant\boards.cpp.o
 .text._ZL10setup_nvicv
                0x08004e68       0x10 C:\Users\Administrator\AppData\Local\Temp\VMBCore\arduino16x\a36d8332b2c70548042317cbcde5bc0e\variant\boards.cpp.o
 .text._ZL18adc_default_configP7adc_dev
                0x08004e78       0x24 C:\Users\Administrator\AppData\Local\Temp\VMBCore\arduino16x\a36d8332b2c70548042317cbcde5bc0e\variant\boards.cpp.o
 .text._ZL10setup_adcsv
                0x08004e9c       0x20 C:\Users\Administrator\AppData\Local\Temp\VMBCore\arduino16x\a36d8332b2c70548042317cbcde5bc0e\variant\boards.cpp.o
 .text._ZL20timer_default_configP9timer_dev
                0x08004ebc       0xc4 C:\Users\Administrator\AppData\Local\Temp\VMBCore\arduino16x\a36d8332b2c70548042317cbcde5bc0e\variant\boards.cpp.o
 .text._ZL12setup_timersv
                0x08004f80       0x10 C:\Users\Administrator\AppData\Local\Temp\VMBCore\arduino16x\a36d8332b2c70548042317cbcde5bc0e\variant\boards.cpp.o
 .text.gpio_write_bit
                0x08004f90       0x3c C:\Users\Administrator\AppData\Local\Temp\VMBCore\arduino16x\a36d8332b2c70548042317cbcde5bc0e\variant\boards_setup.cpp.o
 .text._ZN6wirish4priv15board_reset_pllEv
                0x08004fcc        0xc C:\Users\Administrator\AppData\Local\Temp\VMBCore\arduino16x\a36d8332b2c70548042317cbcde5bc0e\variant\boards_setup.cpp.o
                0x08004fcc                wirish::priv::board_reset_pll()
 .text._ZN6wirish4priv28board_setup_clock_prescalersEv
                0x08004fd8       0x30 C:\Users\Administrator\AppData\Local\Temp\VMBCore\arduino16x\a36d8332b2c70548042317cbcde5bc0e\variant\boards_setup.cpp.o
                0x08004fd8                wirish::priv::board_setup_clock_prescalers()
 .text._ZN6wirish4priv16board_setup_gpioEv
                0x08005008        0xc C:\Users\Administrator\AppData\Local\Temp\VMBCore\arduino16x\a36d8332b2c70548042317cbcde5bc0e\variant\boards_setup.cpp.o
                0x08005008                wirish::priv::board_setup_gpio()
 .text._ZN6wirish4priv15board_setup_usbEv
                0x08005014       0x7c C:\Users\Administrator\AppData\Local\Temp\VMBCore\arduino16x\a36d8332b2c70548042317cbcde5bc0e\variant\boards_setup.cpp.o
                0x08005014                wirish::priv::board_setup_usb()
 .text._ZN6wirish4priv11series_initEv
                0x08005090        0xc C:\Users\Administrator\AppData\Local\Temp\VMBCore\arduino16x\a36d8332b2c70548042317cbcde5bc0e\variant\boards_setup.cpp.o
                0x08005090                wirish::priv::series_init()
 .text          0x0800509c       0x10 C:\Users\Administrator\AppData\Local\Temp\VMBCore\arduino16x\a36d8332b2c70548042317cbcde5bc0e\variant\start.S.o
                0x0800509c                __start__
 .text.start_c  0x080050ac       0x88 C:\Users\Administrator\AppData\Local\Temp\VMBCore\arduino16x\a36d8332b2c70548042317cbcde5bc0e\variant\start_c.c.o
                0x080050ac                start_c
 .text._sbrk    0x08005134       0x70 C:\Users\Administrator\AppData\Local\Temp\VMBCore\arduino16x\a36d8332b2c70548042317cbcde5bc0e\variant\syscalls.c.o
                0x08005134                _sbrk
 .text._exit    0x080051a4        0xc C:\Users\Administrator\AppData\Local\Temp\VMBCore\arduino16x\a36d8332b2c70548042317cbcde5bc0e\variant\syscalls.c.o
                0x080051a4                _exit
 .text          0x080051b0       0x60 C:\Users\Administrator\AppData\Local\Temp\VMBuilds\LoRa_Weather_StationV1.0.2.191115_beta_LiuJiaHui\stm32_genericSTM32F103R\Release/core.a(exc.S.o)
                0x080051b0                __exc_nmi
                0x080051b4                __exc_hardfault
                0x080051b8                __exc_memmanage
                0x080051bc                __exc_busfault
                0x080051c0                __exc_usagefault
 .text          0x08005210        0x2 C:\Users\Administrator\AppData\Local\Temp\VMBuilds\LoRa_Weather_StationV1.0.2.191115_beta_LiuJiaHui\stm32_genericSTM32F103R\Release/core.a(isrs.S.o)
                0x08005210                __stm32reservedexception9
                0x08005210                __irq_dma1_channel3
                0x08005210                __irq_sdio
                0x08005210                __irq_fsmc
                0x08005210                __irq_dma1_channel6
                0x08005210                __exc_debug_monitor
                0x08005210                __irq_dma1_channel1
                0x08005210                __irq_dma2_channel2
                0x08005210                __exc_svc
                0x08005210                __irq_dma1_channel4
                0x08005210                __irq_dma1_channel7
                0x08005210                __irq_exti0
                0x08005210                __irq_can_rx1
                0x08005210                __irq_spi2
                0x08005210                __irq_can_sce
                0x08005210                __irq_exti2
                0x08005210                __irq_exti3
                0x08005210                __irq_exti9_5
                0x08005210                __irq_dma2_channel4_5
                0x08005210                __irq_pvd
                0x08005210                __irq_tamper
                0x08005210                __default_handler
                0x08005210                __irq_wwdg
                0x08005210                __stm32reservedexception10
                0x08005210                __irq_flash
                0x08005210                __irq_dma1_channel2
                0x08005210                __irq_dma1_channel5
                0x08005210                __stm32reservedexception13
                0x08005210                __irq_spi1
                0x08005210                __stm32reservedexception7
                0x08005210                __irq_usb_hp_can_tx
                0x08005210                __irq_exti15_10
                0x08005210                __irq_exti4
                0x08005210                __irq_dma2_channel3
                0x08005210                __irq_spi3
                0x08005210                __stm32reservedexception8
                0x08005210                __irq_dma2_channel1
                0x08005210                __exc_pendsv
                0x08005210                __irq_usbwakeup
                0x08005210                __irq_exti1
                0x08005210                __irq_rcc
 *fill*         0x08005212        0x2 
 .text.adc_set_reg_seqlen
                0x08005214       0x3c C:\Users\Administrator\AppData\Local\Temp\VMBuilds\LoRa_Weather_StationV1.0.2.191115_beta_LiuJiaHui\stm32_genericSTM32F103R\Release/core.a(adc.c.o)
 .text.adc_init
                0x08005250       0x24 C:\Users\Administrator\AppData\Local\Temp\VMBuilds\LoRa_Weather_StationV1.0.2.191115_beta_LiuJiaHui\stm32_genericSTM32F103R\Release/core.a(adc.c.o)
                0x08005250                adc_init
 .text.adc_set_extsel
                0x08005274       0x3c C:\Users\Administrator\AppData\Local\Temp\VMBuilds\LoRa_Weather_StationV1.0.2.191115_beta_LiuJiaHui\stm32_genericSTM32F103R\Release/core.a(adc.c.o)
                0x08005274                adc_set_extsel
 .text.adc_set_sample_rate
                0x080052b0       0x70 C:\Users\Administrator\AppData\Local\Temp\VMBuilds\LoRa_Weather_StationV1.0.2.191115_beta_LiuJiaHui\stm32_genericSTM32F103R\Release/core.a(adc.c.o)
                0x080052b0                adc_set_sample_rate
 .text.adc_read
                0x08005320       0x48 C:\Users\Administrator\AppData\Local\Temp\VMBuilds\LoRa_Weather_StationV1.0.2.191115_beta_LiuJiaHui\stm32_genericSTM32F103R\Release/core.a(adc.c.o)
                0x08005320                adc_read
 .text.bb_perip
                0x08005368       0x24 C:\Users\Administrator\AppData\Local\Temp\VMBuilds\LoRa_Weather_StationV1.0.2.191115_beta_LiuJiaHui\stm32_genericSTM32F103R\Release/core.a(adc_f1.c.o)
 .text.__bb_addr
                0x0800538c       0x2c C:\Users\Administrator\AppData\Local\Temp\VMBuilds\LoRa_Weather_StationV1.0.2.191115_beta_LiuJiaHui\stm32_genericSTM32F103R\Release/core.a(adc_f1.c.o)
 .text.adc_set_exttrig
                0x080053b8       0x30 C:\Users\Administrator\AppData\Local\Temp\VMBuilds\LoRa_Weather_StationV1.0.2.191115_beta_LiuJiaHui\stm32_genericSTM32F103R\Release/core.a(adc_f1.c.o)
 .text.adc_enable
                0x080053e8       0x24 C:\Users\Administrator\AppData\Local\Temp\VMBuilds\LoRa_Weather_StationV1.0.2.191115_beta_LiuJiaHui\stm32_genericSTM32F103R\Release/core.a(adc_f1.c.o)
 .text.__irq_adc
                0x0800540c       0xac C:\Users\Administrator\AppData\Local\Temp\VMBuilds\LoRa_Weather_StationV1.0.2.191115_beta_LiuJiaHui\stm32_genericSTM32F103R\Release/core.a(adc_f1.c.o)
                0x0800540c                __irq_adc
 .text.__irq_adc3
                0x080054b8       0xac C:\Users\Administrator\AppData\Local\Temp\VMBuilds\LoRa_Weather_StationV1.0.2.191115_beta_LiuJiaHui\stm32_genericSTM32F103R\Release/core.a(adc_f1.c.o)
                0x080054b8                __irq_adc3
 .text.adc_calibrate
                0x08005564       0x50 C:\Users\Administrator\AppData\Local\Temp\VMBuilds\LoRa_Weather_StationV1.0.2.191115_beta_LiuJiaHui\stm32_genericSTM32F103R\Release/core.a(adc_f1.c.o)
                0x08005564                adc_calibrate
 .text.adc_set_prescaler
                0x080055b4       0x1c C:\Users\Administrator\AppData\Local\Temp\VMBuilds\LoRa_Weather_StationV1.0.2.191115_beta_LiuJiaHui\stm32_genericSTM32F103R\Release/core.a(adc_f1.c.o)
                0x080055b4                adc_set_prescaler
 .text.adc_foreach
                0x080055d0       0x38 C:\Users\Administrator\AppData\Local\Temp\VMBuilds\LoRa_Weather_StationV1.0.2.191115_beta_LiuJiaHui\stm32_genericSTM32F103R\Release/core.a(adc_f1.c.o)
                0x080055d0                adc_foreach
 .text.adc_enable_single_swstart
                0x08005608       0x34 C:\Users\Administrator\AppData\Local\Temp\VMBuilds\LoRa_Weather_StationV1.0.2.191115_beta_LiuJiaHui\stm32_genericSTM32F103R\Release/core.a(adc_f1.c.o)
                0x08005608                adc_enable_single_swstart
 .text.bb_perip
                0x0800563c       0x24 C:\Users\Administrator\AppData\Local\Temp\VMBuilds\LoRa_Weather_StationV1.0.2.191115_beta_LiuJiaHui\stm32_genericSTM32F103R\Release/core.a(bkp_f1.c.o)
 .text.__bb_addr
                0x08005660       0x2c C:\Users\Administrator\AppData\Local\Temp\VMBuilds\LoRa_Weather_StationV1.0.2.191115_beta_LiuJiaHui\stm32_genericSTM32F103R\Release/core.a(bkp_f1.c.o)
 .text.bkp_init
                0x0800568c       0x18 C:\Users\Administrator\AppData\Local\Temp\VMBuilds\LoRa_Weather_StationV1.0.2.191115_beta_LiuJiaHui\stm32_genericSTM32F103R\Release/core.a(bkp_f1.c.o)
                0x0800568c                bkp_init
 .text.bkp_enable_writes
                0x080056a4       0x18 C:\Users\Administrator\AppData\Local\Temp\VMBuilds\LoRa_Weather_StationV1.0.2.191115_beta_LiuJiaHui\stm32_genericSTM32F103R\Release/core.a(bkp_f1.c.o)
                0x080056a4                bkp_enable_writes
 .text.flash_set_latency
                0x080056bc       0x34 C:\Users\Administrator\AppData\Local\Temp\VMBuilds\LoRa_Weather_StationV1.0.2.191115_beta_LiuJiaHui\stm32_genericSTM32F103R\Release/core.a(flash.c.o)
                0x080056bc                flash_set_latency
 .text.gpio_init_all
                0x080056f0       0x5c C:\Users\Administrator\AppData\Local\Temp\VMBuilds\LoRa_Weather_StationV1.0.2.191115_beta_LiuJiaHui\stm32_genericSTM32F103R\Release/core.a(gpio_f1.c.o)
                0x080056f0                gpio_init_all
 .text.gpio_set_mode
                0x0800574c       0xa0 C:\Users\Administrator\AppData\Local\Temp\VMBuilds\LoRa_Weather_StationV1.0.2.191115_beta_LiuJiaHui\stm32_genericSTM32F103R\Release/core.a(gpio_f1.c.o)
                0x0800574c                gpio_set_mode
 .text.afio_init
                0x080057ec       0x14 C:\Users\Administrator\AppData\Local\Temp\VMBuilds\LoRa_Weather_StationV1.0.2.191115_beta_LiuJiaHui\stm32_genericSTM32F103R\Release/core.a(gpio_f1.c.o)
                0x080057ec                afio_init
 .text.afio_remap
                0x08005800       0x40 C:\Users\Administrator\AppData\Local\Temp\VMBuilds\LoRa_Weather_StationV1.0.2.191115_beta_LiuJiaHui\stm32_genericSTM32F103R\Release/core.a(gpio_f1.c.o)
                0x08005800                afio_remap
 .text.nvic_irq_enable
                0x08005840       0x5c C:\Users\Administrator\AppData\Local\Temp\VMBuilds\LoRa_Weather_StationV1.0.2.191115_beta_LiuJiaHui\stm32_genericSTM32F103R\Release/core.a(i2c.c.o)
 .text.scl_port
                0x0800589c       0x28 C:\Users\Administrator\AppData\Local\Temp\VMBuilds\LoRa_Weather_StationV1.0.2.191115_beta_LiuJiaHui\stm32_genericSTM32F103R\Release/core.a(i2c.c.o)
 .text.sda_port
                0x080058c4       0x28 C:\Users\Administrator\AppData\Local\Temp\VMBuilds\LoRa_Weather_StationV1.0.2.191115_beta_LiuJiaHui\stm32_genericSTM32F103R\Release/core.a(i2c.c.o)
 .text.delay_us
                0x080058ec       0x2c C:\Users\Administrator\AppData\Local\Temp\VMBuilds\LoRa_Weather_StationV1.0.2.191115_beta_LiuJiaHui\stm32_genericSTM32F103R\Release/core.a(i2c.c.o)
 .text.gpio_write_bit
                0x08005918       0x3c C:\Users\Administrator\AppData\Local\Temp\VMBuilds\LoRa_Weather_StationV1.0.2.191115_beta_LiuJiaHui\stm32_genericSTM32F103R\Release/core.a(i2c.c.o)
 .text.gpio_read_bit
                0x08005954       0x28 C:\Users\Administrator\AppData\Local\Temp\VMBuilds\LoRa_Weather_StationV1.0.2.191115_beta_LiuJiaHui\stm32_genericSTM32F103R\Release/core.a(i2c.c.o)
 .text._i2c_bus_clk
                0x0800597c       0x18 C:\Users\Administrator\AppData\Local\Temp\VMBuilds\LoRa_Weather_StationV1.0.2.191115_beta_LiuJiaHui\stm32_genericSTM32F103R\Release/core.a(i2c.c.o)
 .text._i2c_handle_remap
                0x08005994       0x40 C:\Users\Administrator\AppData\Local\Temp\VMBuilds\LoRa_Weather_StationV1.0.2.191115_beta_LiuJiaHui\stm32_genericSTM32F103R\Release/core.a(i2c.c.o)
 .text.i2c_start_condition
                0x080059d4       0x38 C:\Users\Administrator\AppData\Local\Temp\VMBuilds\LoRa_Weather_StationV1.0.2.191115_beta_LiuJiaHui\stm32_genericSTM32F103R\Release/core.a(i2c.c.o)
 .text.i2c_stop_condition
                0x08005a0c       0x4c C:\Users\Administrator\AppData\Local\Temp\VMBuilds\LoRa_Weather_StationV1.0.2.191115_beta_LiuJiaHui\stm32_genericSTM32F103R\Release/core.a(i2c.c.o)
 .text.i2c_enable_irq
                0x08005a58       0x28 C:\Users\Administrator\AppData\Local\Temp\VMBuilds\LoRa_Weather_StationV1.0.2.191115_beta_LiuJiaHui\stm32_genericSTM32F103R\Release/core.a(i2c.c.o)
 .text.i2c_disable_irq
                0x08005a80       0x28 C:\Users\Administrator\AppData\Local\Temp\VMBuilds\LoRa_Weather_StationV1.0.2.191115_beta_LiuJiaHui\stm32_genericSTM32F103R\Release/core.a(i2c.c.o)
 .text.i2c_enable_ack
                0x08005aa8       0x24 C:\Users\Administrator\AppData\Local\Temp\VMBuilds\LoRa_Weather_StationV1.0.2.191115_beta_LiuJiaHui\stm32_genericSTM32F103R\Release/core.a(i2c.c.o)
 .text.i2c_disable_ack
                0x08005acc       0x24 C:\Users\Administrator\AppData\Local\Temp\VMBuilds\LoRa_Weather_StationV1.0.2.191115_beta_LiuJiaHui\stm32_genericSTM32F103R\Release/core.a(i2c.c.o)
 .text.i2c_peripheral_enable
                0x08005af0       0x24 C:\Users\Administrator\AppData\Local\Temp\VMBuilds\LoRa_Weather_StationV1.0.2.191115_beta_LiuJiaHui\stm32_genericSTM32F103R\Release/core.a(i2c.c.o)
 .text.i2c_write
                0x08005b14       0x20 C:\Users\Administrator\AppData\Local\Temp\VMBuilds\LoRa_Weather_StationV1.0.2.191115_beta_LiuJiaHui\stm32_genericSTM32F103R\Release/core.a(i2c.c.o)
 .text.i2c_set_input_clk
                0x08005b34       0x34 C:\Users\Administrator\AppData\Local\Temp\VMBuilds\LoRa_Weather_StationV1.0.2.191115_beta_LiuJiaHui\stm32_genericSTM32F103R\Release/core.a(i2c.c.o)
 .text.i2c_set_clk_control
                0x08005b68       0x38 C:\Users\Administrator\AppData\Local\Temp\VMBuilds\LoRa_Weather_StationV1.0.2.191115_beta_LiuJiaHui\stm32_genericSTM32F103R\Release/core.a(i2c.c.o)
 .text.i2c_set_trise
                0x08005ba0       0x1c C:\Users\Administrator\AppData\Local\Temp\VMBuilds\LoRa_Weather_StationV1.0.2.191115_beta_LiuJiaHui\stm32_genericSTM32F103R\Release/core.a(i2c.c.o)
 .text.systick_uptime
                0x08005bbc       0x18 C:\Users\Administrator\AppData\Local\Temp\VMBuilds\LoRa_Weather_StationV1.0.2.191115_beta_LiuJiaHui\stm32_genericSTM32F103R\Release/core.a(i2c.c.o)
 .text.i2c_send_slave_addr
                0x08005bd4       0x24 C:\Users\Administrator\AppData\Local\Temp\VMBuilds\LoRa_Weather_StationV1.0.2.191115_beta_LiuJiaHui\stm32_genericSTM32F103R\Release/core.a(i2c.c.o)
 .text.i2c_bus_reset
                0x08005bf8       0xf4 C:\Users\Administrator\AppData\Local\Temp\VMBuilds\LoRa_Weather_StationV1.0.2.191115_beta_LiuJiaHui\stm32_genericSTM32F103R\Release/core.a(i2c.c.o)
                0x08005bf8                i2c_bus_reset
 .text.i2c_init
                0x08005cec       0x28 C:\Users\Administrator\AppData\Local\Temp\VMBuilds\LoRa_Weather_StationV1.0.2.191115_beta_LiuJiaHui\stm32_genericSTM32F103R\Release/core.a(i2c.c.o)
                0x08005cec                i2c_init
 .text.i2c_master_enable
                0x08005d14       0x70 C:\Users\Administrator\AppData\Local\Temp\VMBuilds\LoRa_Weather_StationV1.0.2.191115_beta_LiuJiaHui\stm32_genericSTM32F103R\Release/core.a(i2c.c.o)
                0x08005d14                i2c_master_enable
 .text.i2c_master_xfer
                0x08005d84       0x64 C:\Users\Administrator\AppData\Local\Temp\VMBuilds\LoRa_Weather_StationV1.0.2.191115_beta_LiuJiaHui\stm32_genericSTM32F103R\Release/core.a(i2c.c.o)
                0x08005d84                i2c_master_xfer
 .text.wait_for_state_change
                0x08005de8       0x60 C:\Users\Administrator\AppData\Local\Temp\VMBuilds\LoRa_Weather_StationV1.0.2.191115_beta_LiuJiaHui\stm32_genericSTM32F103R\Release/core.a(i2c.c.o)
 .text._i2c_irq_handler
                0x08005e48      0x24c C:\Users\Administrator\AppData\Local\Temp\VMBuilds\LoRa_Weather_StationV1.0.2.191115_beta_LiuJiaHui\stm32_genericSTM32F103R\Release/core.a(i2c.c.o)
                0x08005e48                _i2c_irq_handler
 .text._i2c_irq_error_handler
                0x08006094       0x44 C:\Users\Administrator\AppData\Local\Temp\VMBuilds\LoRa_Weather_StationV1.0.2.191115_beta_LiuJiaHui\stm32_genericSTM32F103R\Release/core.a(i2c.c.o)
                0x08006094                _i2c_irq_error_handler
 .text.set_ccr_trise
                0x080060d8       0xdc C:\Users\Administrator\AppData\Local\Temp\VMBuilds\LoRa_Weather_StationV1.0.2.191115_beta_LiuJiaHui\stm32_genericSTM32F103R\Release/core.a(i2c.c.o)
 .text.scl_port
                0x080061b4       0x28 C:\Users\Administrator\AppData\Local\Temp\VMBuilds\LoRa_Weather_StationV1.0.2.191115_beta_LiuJiaHui\stm32_genericSTM32F103R\Release/core.a(i2c_f1.c.o)
 .text.sda_port
                0x080061dc       0x28 C:\Users\Administrator\AppData\Local\Temp\VMBuilds\LoRa_Weather_StationV1.0.2.191115_beta_LiuJiaHui\stm32_genericSTM32F103R\Release/core.a(i2c_f1.c.o)
 .text.gpio_write_bit
                0x08006204       0x3c C:\Users\Administrator\AppData\Local\Temp\VMBuilds\LoRa_Weather_StationV1.0.2.191115_beta_LiuJiaHui\stm32_genericSTM32F103R\Release/core.a(i2c_f1.c.o)
 .text.i2c1_wants_remap
                0x08006240       0x4c C:\Users\Administrator\AppData\Local\Temp\VMBuilds\LoRa_Weather_StationV1.0.2.191115_beta_LiuJiaHui\stm32_genericSTM32F103R\Release/core.a(i2c_f1.c.o)
 .text.i2c_config_gpios
                0x0800628c       0x4c C:\Users\Administrator\AppData\Local\Temp\VMBuilds\LoRa_Weather_StationV1.0.2.191115_beta_LiuJiaHui\stm32_genericSTM32F103R\Release/core.a(i2c_f1.c.o)
                0x0800628c                i2c_config_gpios
 .text.i2c_master_release_bus
                0x080062d8       0x68 C:\Users\Administrator\AppData\Local\Temp\VMBuilds\LoRa_Weather_StationV1.0.2.191115_beta_LiuJiaHui\stm32_genericSTM32F103R\Release/core.a(i2c_f1.c.o)
                0x080062d8                i2c_master_release_bus
 .text.__irq_i2c1_ev
                0x08006340       0x14 C:\Users\Administrator\AppData\Local\Temp\VMBuilds\LoRa_Weather_StationV1.0.2.191115_beta_LiuJiaHui\stm32_genericSTM32F103R\Release/core.a(i2c_f1.c.o)
                0x08006340                __irq_i2c1_ev
 .text.__irq_i2c2_ev
                0x08006354       0x14 C:\Users\Administrator\AppData\Local\Temp\VMBuilds\LoRa_Weather_StationV1.0.2.191115_beta_LiuJiaHui\stm32_genericSTM32F103R\Release/core.a(i2c_f1.c.o)
                0x08006354                __irq_i2c2_ev
 .text.__irq_i2c1_er
                0x08006368       0x14 C:\Users\Administrator\AppData\Local\Temp\VMBuilds\LoRa_Weather_StationV1.0.2.191115_beta_LiuJiaHui\stm32_genericSTM32F103R\Release/core.a(i2c_f1.c.o)
                0x08006368                __irq_i2c1_er
 .text.__irq_i2c2_er
                0x0800637c       0x14 C:\Users\Administrator\AppData\Local\Temp\VMBuilds\LoRa_Weather_StationV1.0.2.191115_beta_LiuJiaHui\stm32_genericSTM32F103R\Release/core.a(i2c_f1.c.o)
                0x0800637c                __irq_i2c2_er
 .text._i2c_irq_priority_fixup
                0x08006390       0x30 C:\Users\Administrator\AppData\Local\Temp\VMBuilds\LoRa_Weather_StationV1.0.2.191115_beta_LiuJiaHui\stm32_genericSTM32F103R\Release/core.a(i2c_f1.c.o)
                0x08006390                _i2c_irq_priority_fixup
 .text.nvic_irq_set_priority
                0x080063c0       0x50 C:\Users\Administrator\AppData\Local\Temp\VMBuilds\LoRa_Weather_StationV1.0.2.191115_beta_LiuJiaHui\stm32_genericSTM32F103R\Release/core.a(nvic.c.o)
                0x080063c0                nvic_irq_set_priority
 .text.nvic_init
                0x08006410       0x44 C:\Users\Administrator\AppData\Local\Temp\VMBuilds\LoRa_Weather_StationV1.0.2.191115_beta_LiuJiaHui\stm32_genericSTM32F103R\Release/core.a(nvic.c.o)
                0x08006410                nvic_init
 .text.nvic_set_vector_table
                0x08006454       0x2c C:\Users\Administrator\AppData\Local\Temp\VMBuilds\LoRa_Weather_StationV1.0.2.191115_beta_LiuJiaHui\stm32_genericSTM32F103R\Release/core.a(nvic.c.o)
                0x08006454                nvic_set_vector_table
 .text.nvic_sys_reset
                0x08006480       0x28 C:\Users\Administrator\AppData\Local\Temp\VMBuilds\LoRa_Weather_StationV1.0.2.191115_beta_LiuJiaHui\stm32_genericSTM32F103R\Release/core.a(nvic.c.o)
                0x08006480                nvic_sys_reset
 .text.__WFI    0x080064a8       0x10 C:\Users\Administrator\AppData\Local\Temp\VMBuilds\LoRa_Weather_StationV1.0.2.191115_beta_LiuJiaHui\stm32_genericSTM32F103R\Release/core.a(pwr.c.o)
 .text.PWR_WakeUpPinCmd
                0x080064b8       0x20 C:\Users\Administrator\AppData\Local\Temp\VMBuilds\LoRa_Weather_StationV1.0.2.191115_beta_LiuJiaHui\stm32_genericSTM32F103R\Release/core.a(pwr.c.o)
                0x080064b8                PWR_WakeUpPinCmd
 .text.PWR_EnterSTANDBYMode
                0x080064d8       0x38 C:\Users\Administrator\AppData\Local\Temp\VMBuilds\LoRa_Weather_StationV1.0.2.191115_beta_LiuJiaHui\stm32_genericSTM32F103R\Release/core.a(pwr.c.o)
                0x080064d8                PWR_EnterSTANDBYMode
 .text.PWR_ClearFlag
                0x08006510       0x24 C:\Users\Administrator\AppData\Local\Temp\VMBuilds\LoRa_Weather_StationV1.0.2.191115_beta_LiuJiaHui\stm32_genericSTM32F103R\Release/core.a(pwr.c.o)
                0x08006510                PWR_ClearFlag
 .text.rcc_dev_clk
                0x08006534       0x24 C:\Users\Administrator\AppData\Local\Temp\VMBuilds\LoRa_Weather_StationV1.0.2.191115_beta_LiuJiaHui\stm32_genericSTM32F103R\Release/core.a(rcc.c.o)
                0x08006534                rcc_dev_clk
 .text.rcc_switch_sysclk
                0x08006558       0x48 C:\Users\Administrator\AppData\Local\Temp\VMBuilds\LoRa_Weather_StationV1.0.2.191115_beta_LiuJiaHui\stm32_genericSTM32F103R\Release/core.a(rcc.c.o)
                0x08006558                rcc_switch_sysclk
 .text.rcc_clk_reg
                0x080065a0       0x24 C:\Users\Administrator\AppData\Local\Temp\VMBuilds\LoRa_Weather_StationV1.0.2.191115_beta_LiuJiaHui\stm32_genericSTM32F103R\Release/core.a(rcc.c.o)
 .text.rcc_clk_on_mask
                0x080065c4       0x20 C:\Users\Administrator\AppData\Local\Temp\VMBuilds\LoRa_Weather_StationV1.0.2.191115_beta_LiuJiaHui\stm32_genericSTM32F103R\Release/core.a(rcc.c.o)
 .text.rcc_clk_ready_mask
                0x080065e4       0x20 C:\Users\Administrator\AppData\Local\Temp\VMBuilds\LoRa_Weather_StationV1.0.2.191115_beta_LiuJiaHui\stm32_genericSTM32F103R\Release/core.a(rcc.c.o)
 .text.rcc_turn_on_clk
                0x08006604       0x2c C:\Users\Administrator\AppData\Local\Temp\VMBuilds\LoRa_Weather_StationV1.0.2.191115_beta_LiuJiaHui\stm32_genericSTM32F103R\Release/core.a(rcc.c.o)
                0x08006604                rcc_turn_on_clk
 .text.rcc_turn_off_clk
                0x08006630       0x2c C:\Users\Administrator\AppData\Local\Temp\VMBuilds\LoRa_Weather_StationV1.0.2.191115_beta_LiuJiaHui\stm32_genericSTM32F103R\Release/core.a(rcc.c.o)
                0x08006630                rcc_turn_off_clk
 .text.rcc_is_clk_on
                0x0800665c       0x34 C:\Users\Administrator\AppData\Local\Temp\VMBuilds\LoRa_Weather_StationV1.0.2.191115_beta_LiuJiaHui\stm32_genericSTM32F103R\Release/core.a(rcc.c.o)
                0x0800665c                rcc_is_clk_on
 .text.rcc_is_clk_ready
                0x08006690       0x2c C:\Users\Administrator\AppData\Local\Temp\VMBuilds\LoRa_Weather_StationV1.0.2.191115_beta_LiuJiaHui\stm32_genericSTM32F103R\Release/core.a(rcc.c.o)
                0x08006690                rcc_is_clk_ready
 .text.bb_perip
                0x080066bc       0x24 C:\Users\Administrator\AppData\Local\Temp\VMBuilds\LoRa_Weather_StationV1.0.2.191115_beta_LiuJiaHui\stm32_genericSTM32F103R\Release/core.a(rcc_f1.c.o)
 .text.bb_peri_set_bit
                0x080066e0       0x24 C:\Users\Administrator\AppData\Local\Temp\VMBuilds\LoRa_Weather_StationV1.0.2.191115_beta_LiuJiaHui\stm32_genericSTM32F103R\Release/core.a(rcc_f1.c.o)
 .text.__bb_addr
                0x08006704       0x2c C:\Users\Administrator\AppData\Local\Temp\VMBuilds\LoRa_Weather_StationV1.0.2.191115_beta_LiuJiaHui\stm32_genericSTM32F103R\Release/core.a(rcc_f1.c.o)
 .text.rcc_do_clk_enable
                0x08006730       0x44 C:\Users\Administrator\AppData\Local\Temp\VMBuilds\LoRa_Weather_StationV1.0.2.191115_beta_LiuJiaHui\stm32_genericSTM32F103R\Release/core.a(rcc_f1.c.o)
 .text.rcc_do_reset_dev
                0x08006774       0x50 C:\Users\Administrator\AppData\Local\Temp\VMBuilds\LoRa_Weather_StationV1.0.2.191115_beta_LiuJiaHui\stm32_genericSTM32F103R\Release/core.a(rcc_f1.c.o)
 .text.rcc_do_set_prescaler
                0x080067c4       0x44 C:\Users\Administrator\AppData\Local\Temp\VMBuilds\LoRa_Weather_StationV1.0.2.191115_beta_LiuJiaHui\stm32_genericSTM32F103R\Release/core.a(rcc_f1.c.o)
 .text.rcc_do_clk_disable
                0x08006808       0x44 C:\Users\Administrator\AppData\Local\Temp\VMBuilds\LoRa_Weather_StationV1.0.2.191115_beta_LiuJiaHui\stm32_genericSTM32F103R\Release/core.a(rcc_f1.c.o)
 .text.rcc_configure_pll
                0x0800684c       0x60 C:\Users\Administrator\AppData\Local\Temp\VMBuilds\LoRa_Weather_StationV1.0.2.191115_beta_LiuJiaHui\stm32_genericSTM32F103R\Release/core.a(rcc_f1.c.o)
                0x0800684c                rcc_configure_pll
 .text.rcc_clk_enable
                0x080068ac       0x20 C:\Users\Administrator\AppData\Local\Temp\VMBuilds\LoRa_Weather_StationV1.0.2.191115_beta_LiuJiaHui\stm32_genericSTM32F103R\Release/core.a(rcc_f1.c.o)
                0x080068ac                rcc_clk_enable
 .text.rcc_reset_dev
                0x080068cc       0x20 C:\Users\Administrator\AppData\Local\Temp\VMBuilds\LoRa_Weather_StationV1.0.2.191115_beta_LiuJiaHui\stm32_genericSTM32F103R\Release/core.a(rcc_f1.c.o)
                0x080068cc                rcc_reset_dev
 .text.rcc_set_prescaler
                0x080068ec       0x24 C:\Users\Administrator\AppData\Local\Temp\VMBuilds\LoRa_Weather_StationV1.0.2.191115_beta_LiuJiaHui\stm32_genericSTM32F103R\Release/core.a(rcc_f1.c.o)
                0x080068ec                rcc_set_prescaler
 .text.rcc_clk_disable
                0x08006910       0x20 C:\Users\Administrator\AppData\Local\Temp\VMBuilds\LoRa_Weather_StationV1.0.2.191115_beta_LiuJiaHui\stm32_genericSTM32F103R\Release/core.a(rcc_f1.c.o)
                0x08006910                rcc_clk_disable
 .text.systick_init
                0x08006930       0x1c C:\Users\Administrator\AppData\Local\Temp\VMBuilds\LoRa_Weather_StationV1.0.2.191115_beta_LiuJiaHui\stm32_genericSTM32F103R\Release/core.a(systick.c.o)
                0x08006930                systick_init
 .text.systick_enable
                0x0800694c       0x18 C:\Users\Administrator\AppData\Local\Temp\VMBuilds\LoRa_Weather_StationV1.0.2.191115_beta_LiuJiaHui\stm32_genericSTM32F103R\Release/core.a(systick.c.o)
                0x0800694c                systick_enable
 .text.__exc_systick
                0x08006964       0x28 C:\Users\Administrator\AppData\Local\Temp\VMBuilds\LoRa_Weather_StationV1.0.2.191115_beta_LiuJiaHui\stm32_genericSTM32F103R\Release/core.a(systick.c.o)
                0x08006964                __exc_systick
 .text.bb_perip
                0x0800698c       0x24 C:\Users\Administrator\AppData\Local\Temp\VMBuilds\LoRa_Weather_StationV1.0.2.191115_beta_LiuJiaHui\stm32_genericSTM32F103R\Release/core.a(timer.c.o)
 .text.__bb_addr
                0x080069b0       0x2c C:\Users\Administrator\AppData\Local\Temp\VMBuilds\LoRa_Weather_StationV1.0.2.191115_beta_LiuJiaHui\stm32_genericSTM32F103R\Release/core.a(timer.c.o)
 .text.nvic_irq_enable
                0x080069dc       0x5c C:\Users\Administrator\AppData\Local\Temp\VMBuilds\LoRa_Weather_StationV1.0.2.191115_beta_LiuJiaHui\stm32_genericSTM32F103R\Release/core.a(timer.c.o)
 .text.timer_resume
                0x08006a38       0x20 C:\Users\Administrator\AppData\Local\Temp\VMBuilds\LoRa_Weather_StationV1.0.2.191115_beta_LiuJiaHui\stm32_genericSTM32F103R\Release/core.a(timer.c.o)
 .text.timer_enable_irq
                0x08006a58       0x2c C:\Users\Administrator\AppData\Local\Temp\VMBuilds\LoRa_Weather_StationV1.0.2.191115_beta_LiuJiaHui\stm32_genericSTM32F103R\Release/core.a(timer.c.o)
 .text.timer_disable_irq
                0x08006a84       0x2c C:\Users\Administrator\AppData\Local\Temp\VMBuilds\LoRa_Weather_StationV1.0.2.191115_beta_LiuJiaHui\stm32_genericSTM32F103R\Release/core.a(timer.c.o)
 .text.timer_cc_enable
                0x08006ab0       0x30 C:\Users\Administrator\AppData\Local\Temp\VMBuilds\LoRa_Weather_StationV1.0.2.191115_beta_LiuJiaHui\stm32_genericSTM32F103R\Release/core.a(timer.c.o)
 .text.timer_cc_disable
                0x08006ae0       0x30 C:\Users\Administrator\AppData\Local\Temp\VMBuilds\LoRa_Weather_StationV1.0.2.191115_beta_LiuJiaHui\stm32_genericSTM32F103R\Release/core.a(timer.c.o)
 .text.timer_oc_set_mode
                0x08006b10       0x74 C:\Users\Administrator\AppData\Local\Temp\VMBuilds\LoRa_Weather_StationV1.0.2.191115_beta_LiuJiaHui\stm32_genericSTM32F103R\Release/core.a(timer.c.o)
 .text.timer_foreach
                0x08006b84       0x70 C:\Users\Administrator\AppData\Local\Temp\VMBuilds\LoRa_Weather_StationV1.0.2.191115_beta_LiuJiaHui\stm32_genericSTM32F103R\Release/core.a(timer.c.o)
                0x08006b84                timer_foreach
 .text.timer_init
                0x08006bf4       0x24 C:\Users\Administrator\AppData\Local\Temp\VMBuilds\LoRa_Weather_StationV1.0.2.191115_beta_LiuJiaHui\stm32_genericSTM32F103R\Release/core.a(timer.c.o)
                0x08006bf4                timer_init
 .text.timer_set_mode
                0x08006c18       0x90 C:\Users\Administrator\AppData\Local\Temp\VMBuilds\LoRa_Weather_StationV1.0.2.191115_beta_LiuJiaHui\stm32_genericSTM32F103R\Release/core.a(timer.c.o)
                0x08006c18                timer_set_mode
 .text.timer_has_cc_channel
                0x08006ca8       0x58 C:\Users\Administrator\AppData\Local\Temp\VMBuilds\LoRa_Weather_StationV1.0.2.191115_beta_LiuJiaHui\stm32_genericSTM32F103R\Release/core.a(timer.c.o)
                0x08006ca8                timer_has_cc_channel
 .text.timer_attach_interrupt
                0x08006d00       0x34 C:\Users\Administrator\AppData\Local\Temp\VMBuilds\LoRa_Weather_StationV1.0.2.191115_beta_LiuJiaHui\stm32_genericSTM32F103R\Release/core.a(timer.c.o)
                0x08006d00                timer_attach_interrupt
 .text.timer_detach_interrupt
                0x08006d34       0x28 C:\Users\Administrator\AppData\Local\Temp\VMBuilds\LoRa_Weather_StationV1.0.2.191115_beta_LiuJiaHui\stm32_genericSTM32F103R\Release/core.a(timer.c.o)
                0x08006d34                timer_detach_interrupt
 .text.disable_channel
                0x08006d5c       0x28 C:\Users\Administrator\AppData\Local\Temp\VMBuilds\LoRa_Weather_StationV1.0.2.191115_beta_LiuJiaHui\stm32_genericSTM32F103R\Release/core.a(timer.c.o)
 .text.pwm_mode
                0x08006d84       0x34 C:\Users\Administrator\AppData\Local\Temp\VMBuilds\LoRa_Weather_StationV1.0.2.191115_beta_LiuJiaHui\stm32_genericSTM32F103R\Release/core.a(timer.c.o)
 .text.output_compare_mode
                0x08006db8       0x2c C:\Users\Administrator\AppData\Local\Temp\VMBuilds\LoRa_Weather_StationV1.0.2.191115_beta_LiuJiaHui\stm32_genericSTM32F103R\Release/core.a(timer.c.o)
 .text.encoder_mode
                0x08006de4       0x2c C:\Users\Administrator\AppData\Local\Temp\VMBuilds\LoRa_Weather_StationV1.0.2.191115_beta_LiuJiaHui\stm32_genericSTM32F103R\Release/core.a(timer.c.o)
 .text.enable_irq
                0x08006e10       0x2c C:\Users\Administrator\AppData\Local\Temp\VMBuilds\LoRa_Weather_StationV1.0.2.191115_beta_LiuJiaHui\stm32_genericSTM32F103R\Release/core.a(timer.c.o)
 .text.enable_adv_irq
                0x08006e3c       0x9c C:\Users\Administrator\AppData\Local\Temp\VMBuilds\LoRa_Weather_StationV1.0.2.191115_beta_LiuJiaHui\stm32_genericSTM32F103R\Release/core.a(timer.c.o)
 .text.enable_bas_gen_irq
                0x08006ed8       0xbc C:\Users\Administrator\AppData\Local\Temp\VMBuilds\LoRa_Weather_StationV1.0.2.191115_beta_LiuJiaHui\stm32_genericSTM32F103R\Release/core.a(timer.c.o)
 .text.__irq_tim1_brk
                0x08006f94       0x5c C:\Users\Administrator\AppData\Local\Temp\VMBuilds\LoRa_Weather_StationV1.0.2.191115_beta_LiuJiaHui\stm32_genericSTM32F103R\Release/core.a(timer.c.o)
                0x08006f94                __irq_tim1_brk
 .text.__irq_tim1_up
                0x08006ff0       0x5c C:\Users\Administrator\AppData\Local\Temp\VMBuilds\LoRa_Weather_StationV1.0.2.191115_beta_LiuJiaHui\stm32_genericSTM32F103R\Release/core.a(timer.c.o)
                0x08006ff0                __irq_tim1_up
 .text.__irq_tim1_trg_com
                0x0800704c       0x84 C:\Users\Administrator\AppData\Local\Temp\VMBuilds\LoRa_Weather_StationV1.0.2.191115_beta_LiuJiaHui\stm32_genericSTM32F103R\Release/core.a(timer.c.o)
                0x0800704c                __irq_tim1_trg_com
 .text.__irq_tim1_cc
                0x080070d0       0xc8 C:\Users\Administrator\AppData\Local\Temp\VMBuilds\LoRa_Weather_StationV1.0.2.191115_beta_LiuJiaHui\stm32_genericSTM32F103R\Release/core.a(timer.c.o)
                0x080070d0                __irq_tim1_cc
 .text.__irq_tim2
                0x08007198      0x10c C:\Users\Administrator\AppData\Local\Temp\VMBuilds\LoRa_Weather_StationV1.0.2.191115_beta_LiuJiaHui\stm32_genericSTM32F103R\Release/core.a(timer.c.o)
                0x08007198                __irq_tim2
 .text.__irq_tim3
                0x080072a4      0x10c C:\Users\Administrator\AppData\Local\Temp\VMBuilds\LoRa_Weather_StationV1.0.2.191115_beta_LiuJiaHui\stm32_genericSTM32F103R\Release/core.a(timer.c.o)
                0x080072a4                __irq_tim3
 .text.__irq_tim4
                0x080073b0      0x10c C:\Users\Administrator\AppData\Local\Temp\VMBuilds\LoRa_Weather_StationV1.0.2.191115_beta_LiuJiaHui\stm32_genericSTM32F103R\Release/core.a(timer.c.o)
                0x080073b0                __irq_tim4
 .text.__irq_tim5
                0x080074bc      0x10c C:\Users\Administrator\AppData\Local\Temp\VMBuilds\LoRa_Weather_StationV1.0.2.191115_beta_LiuJiaHui\stm32_genericSTM32F103R\Release/core.a(timer.c.o)
                0x080074bc                __irq_tim5
 .text.__irq_tim6
                0x080075c8       0x5c C:\Users\Administrator\AppData\Local\Temp\VMBuilds\LoRa_Weather_StationV1.0.2.191115_beta_LiuJiaHui\stm32_genericSTM32F103R\Release/core.a(timer.c.o)
                0x080075c8                __irq_tim6
 .text.__irq_tim7
                0x08007624       0x5c C:\Users\Administrator\AppData\Local\Temp\VMBuilds\LoRa_Weather_StationV1.0.2.191115_beta_LiuJiaHui\stm32_genericSTM32F103R\Release/core.a(timer.c.o)
                0x08007624                __irq_tim7
 .text.__irq_tim8_brk
                0x08007680       0x5c C:\Users\Administrator\AppData\Local\Temp\VMBuilds\LoRa_Weather_StationV1.0.2.191115_beta_LiuJiaHui\stm32_genericSTM32F103R\Release/core.a(timer.c.o)
                0x08007680                __irq_tim8_brk
 .text.__irq_tim8_up
                0x080076dc       0x5c C:\Users\Administrator\AppData\Local\Temp\VMBuilds\LoRa_Weather_StationV1.0.2.191115_beta_LiuJiaHui\stm32_genericSTM32F103R\Release/core.a(timer.c.o)
                0x080076dc                __irq_tim8_up
 .text.__irq_tim8_trg_com
                0x08007738       0x84 C:\Users\Administrator\AppData\Local\Temp\VMBuilds\LoRa_Weather_StationV1.0.2.191115_beta_LiuJiaHui\stm32_genericSTM32F103R\Release/core.a(timer.c.o)
                0x08007738                __irq_tim8_trg_com
 .text.__irq_tim8_cc
                0x080077bc       0xc8 C:\Users\Administrator\AppData\Local\Temp\VMBuilds\LoRa_Weather_StationV1.0.2.191115_beta_LiuJiaHui\stm32_genericSTM32F103R\Release/core.a(timer.c.o)
                0x080077bc                __irq_tim8_cc
 .text.rb_is_full
                0x08007884       0x48 C:\Users\Administrator\AppData\Local\Temp\VMBuilds\LoRa_Weather_StationV1.0.2.191115_beta_LiuJiaHui\stm32_genericSTM32F103R\Release/core.a(usart_f1.c.o)
 .text.rb_is_empty
                0x080078cc       0x2c C:\Users\Administrator\AppData\Local\Temp\VMBuilds\LoRa_Weather_StationV1.0.2.191115_beta_LiuJiaHui\stm32_genericSTM32F103R\Release/core.a(usart_f1.c.o)
 .text.rb_insert
                0x080078f8       0x48 C:\Users\Administrator\AppData\Local\Temp\VMBuilds\LoRa_Weather_StationV1.0.2.191115_beta_LiuJiaHui\stm32_genericSTM32F103R\Release/core.a(usart_f1.c.o)
 .text.rb_remove
                0x08007940       0x48 C:\Users\Administrator\AppData\Local\Temp\VMBuilds\LoRa_Weather_StationV1.0.2.191115_beta_LiuJiaHui\stm32_genericSTM32F103R\Release/core.a(usart_f1.c.o)
 .text.rb_push_insert
                0x08007988       0x3c C:\Users\Administrator\AppData\Local\Temp\VMBuilds\LoRa_Weather_StationV1.0.2.191115_beta_LiuJiaHui\stm32_genericSTM32F103R\Release/core.a(usart_f1.c.o)
 .text.usart_config_gpios_async
                0x080079c4       0x68 C:\Users\Administrator\AppData\Local\Temp\VMBuilds\LoRa_Weather_StationV1.0.2.191115_beta_LiuJiaHui\stm32_genericSTM32F103R\Release/core.a(usart_f1.c.o)
                0x080079c4                usart_config_gpios_async
 .text.usart_set_baud_rate
                0x08007a2c       0x7c C:\Users\Administrator\AppData\Local\Temp\VMBuilds\LoRa_Weather_StationV1.0.2.191115_beta_LiuJiaHui\stm32_genericSTM32F103R\Release/core.a(usart_f1.c.o)
                0x08007a2c                usart_set_baud_rate
 .text.__irq_usart1
                0x08007aa8       0x8c C:\Users\Administrator\AppData\Local\Temp\VMBuilds\LoRa_Weather_StationV1.0.2.191115_beta_LiuJiaHui\stm32_genericSTM32F103R\Release/core.a(usart_f1.c.o)
                0x08007aa8                __irq_usart1
 .text.__irq_usart2
                0x08007b34       0x8c C:\Users\Administrator\AppData\Local\Temp\VMBuilds\LoRa_Weather_StationV1.0.2.191115_beta_LiuJiaHui\stm32_genericSTM32F103R\Release/core.a(usart_f1.c.o)
                0x08007b34                __irq_usart2
 .text.__irq_usart3
                0x08007bc0       0x8c C:\Users\Administrator\AppData\Local\Temp\VMBuilds\LoRa_Weather_StationV1.0.2.191115_beta_LiuJiaHui\stm32_genericSTM32F103R\Release/core.a(usart_f1.c.o)
                0x08007bc0                __irq_usart3
 .text.__irq_uart4
                0x08007c4c       0x8c C:\Users\Administrator\AppData\Local\Temp\VMBuilds\LoRa_Weather_StationV1.0.2.191115_beta_LiuJiaHui\stm32_genericSTM32F103R\Release/core.a(usart_f1.c.o)
                0x08007c4c                __irq_uart4
 .text.__irq_uart5
                0x08007cd8       0x8c C:\Users\Administrator\AppData\Local\Temp\VMBuilds\LoRa_Weather_StationV1.0.2.191115_beta_LiuJiaHui\stm32_genericSTM32F103R\Release/core.a(usart_f1.c.o)
                0x08007cd8                __irq_uart5
 .text._usart_clock_freq
                0x08007d64       0x40 C:\Users\Administrator\AppData\Local\Temp\VMBuilds\LoRa_Weather_StationV1.0.2.191115_beta_LiuJiaHui\stm32_genericSTM32F103R\Release/core.a(usart_private.c.o)
                0x08007d64                _usart_clock_freq
 .text.usart_putc
                0x08007da4       0x28 C:\Users\Administrator\AppData\Local\Temp\VMBuilds\LoRa_Weather_StationV1.0.2.191115_beta_LiuJiaHui\stm32_genericSTM32F103R\Release/core.a(util.c.o)
 .text.usart_putstr
                0x08007dcc       0x38 C:\Users\Administrator\AppData\Local\Temp\VMBuilds\LoRa_Weather_StationV1.0.2.191115_beta_LiuJiaHui\stm32_genericSTM32F103R\Release/core.a(util.c.o)
 .text.gpio_write_bit
                0x08007e04       0x3c C:\Users\Administrator\AppData\Local\Temp\VMBuilds\LoRa_Weather_StationV1.0.2.191115_beta_LiuJiaHui\stm32_genericSTM32F103R\Release/core.a(util.c.o)
 .text.__error  0x08007e40       0x18 C:\Users\Administrator\AppData\Local\Temp\VMBuilds\LoRa_Weather_StationV1.0.2.191115_beta_LiuJiaHui\stm32_genericSTM32F103R\Release/core.a(util.c.o)
                0x08007e40                __error
 .text._fail    0x08007e58       0x70 C:\Users\Administrator\AppData\Local\Temp\VMBuilds\LoRa_Weather_StationV1.0.2.191115_beta_LiuJiaHui\stm32_genericSTM32F103R\Release/core.a(util.c.o)
                0x08007e58                _fail
 .text.throb    0x08007ec8       0x88 C:\Users\Administrator\AppData\Local\Temp\VMBuilds\LoRa_Weather_StationV1.0.2.191115_beta_LiuJiaHui\stm32_genericSTM32F103R\Release/core.a(util.c.o)
                0x08007ec8                throb
 .text.__cxa_pure_virtual
                0x08007f50        0x8 C:\Users\Administrator\AppData\Local\Temp\VMBuilds\LoRa_Weather_StationV1.0.2.191115_beta_LiuJiaHui\stm32_genericSTM32F103R\Release/core.a(cxxabi-compat.cpp.o)
                0x08007f50                __cxa_pure_virtual
 .text._ZN5PrintC2Ev
                0x08007f58       0x28 C:\Users\Administrator\AppData\Local\Temp\VMBuilds\LoRa_Weather_StationV1.0.2.191115_beta_LiuJiaHui\stm32_genericSTM32F103R\Release/core.a(HardwareSerial.cpp.o)
                0x08007f58                Print::Print()
                0x08007f58                Print::Print()
 .text._ZN6StreamC2Ev
                0x08007f80       0x2c C:\Users\Administrator\AppData\Local\Temp\VMBuilds\LoRa_Weather_StationV1.0.2.191115_beta_LiuJiaHui\stm32_genericSTM32F103R\Release/core.a(HardwareSerial.cpp.o)
                0x08007f80                Stream::Stream()
                0x08007f80                Stream::Stream()
 .text.rb_full_count
                0x08007fac       0x58 C:\Users\Administrator\AppData\Local\Temp\VMBuilds\LoRa_Weather_StationV1.0.2.191115_beta_LiuJiaHui\stm32_genericSTM32F103R\Release/core.a(HardwareSerial.cpp.o)
 .text.rb_is_empty
                0x08008004       0x2c C:\Users\Administrator\AppData\Local\Temp\VMBuilds\LoRa_Weather_StationV1.0.2.191115_beta_LiuJiaHui\stm32_genericSTM32F103R\Release/core.a(HardwareSerial.cpp.o)
 .text.rb_remove
                0x08008030       0x48 C:\Users\Administrator\AppData\Local\Temp\VMBuilds\LoRa_Weather_StationV1.0.2.191115_beta_LiuJiaHui\stm32_genericSTM32F103R\Release/core.a(HardwareSerial.cpp.o)
 .text.rb_peek  0x08008078       0x44 C:\Users\Administrator\AppData\Local\Temp\VMBuilds\LoRa_Weather_StationV1.0.2.191115_beta_LiuJiaHui\stm32_genericSTM32F103R\Release/core.a(HardwareSerial.cpp.o)
 .text.usart_putc
                0x080080bc       0x30 C:\Users\Administrator\AppData\Local\Temp\VMBuilds\LoRa_Weather_StationV1.0.2.191115_beta_LiuJiaHui\stm32_genericSTM32F103R\Release/core.a(HardwareSerial.cpp.o)
 .text.usart_getc
                0x080080ec       0x1c C:\Users\Administrator\AppData\Local\Temp\VMBuilds\LoRa_Weather_StationV1.0.2.191115_beta_LiuJiaHui\stm32_genericSTM32F103R\Release/core.a(HardwareSerial.cpp.o)
 .text.usart_peek
                0x08008108       0x1c C:\Users\Administrator\AppData\Local\Temp\VMBuilds\LoRa_Weather_StationV1.0.2.191115_beta_LiuJiaHui\stm32_genericSTM32F103R\Release/core.a(HardwareSerial.cpp.o)
 .text.usart_data_available
                0x08008124       0x1c C:\Users\Administrator\AppData\Local\Temp\VMBuilds\LoRa_Weather_StationV1.0.2.191115_beta_LiuJiaHui\stm32_genericSTM32F103R\Release/core.a(HardwareSerial.cpp.o)
 .text._ZN14HardwareSerialC2EP9usart_devhh
                0x08008140       0x3c C:\Users\Administrator\AppData\Local\Temp\VMBuilds\LoRa_Weather_StationV1.0.2.191115_beta_LiuJiaHui\stm32_genericSTM32F103R\Release/core.a(HardwareSerial.cpp.o)
                0x08008140                HardwareSerial::HardwareSerial(usart_dev*, unsigned char, unsigned char)
                0x08008140                HardwareSerial::HardwareSerial(usart_dev*, unsigned char, unsigned char)
 .text._ZL26disable_timer_if_necessaryP9timer_devh
                0x0800817c       0x24 C:\Users\Administrator\AppData\Local\Temp\VMBuilds\LoRa_Weather_StationV1.0.2.191115_beta_LiuJiaHui\stm32_genericSTM32F103R\Release/core.a(HardwareSerial.cpp.o)
 .text._ZN14HardwareSerial5beginEm
                0x080081a0       0x1c C:\Users\Administrator\AppData\Local\Temp\VMBuilds\LoRa_Weather_StationV1.0.2.191115_beta_LiuJiaHui\stm32_genericSTM32F103R\Release/core.a(HardwareSerial.cpp.o)
                0x080081a0                HardwareSerial::begin(unsigned long)
 .text._ZN14HardwareSerial5beginEmh
                0x080081bc       0x90 C:\Users\Administrator\AppData\Local\Temp\VMBuilds\LoRa_Weather_StationV1.0.2.191115_beta_LiuJiaHui\stm32_genericSTM32F103R\Release/core.a(HardwareSerial.cpp.o)
                0x080081bc                HardwareSerial::begin(unsigned long, unsigned char)
 .text._ZN14HardwareSerial3endEv
                0x0800824c       0x18 C:\Users\Administrator\AppData\Local\Temp\VMBuilds\LoRa_Weather_StationV1.0.2.191115_beta_LiuJiaHui\stm32_genericSTM32F103R\Release/core.a(HardwareSerial.cpp.o)
                0x0800824c                HardwareSerial::end()
 .text._ZN14HardwareSerial4readEv
                0x08008264       0x3c C:\Users\Administrator\AppData\Local\Temp\VMBuilds\LoRa_Weather_StationV1.0.2.191115_beta_LiuJiaHui\stm32_genericSTM32F103R\Release/core.a(HardwareSerial.cpp.o)
                0x08008264                HardwareSerial::read()
 .text._ZN14HardwareSerial9availableEv
                0x080082a0       0x1c C:\Users\Administrator\AppData\Local\Temp\VMBuilds\LoRa_Weather_StationV1.0.2.191115_beta_LiuJiaHui\stm32_genericSTM32F103R\Release/core.a(HardwareSerial.cpp.o)
                0x080082a0                HardwareSerial::available()
 .text._ZN14HardwareSerial4peekEv
                0x080082bc       0x1c C:\Users\Administrator\AppData\Local\Temp\VMBuilds\LoRa_Weather_StationV1.0.2.191115_beta_LiuJiaHui\stm32_genericSTM32F103R\Release/core.a(HardwareSerial.cpp.o)
                0x080082bc                HardwareSerial::peek()
 .text._ZN14HardwareSerial5writeEh
                0x080082d8       0x24 C:\Users\Administrator\AppData\Local\Temp\VMBuilds\LoRa_Weather_StationV1.0.2.191115_beta_LiuJiaHui\stm32_genericSTM32F103R\Release/core.a(HardwareSerial.cpp.o)
                0x080082d8                HardwareSerial::write(unsigned char)
 .text._ZN14HardwareSerial5flushEv
                0x080082fc       0x48 C:\Users\Administrator\AppData\Local\Temp\VMBuilds\LoRa_Weather_StationV1.0.2.191115_beta_LiuJiaHui\stm32_genericSTM32F103R\Release/core.a(HardwareSerial.cpp.o)
                0x080082fc                HardwareSerial::flush()
 .text.timer_set_prescaler
                0x08008344       0x20 C:\Users\Administrator\AppData\Local\Temp\VMBuilds\LoRa_Weather_StationV1.0.2.191115_beta_LiuJiaHui\stm32_genericSTM32F103R\Release/core.a(HardwareTimer.cpp.o)
 .text.timer_get_reload
                0x08008364       0x1c C:\Users\Administrator\AppData\Local\Temp\VMBuilds\LoRa_Weather_StationV1.0.2.191115_beta_LiuJiaHui\stm32_genericSTM32F103R\Release/core.a(HardwareTimer.cpp.o)
 .text.timer_set_reload
                0x08008380       0x20 C:\Users\Administrator\AppData\Local\Temp\VMBuilds\LoRa_Weather_StationV1.0.2.191115_beta_LiuJiaHui\stm32_genericSTM32F103R\Release/core.a(HardwareTimer.cpp.o)
 .text.timer_set_compare
                0x080083a0       0x38 C:\Users\Administrator\AppData\Local\Temp\VMBuilds\LoRa_Weather_StationV1.0.2.191115_beta_LiuJiaHui\stm32_genericSTM32F103R\Release/core.a(HardwareTimer.cpp.o)
 .text.set_this_dev
                0x080083d8       0x30 C:\Users\Administrator\AppData\Local\Temp\VMBuilds\LoRa_Weather_StationV1.0.2.191115_beta_LiuJiaHui\stm32_genericSTM32F103R\Release/core.a(HardwareTimer.cpp.o)
 .text._ZN13HardwareTimerC2Eh
                0x08008408       0x44 C:\Users\Administrator\AppData\Local\Temp\VMBuilds\LoRa_Weather_StationV1.0.2.191115_beta_LiuJiaHui\stm32_genericSTM32F103R\Release/core.a(HardwareTimer.cpp.o)
                0x08008408                HardwareTimer::HardwareTimer(unsigned char)
                0x08008408                HardwareTimer::HardwareTimer(unsigned char)
 .text._ZN13HardwareTimer17setPrescaleFactorEm
                0x0800844c       0x24 C:\Users\Administrator\AppData\Local\Temp\VMBuilds\LoRa_Weather_StationV1.0.2.191115_beta_LiuJiaHui\stm32_genericSTM32F103R\Release/core.a(HardwareTimer.cpp.o)
                0x0800844c                HardwareTimer::setPrescaleFactor(unsigned long)
 .text._ZN13HardwareTimer11getOverflowEv
                0x08008470       0x1c C:\Users\Administrator\AppData\Local\Temp\VMBuilds\LoRa_Weather_StationV1.0.2.191115_beta_LiuJiaHui\stm32_genericSTM32F103R\Release/core.a(HardwareTimer.cpp.o)
                0x08008470                HardwareTimer::getOverflow()
 .text._ZN13HardwareTimer11setOverflowEt
                0x0800848c       0x20 C:\Users\Administrator\AppData\Local\Temp\VMBuilds\LoRa_Weather_StationV1.0.2.191115_beta_LiuJiaHui\stm32_genericSTM32F103R\Release/core.a(HardwareTimer.cpp.o)
                0x0800848c                HardwareTimer::setOverflow(unsigned short)
 .text._ZN13HardwareTimer9setPeriodEm
                0x080084ac       0x7c C:\Users\Administrator\AppData\Local\Temp\VMBuilds\LoRa_Weather_StationV1.0.2.191115_beta_LiuJiaHui\stm32_genericSTM32F103R\Release/core.a(HardwareTimer.cpp.o)
                0x080084ac                HardwareTimer::setPeriod(unsigned long)
 .text._ZN13HardwareTimer7setModeEi10timer_mode
                0x08008528       0x28 C:\Users\Administrator\AppData\Local\Temp\VMBuilds\LoRa_Weather_StationV1.0.2.191115_beta_LiuJiaHui\stm32_genericSTM32F103R\Release/core.a(HardwareTimer.cpp.o)
                0x08008528                HardwareTimer::setMode(int, timer_mode)
 .text._ZN13HardwareTimer10setCompareEit
                0x08008550       0x40 C:\Users\Administrator\AppData\Local\Temp\VMBuilds\LoRa_Weather_StationV1.0.2.191115_beta_LiuJiaHui\stm32_genericSTM32F103R\Release/core.a(HardwareTimer.cpp.o)
                0x08008550                HardwareTimer::setCompare(int, unsigned short)
 .text._ZN13HardwareTimer15attachInterruptEiPFvvE
                0x08008590       0x24 C:\Users\Administrator\AppData\Local\Temp\VMBuilds\LoRa_Weather_StationV1.0.2.191115_beta_LiuJiaHui\stm32_genericSTM32F103R\Release/core.a(HardwareTimer.cpp.o)
                0x08008590                HardwareTimer::attachInterrupt(int, void (*)())
 .text._ZN13HardwareTimer15detachInterruptEi
                0x080085b4       0x20 C:\Users\Administrator\AppData\Local\Temp\VMBuilds\LoRa_Weather_StationV1.0.2.191115_beta_LiuJiaHui\stm32_genericSTM32F103R\Release/core.a(HardwareTimer.cpp.o)
                0x080085b4                HardwareTimer::detachInterrupt(int)
 .text._Z41__static_initialization_and_destruction_0ii
                0x080085d4       0x80 C:\Users\Administrator\AppData\Local\Temp\VMBuilds\LoRa_Weather_StationV1.0.2.191115_beta_LiuJiaHui\stm32_genericSTM32F103R\Release/core.a(HardwareTimer.cpp.o)
 .text._GLOBAL__sub_I__ZN13HardwareTimerC2Eh
                0x08008654       0x10 C:\Users\Administrator\AppData\Local\Temp\VMBuilds\LoRa_Weather_StationV1.0.2.191115_beta_LiuJiaHui\stm32_genericSTM32F103R\Release/core.a(HardwareTimer.cpp.o)
 .text._Z7premainv
                0x08008664        0xc C:\Users\Administrator\AppData\Local\Temp\VMBuilds\LoRa_Weather_StationV1.0.2.191115_beta_LiuJiaHui\stm32_genericSTM32F103R\Release/core.a(main.cpp.o)
                0x08008664                premain()
 .text.main     0x08008670       0x10 C:\Users\Administrator\AppData\Local\Temp\VMBuilds\LoRa_Weather_StationV1.0.2.191115_beta_LiuJiaHui\stm32_genericSTM32F103R\Release/core.a(main.cpp.o)
                0x08008670                main
 .text._ZNK6String5c_strEv
                0x08008680       0x18 C:\Users\Administrator\AppData\Local\Temp\VMBuilds\LoRa_Weather_StationV1.0.2.191115_beta_LiuJiaHui\stm32_genericSTM32F103R\Release/core.a(Print.cpp.o)
                0x08008680                String::c_str() const
 .text._ZN5Print5writeEPKc
                0x08008698       0x3c C:\Users\Administrator\AppData\Local\Temp\VMBuilds\LoRa_Weather_StationV1.0.2.191115_beta_LiuJiaHui\stm32_genericSTM32F103R\Release/core.a(Print.cpp.o)
                0x08008698                Print::write(char const*)
 .text._ZN5Print5writeEPKvm
                0x080086d4       0x50 C:\Users\Administrator\AppData\Local\Temp\VMBuilds\LoRa_Weather_StationV1.0.2.191115_beta_LiuJiaHui\stm32_genericSTM32F103R\Release/core.a(Print.cpp.o)
                0x080086d4                Print::write(void const*, unsigned long)
 .text._ZN5Print5printEhi
                0x08008724       0x28 C:\Users\Administrator\AppData\Local\Temp\VMBuilds\LoRa_Weather_StationV1.0.2.191115_beta_LiuJiaHui\stm32_genericSTM32F103R\Release/core.a(Print.cpp.o)
                0x08008724                Print::print(unsigned char, int)
 .text._ZN5Print5printERK6String
                0x0800874c       0x34 C:\Users\Administrator\AppData\Local\Temp\VMBuilds\LoRa_Weather_StationV1.0.2.191115_beta_LiuJiaHui\stm32_genericSTM32F103R\Release/core.a(Print.cpp.o)
                0x0800874c                Print::print(String const&)
 .text._ZN5Print5printEc
                0x08008780       0x24 C:\Users\Administrator\AppData\Local\Temp\VMBuilds\LoRa_Weather_StationV1.0.2.191115_beta_LiuJiaHui\stm32_genericSTM32F103R\Release/core.a(Print.cpp.o)
                0x08008780                Print::print(char)
 .text._ZN5Print5printEPKc
                0x080087a4       0x24 C:\Users\Administrator\AppData\Local\Temp\VMBuilds\LoRa_Weather_StationV1.0.2.191115_beta_LiuJiaHui\stm32_genericSTM32F103R\Release/core.a(Print.cpp.o)
                0x080087a4                Print::print(char const*)
 .text._ZN5Print5printEii
                0x080087c8       0x28 C:\Users\Administrator\AppData\Local\Temp\VMBuilds\LoRa_Weather_StationV1.0.2.191115_beta_LiuJiaHui\stm32_genericSTM32F103R\Release/core.a(Print.cpp.o)
                0x080087c8                Print::print(int, int)
 .text._ZN5Print5printEji
                0x080087f0       0x28 C:\Users\Administrator\AppData\Local\Temp\VMBuilds\LoRa_Weather_StationV1.0.2.191115_beta_LiuJiaHui\stm32_genericSTM32F103R\Release/core.a(Print.cpp.o)
                0x080087f0                Print::print(unsigned int, int)
 .text._ZN5Print5printEmi
                0x08008818       0x28 C:\Users\Administrator\AppData\Local\Temp\VMBuilds\LoRa_Weather_StationV1.0.2.191115_beta_LiuJiaHui\stm32_genericSTM32F103R\Release/core.a(Print.cpp.o)
                0x08008818                Print::print(unsigned long, int)
 .text._ZN5Print5printExi
                0x08008840       0x60 C:\Users\Administrator\AppData\Local\Temp\VMBuilds\LoRa_Weather_StationV1.0.2.191115_beta_LiuJiaHui\stm32_genericSTM32F103R\Release/core.a(Print.cpp.o)
                0x08008840                Print::print(long long, int)
 .text._ZN5Print5printEyi
                0x080088a0       0x44 C:\Users\Administrator\AppData\Local\Temp\VMBuilds\LoRa_Weather_StationV1.0.2.191115_beta_LiuJiaHui\stm32_genericSTM32F103R\Release/core.a(Print.cpp.o)
                0x080088a0                Print::print(unsigned long long, int)
 .text._ZN5Print5printEdi
                0x080088e4       0x28 C:\Users\Administrator\AppData\Local\Temp\VMBuilds\LoRa_Weather_StationV1.0.2.191115_beta_LiuJiaHui\stm32_genericSTM32F103R\Release/core.a(Print.cpp.o)
                0x080088e4                Print::print(double, int)
 .text._ZN5Print7printlnEv
                0x0800890c       0x2c C:\Users\Administrator\AppData\Local\Temp\VMBuilds\LoRa_Weather_StationV1.0.2.191115_beta_LiuJiaHui\stm32_genericSTM32F103R\Release/core.a(Print.cpp.o)
                0x0800890c                Print::println()
 .text._ZN5Print7printlnERK6String
                0x08008938       0x2c C:\Users\Administrator\AppData\Local\Temp\VMBuilds\LoRa_Weather_StationV1.0.2.191115_beta_LiuJiaHui\stm32_genericSTM32F103R\Release/core.a(Print.cpp.o)
                0x08008938                Print::println(String const&)
 .text._ZN5Print7printlnEPKc
                0x08008964       0x2c C:\Users\Administrator\AppData\Local\Temp\VMBuilds\LoRa_Weather_StationV1.0.2.191115_beta_LiuJiaHui\stm32_genericSTM32F103R\Release/core.a(Print.cpp.o)
                0x08008964                Print::println(char const*)
 .text._ZN5Print7printlnEhi
                0x08008990       0x34 C:\Users\Administrator\AppData\Local\Temp\VMBuilds\LoRa_Weather_StationV1.0.2.191115_beta_LiuJiaHui\stm32_genericSTM32F103R\Release/core.a(Print.cpp.o)
                0x08008990                Print::println(unsigned char, int)
 .text._ZN5Print7printlnEji
                0x080089c4       0x30 C:\Users\Administrator\AppData\Local\Temp\VMBuilds\LoRa_Weather_StationV1.0.2.191115_beta_LiuJiaHui\stm32_genericSTM32F103R\Release/core.a(Print.cpp.o)
                0x080089c4                Print::println(unsigned int, int)
 .text._ZN5Print11printNumberEyh
                0x080089f4       0xd0 C:\Users\Administrator\AppData\Local\Temp\VMBuilds\LoRa_Weather_StationV1.0.2.191115_beta_LiuJiaHui\stm32_genericSTM32F103R\Release/core.a(Print.cpp.o)
                0x080089f4                Print::printNumber(unsigned long long, unsigned char)
 *fill*         0x08008ac4        0x4 
 .text._ZN5Print10printFloatEdh
                0x08008ac8      0x210 C:\Users\Administrator\AppData\Local\Temp\VMBuilds\LoRa_Weather_StationV1.0.2.191115_beta_LiuJiaHui\stm32_genericSTM32F103R\Release/core.a(Print.cpp.o)
                0x08008ac8                Print::printFloat(double, unsigned char)
 .text.delay_us
                0x08008cd8       0x2c C:\Users\Administrator\AppData\Local\Temp\VMBuilds\LoRa_Weather_StationV1.0.2.191115_beta_LiuJiaHui\stm32_genericSTM32F103R\Release/core.a(usb_serial.cpp.o)
 .text.usb_is_connected
                0x08008d04       0x24 C:\Users\Administrator\AppData\Local\Temp\VMBuilds\LoRa_Weather_StationV1.0.2.191115_beta_LiuJiaHui\stm32_genericSTM32F103R\Release/core.a(usb_serial.cpp.o)
 .text.usb_is_configured
                0x08008d28       0x24 C:\Users\Administrator\AppData\Local\Temp\VMBuilds\LoRa_Weather_StationV1.0.2.191115_beta_LiuJiaHui\stm32_genericSTM32F103R\Release/core.a(usb_serial.cpp.o)
 .text._ZN9USBSerialC2Ev
                0x08008d4c       0x24 C:\Users\Administrator\AppData\Local\Temp\VMBuilds\LoRa_Weather_StationV1.0.2.191115_beta_LiuJiaHui\stm32_genericSTM32F103R\Release/core.a(usb_serial.cpp.o)
                0x08008d4c                USBSerial::USBSerial()
                0x08008d4c                USBSerial::USBSerial()
 .text._ZN9USBSerial5beginEv
                0x08008d70       0x4c C:\Users\Administrator\AppData\Local\Temp\VMBuilds\LoRa_Weather_StationV1.0.2.191115_beta_LiuJiaHui\stm32_genericSTM32F103R\Release/core.a(usb_serial.cpp.o)
                0x08008d70                USBSerial::begin()
 .text._ZN9USBSerial5beginEm
                0x08008dbc       0x20 C:\Users\Administrator\AppData\Local\Temp\VMBuilds\LoRa_Weather_StationV1.0.2.191115_beta_LiuJiaHui\stm32_genericSTM32F103R\Release/core.a(usb_serial.cpp.o)
                0x08008dbc                USBSerial::begin(unsigned long)
 .text._ZN9USBSerial5writeEh
                0x08008ddc       0x28 C:\Users\Administrator\AppData\Local\Temp\VMBuilds\LoRa_Weather_StationV1.0.2.191115_beta_LiuJiaHui\stm32_genericSTM32F103R\Release/core.a(usb_serial.cpp.o)
                0x08008ddc                USBSerial::write(unsigned char)
 .text._ZN9USBSerial5writeEPKc
                0x08008e04       0x2c C:\Users\Administrator\AppData\Local\Temp\VMBuilds\LoRa_Weather_StationV1.0.2.191115_beta_LiuJiaHui\stm32_genericSTM32F103R\Release/core.a(usb_serial.cpp.o)
                0x08008e04                USBSerial::write(char const*)
 .text._ZN9USBSerial5writeEPKhm
                0x08008e30       0x6c C:\Users\Administrator\AppData\Local\Temp\VMBuilds\LoRa_Weather_StationV1.0.2.191115_beta_LiuJiaHui\stm32_genericSTM32F103R\Release/core.a(usb_serial.cpp.o)
                0x08008e30                USBSerial::write(unsigned char const*, unsigned long)
 .text._ZN9USBSerial9availableEv
                0x08008e9c       0x18 C:\Users\Administrator\AppData\Local\Temp\VMBuilds\LoRa_Weather_StationV1.0.2.191115_beta_LiuJiaHui\stm32_genericSTM32F103R\Release/core.a(usb_serial.cpp.o)
                0x08008e9c                USBSerial::available()
 .text._ZN9USBSerial4peekEv
                0x08008eb4       0x34 C:\Users\Administrator\AppData\Local\Temp\VMBuilds\LoRa_Weather_StationV1.0.2.191115_beta_LiuJiaHui\stm32_genericSTM32F103R\Release/core.a(usb_serial.cpp.o)
                0x08008eb4                USBSerial::peek()
 .text._ZN9USBSerial5flushEv
                0x08008ee8       0x34 C:\Users\Administrator\AppData\Local\Temp\VMBuilds\LoRa_Weather_StationV1.0.2.191115_beta_LiuJiaHui\stm32_genericSTM32F103R\Release/core.a(usb_serial.cpp.o)
                0x08008ee8                USBSerial::flush()
 .text._ZN9USBSerial4readEPhm
                0x08008f1c       0x40 C:\Users\Administrator\AppData\Local\Temp\VMBuilds\LoRa_Weather_StationV1.0.2.191115_beta_LiuJiaHui\stm32_genericSTM32F103R\Release/core.a(usb_serial.cpp.o)
                0x08008f1c                USBSerial::read(unsigned char*, unsigned long)
 .text._ZN9USBSerial4readEv
                0x08008f5c       0x34 C:\Users\Administrator\AppData\Local\Temp\VMBuilds\LoRa_Weather_StationV1.0.2.191115_beta_LiuJiaHui\stm32_genericSTM32F103R\Release/core.a(usb_serial.cpp.o)
                0x08008f5c                USBSerial::read()
 .text._ZN9USBSerialcvbEv
                0x08008f90       0x44 C:\Users\Administrator\AppData\Local\Temp\VMBuilds\LoRa_Weather_StationV1.0.2.191115_beta_LiuJiaHui\stm32_genericSTM32F103R\Release/core.a(usb_serial.cpp.o)
                0x08008f90                USBSerial::operator bool()
 .text._ZL14ifaceSetupHookjPv
                0x08008fd4       0xbc C:\Users\Administrator\AppData\Local\Temp\VMBuilds\LoRa_Weather_StationV1.0.2.191115_beta_LiuJiaHui\stm32_genericSTM32F103R\Release/core.a(usb_serial.cpp.o)
 .text._ZL10wait_resetv
                0x08009090       0x14 C:\Users\Administrator\AppData\Local\Temp\VMBuilds\LoRa_Weather_StationV1.0.2.191115_beta_LiuJiaHui\stm32_genericSTM32F103R\Release/core.a(usb_serial.cpp.o)
 .text._ZL6rxHookjPv
                0x080090a4       0xcc C:\Users\Administrator\AppData\Local\Temp\VMBuilds\LoRa_Weather_StationV1.0.2.191115_beta_LiuJiaHui\stm32_genericSTM32F103R\Release/core.a(usb_serial.cpp.o)
 .text._Z41__static_initialization_and_destruction_0ii
                0x08009170       0x2c C:\Users\Administrator\AppData\Local\Temp\VMBuilds\LoRa_Weather_StationV1.0.2.191115_beta_LiuJiaHui\stm32_genericSTM32F103R\Release/core.a(usb_serial.cpp.o)
 .text._GLOBAL__sub_I__ZN9USBSerial9_hasBegunE
                0x0800919c       0x10 C:\Users\Administrator\AppData\Local\Temp\VMBuilds\LoRa_Weather_StationV1.0.2.191115_beta_LiuJiaHui\stm32_genericSTM32F103R\Release/core.a(usb_serial.cpp.o)
 .text._Z10analogReadh
                0x080091ac       0x44 C:\Users\Administrator\AppData\Local\Temp\VMBuilds\LoRa_Weather_StationV1.0.2.191115_beta_LiuJiaHui\stm32_genericSTM32F103R\Release/core.a(wirish_analog.cpp.o)
                0x080091ac                analogRead(unsigned char)
 .text.gpio_write_bit
                0x080091f0       0x3c C:\Users\Administrator\AppData\Local\Temp\VMBuilds\LoRa_Weather_StationV1.0.2.191115_beta_LiuJiaHui\stm32_genericSTM32F103R\Release/core.a(wirish_digital.cpp.o)
 .text.gpio_read_bit
                0x0800922c       0x28 C:\Users\Administrator\AppData\Local\Temp\VMBuilds\LoRa_Weather_StationV1.0.2.191115_beta_LiuJiaHui\stm32_genericSTM32F103R\Release/core.a(wirish_digital.cpp.o)
 .text._Z11digitalReadh
                0x08009254       0x4c C:\Users\Administrator\AppData\Local\Temp\VMBuilds\LoRa_Weather_StationV1.0.2.191115_beta_LiuJiaHui\stm32_genericSTM32F103R\Release/core.a(wirish_digital.cpp.o)
                0x08009254                digitalRead(unsigned char)
 .text._Z12digitalWritehh
                0x080092a0       0x44 C:\Users\Administrator\AppData\Local\Temp\VMBuilds\LoRa_Weather_StationV1.0.2.191115_beta_LiuJiaHui\stm32_genericSTM32F103R\Release/core.a(wirish_digital.cpp.o)
                0x080092a0                digitalWrite(unsigned char, unsigned char)
 .text.systick_uptime
                0x080092e4       0x18 C:\Users\Administrator\AppData\Local\Temp\VMBuilds\LoRa_Weather_StationV1.0.2.191115_beta_LiuJiaHui\stm32_genericSTM32F103R\Release/core.a(wirish_time.cpp.o)
 .text.delay_us
                0x080092fc       0x2c C:\Users\Administrator\AppData\Local\Temp\VMBuilds\LoRa_Weather_StationV1.0.2.191115_beta_LiuJiaHui\stm32_genericSTM32F103R\Release/core.a(wirish_time.cpp.o)
 .text._ZL6millisv
                0x08009328       0x10 C:\Users\Administrator\AppData\Local\Temp\VMBuilds\LoRa_Weather_StationV1.0.2.191115_beta_LiuJiaHui\stm32_genericSTM32F103R\Release/core.a(wirish_time.cpp.o)
 .text._Z5delaym
                0x08009338       0x34 C:\Users\Administrator\AppData\Local\Temp\VMBuilds\LoRa_Weather_StationV1.0.2.191115_beta_LiuJiaHui\stm32_genericSTM32F103R\Release/core.a(wirish_time.cpp.o)
                0x08009338                delay(unsigned long)
 .text._Z17delayMicrosecondsm
                0x0800936c       0x14 C:\Users\Administrator\AppData\Local\Temp\VMBuilds\LoRa_Weather_StationV1.0.2.191115_beta_LiuJiaHui\stm32_genericSTM32F103R\Release/core.a(wirish_time.cpp.o)
                0x0800936c                delayMicroseconds(unsigned long)
 .text._ZN6StringC2EPKc
                0x08009380       0x34 C:\Users\Administrator\AppData\Local\Temp\VMBuilds\LoRa_Weather_StationV1.0.2.191115_beta_LiuJiaHui\stm32_genericSTM32F103R\Release/core.a(WString.cpp.o)
                0x08009380                String::String(char const*)
                0x08009380                String::String(char const*)
 .text._ZN6StringC2ERKS_
                0x080093b4       0x24 C:\Users\Administrator\AppData\Local\Temp\VMBuilds\LoRa_Weather_StationV1.0.2.191115_beta_LiuJiaHui\stm32_genericSTM32F103R\Release/core.a(WString.cpp.o)
                0x080093b4                String::String(String const&)
                0x080093b4                String::String(String const&)
 .text._ZN6StringD2Ev