Archive member included because of file (symbol)

C:\Users\Administrator\AppData\Local\Temp\VMBuilds\LoRa_Weather_Station\stm32_genericSTM32F103R\Release/core.a(exc.S.o)
                              (__exc_hardfault)
C:\Users\Administrator\AppData\Local\Temp\VMBuilds\LoRa_Weather_Station\stm32_genericSTM32F103R\Release/core.a(isrs.S.o)
                              (__stm32reservedexception7)
C:\Users\Administrator\AppData\Local\Temp\VMBuilds\LoRa_Weather_Station\stm32_genericSTM32F103R\Release/core.a(vector_table.S.o)
                              (__stm32_vector_table)
C:\Users\Administrator\AppData\Local\Temp\VMBuilds\LoRa_Weather_Station\stm32_genericSTM32F103R\Release/core.a(adc.c.o)
                              C:\Users\Administrator\AppData\Local\Temp\VMBCore\arduino16x\a36d8332b2c70548042317cbcde5bc0e\variant\boards.cpp.o (adc_set_sample_rate)
C:\Users\Administrator\AppData\Local\Temp\VMBuilds\LoRa_Weather_Station\stm32_genericSTM32F103R\Release/core.a(adc_f1.c.o)
                              C:\Users\Administrator\AppData\Local\Temp\VMBCore\arduino16x\a36d8332b2c70548042317cbcde5bc0e\variant\board.cpp.o (adc1)
C:\Users\Administrator\AppData\Local\Temp\VMBuilds\LoRa_Weather_Station\stm32_genericSTM32F103R\Release/core.a(bkp_f1.c.o)
                              LoRa_Weather_Station.cpp.o (bkp_init)
C:\Users\Administrator\AppData\Local\Temp\VMBuilds\LoRa_Weather_Station\stm32_genericSTM32F103R\Release/core.a(flash.c.o)
                              C:\Users\Administrator\AppData\Local\Temp\VMBCore\arduino16x\a36d8332b2c70548042317cbcde5bc0e\variant\boards.cpp.o (flash_set_latency)
C:\Users\Administrator\AppData\Local\Temp\VMBuilds\LoRa_Weather_Station\stm32_genericSTM32F103R\Release/core.a(gpio_f1.c.o)
                              C:\Users\Administrator\AppData\Local\Temp\VMBCore\arduino16x\a36d8332b2c70548042317cbcde5bc0e\variant\board.cpp.o (gpioa)
C:\Users\Administrator\AppData\Local\Temp\VMBuilds\LoRa_Weather_Station\stm32_genericSTM32F103R\Release/core.a(i2c.c.o)
                              Wire\Wire.cpp.o (i2c_master_enable)
C:\Users\Administrator\AppData\Local\Temp\VMBuilds\LoRa_Weather_Station\stm32_genericSTM32F103R\Release/core.a(i2c_f1.c.o)
                              Wire\Wire.cpp.o (I2C1)
C:\Users\Administrator\AppData\Local\Temp\VMBuilds\LoRa_Weather_Station\stm32_genericSTM32F103R\Release/core.a(nvic.c.o)
                              C:\Users\Administrator\AppData\Local\Temp\VMBuilds\LoRa_Weather_Station\stm32_genericSTM32F103R\Release/core.a(i2c_f1.c.o) (nvic_irq_set_priority)
C:\Users\Administrator\AppData\Local\Temp\VMBuilds\LoRa_Weather_Station\stm32_genericSTM32F103R\Release/core.a(pwr.c.o)
                              LoRa_Weather_Station.cpp.o (PWR_WakeUpPinCmd)
C:\Users\Administrator\AppData\Local\Temp\VMBuilds\LoRa_Weather_Station\stm32_genericSTM32F103R\Release/core.a(rcc.c.o)
                              C:\Users\Administrator\AppData\Local\Temp\VMBCore\arduino16x\a36d8332b2c70548042317cbcde5bc0e\variant\boards.cpp.o (rcc_switch_sysclk)
C:\Users\Administrator\AppData\Local\Temp\VMBuilds\LoRa_Weather_Station\stm32_genericSTM32F103R\Release/core.a(rcc_f1.c.o)
                              C:\Users\Administrator\AppData\Local\Temp\VMBuilds\LoRa_Weather_Station\stm32_genericSTM32F103R\Release/core.a(rcc.c.o) (rcc_dev_table)
C:\Users\Administrator\AppData\Local\Temp\VMBuilds\LoRa_Weather_Station\stm32_genericSTM32F103R\Release/core.a(systick.c.o)
                              public.cpp.o (systick_uptime_millis)
C:\Users\Administrator\AppData\Local\Temp\VMBuilds\LoRa_Weather_Station\stm32_genericSTM32F103R\Release/core.a(timer.c.o)
                              C:\Users\Administrator\AppData\Local\Temp\VMBCore\arduino16x\a36d8332b2c70548042317cbcde5bc0e\variant\board.cpp.o (timer1)
C:\Users\Administrator\AppData\Local\Temp\VMBuilds\LoRa_Weather_Station\stm32_genericSTM32F103R\Release/core.a(usart_f1.c.o)
                              C:\Users\Administrator\AppData\Local\Temp\VMBCore\arduino16x\a36d8332b2c70548042317cbcde5bc0e\variant\board.cpp.o (USART1)
C:\Users\Administrator\AppData\Local\Temp\VMBuilds\LoRa_Weather_Station\stm32_genericSTM32F103R\Release/core.a(usart_private.c.o)
                              C:\Users\Administrator\AppData\Local\Temp\VMBuilds\LoRa_Weather_Station\stm32_genericSTM32F103R\Release/core.a(usart_f1.c.o) (_usart_clock_freq)
C:\Users\Administrator\AppData\Local\Temp\VMBuilds\LoRa_Weather_Station\stm32_genericSTM32F103R\Release/core.a(util.c.o)
                              C:\Users\Administrator\AppData\Local\Temp\VMBuilds\LoRa_Weather_Station\stm32_genericSTM32F103R\Release/core.a(exc.S.o) (__error)
C:\Users\Administrator\AppData\Local\Temp\VMBuilds\LoRa_Weather_Station\stm32_genericSTM32F103R\Release/core.a(cxxabi-compat.cpp.o)
                              Wire\WireBase.cpp.o (__cxa_pure_virtual)
C:\Users\Administrator\AppData\Local\Temp\VMBuilds\LoRa_Weather_Station\stm32_genericSTM32F103R\Release/core.a(HardwareSerial.cpp.o)
[...]
Memory Configuration

Name             Origin             Length             Attributes
ram              0x20000000         0x0000c000         xrw
rom              0x08000000         0x00040000         xr
*default*        0x00000000         0xffffffff

Linker script and memory map

LOAD c:/users/administrator/appdata/local/arduino15/packages/arduino/tools/arm-none-eabi-gcc/4.8.3-2014q1/bin/../lib/gcc/arm-none-eabi/4.8.3/armv7-m/crti.o
LOAD c:/users/administrator/appdata/local/arduino15/packages/arduino/tools/arm-none-eabi-gcc/4.8.3-2014q1/bin/../lib/gcc/arm-none-eabi/4.8.3/armv7-m/crtbegin.o
LOAD c:/users/administrator/appdata/local/arduino15/packages/arduino/tools/arm-none-eabi-gcc/4.8.3-2014q1/bin/../lib/gcc/arm-none-eabi/4.8.3/../../../../arm-none-eabi/lib/armv7-m/crt0.o
LOAD c:/users/administrator/appdata/local/arduino15/packages/arduino/tools/arm-none-eabi-gcc/4.8.3-2014q1/bin/../lib/gcc/arm-none-eabi/4.8.3/armv7-m\libgcc.a
START GROUP
LOAD LoRa_Weather_Station.cpp.o
LOAD User_Clock.c.o
LOAD AT24C1024.cpp.o
LOAD BCD_CON.cpp.o
LOAD data_transmit.cpp.o
LOAD EDB.cpp.o
LOAD GPSData.cpp.o
LOAD LoRa.cpp.o
LOAD memory.cpp.o
LOAD MODBUS_RTU_CRC16.cpp.o
LOAD Periph.cpp.o
LOAD private_delay.cpp.o
LOAD Private_RTC.cpp.o
LOAD Private_Sensor.cpp.o
LOAD public.cpp.o
LOAD SoftwareI2C.cpp.o
LOAD User_CRC8.cpp.o
LOAD RTClock\RTClock.cpp.o
LOAD RTClock\utility\rtc_util.c.o
LOAD Wire\SoftWire.cpp.o
LOAD Wire\Wire.cpp.o
LOAD Wire\WireBase.cpp.o
LOAD C:\Users\Administrator\AppData\Local\Temp\VMBCore\arduino16x\a36d8332b2c70548042317cbcde5bc0e\variant\board.cpp.o
LOAD C:\Users\Administrator\AppData\Local\Temp\VMBCore\arduino16x\a36d8332b2c70548042317cbcde5bc0e\variant\boards.cpp.o
LOAD C:\Users\Administrator\AppData\Local\Temp\VMBCore\arduino16x\a36d8332b2c70548042317cbcde5bc0e\variant\boards_setup.cpp.o
LOAD C:\Users\Administrator\AppData\Local\Temp\VMBCore\arduino16x\a36d8332b2c70548042317cbcde5bc0e\variant\start.S.o
LOAD C:\Users\Administrator\AppData\Local\Temp\VMBCore\arduino16x\a36d8332b2c70548042317cbcde5bc0e\variant\start_c.c.o
LOAD C:\Users\Administrator\AppData\Local\Temp\VMBCore\arduino16x\a36d8332b2c70548042317cbcde5bc0e\variant\syscalls.c.o
LOAD C:\Users\Administrator\AppData\Local\Temp\VMBuilds\LoRa_Weather_Station\stm32_genericSTM32F103R\Release/core.a
END GROUP
LOAD c:/users/administrator/appdata/local/arduino15/packages/arduino/tools/arm-none-eabi-gcc/4.8.3-2014q1/bin/../lib/gcc/arm-none-eabi/4.8.3/../../../../arm-none-eabi/lib/armv7-m\libstdc++.a
LOAD c:/users/administrator/appdata/local/arduino15/packages/arduino/tools/arm-none-eabi-gcc/4.8.3-2014q1/bin/../lib/gcc/arm-none-eabi/4.8.3/../../../../arm-none-eabi/lib/armv7-m\libm.a
START GROUP
LOAD c:/users/administrator/appdata/local/arduino15/packages/arduino/tools/arm-none-eabi-gcc/4.8.3-2014q1/bin/../lib/gcc/arm-none-eabi/4.8.3/armv7-m\libgcc.a
LOAD c:/users/administrator/appdata/local/arduino15/packages/arduino/tools/arm-none-eabi-gcc/4.8.3-2014q1/bin/../lib/gcc/arm-none-eabi/4.8.3/../../../../arm-none-eabi/lib/armv7-m\libc.a
END GROUP
LOAD c:/users/administrator/appdata/local/arduino15/packages/arduino/tools/arm-none-eabi-gcc/4.8.3-2014q1/bin/../lib/gcc/arm-none-eabi/4.8.3/armv7-m/crtend.o
LOAD c:/users/administrator/appdata/local/arduino15/packages/arduino/tools/arm-none-eabi-gcc/4.8.3-2014q1/bin/../lib/gcc/arm-none-eabi/4.8.3/armv7-m/crtn.o
START GROUP
LOAD c:/users/administrator/appdata/local/arduino15/packages/arduino/tools/arm-none-eabi-gcc/4.8.3-2014q1/bin/../lib/gcc/arm-none-eabi/4.8.3/armv7-m\libgcc.a
LOAD c:/users/administrator/appdata/local/arduino15/packages/arduino/tools/arm-none-eabi-gcc/4.8.3-2014q1/bin/../lib/gcc/arm-none-eabi/4.8.3/../../../../arm-none-eabi/lib/armv7-m\libc.a
LOAD c:/users/administrator/appdata/local/arduino15/packages/arduino/tools/arm-none-eabi-gcc/4.8.3-2014q1/bin/../lib/gcc/arm-none-eabi/4.8.3/../../../../arm-none-eabi/lib/armv7-m\libm.a
END GROUP
START GROUP
LOAD c:/users/administrator/appdata/local/arduino15/packages/arduino/tools/arm-none-eabi-gcc/4.8.3-2014q1/bin/../lib/gcc/arm-none-eabi/4.8.3/../../../../arm-none-eabi/lib/armv7-m\libnosys.a
END GROUP
                0x2000c000                PROVIDE (__msp_init, (ORIGIN (ram) + 0xc000))
                0x08005080                PROVIDE (__exc_reset, __start__)

.text           0x08000000    0x121f0
                0x08000000                __text_start__ = .
 *(.stm32.interrupt_vector)
 .stm32.interrupt_vector
                0x08000000      0x130 C:\Users\Administrator\AppData\Local\Temp\VMBuilds\LoRa_Weather_Station\stm32_genericSTM32F103R\Release/core.a(vector_table.S.o)
                0x08000000                __stm32_vector_table
 *(.text .text.* .gnu.linkonce.t.*)
 .text          0x08000130       0x54 c:/users/administrator/appdata/local/arduino15/packages/arduino/tools/arm-none-eabi-gcc/4.8.3-2014q1/bin/../lib/gcc/arm-none-eabi/4.8.3/armv7-m/crtbegin.o
 .text._ZN13HardwareTimer15setChannel1ModeE10timer_mode
                0x08000184       0x20 LoRa_Weather_Station.cpp.o
                0x08000184                HardwareTimer::setChannel1Mode(timer_mode)
 .text._ZN13HardwareTimer11setCompare1Et
                0x080001a4       0x20 LoRa_Weather_Station.cpp.o
                0x080001a4                HardwareTimer::setCompare1(unsigned short)
 .text._ZN13HardwareTimer23attachCompare1InterruptEPFvvE
                0x080001c4       0x1c LoRa_Weather_Station.cpp.o
                0x080001c4                HardwareTimer::attachCompare1Interrupt(void (*)())
 .text._ZN13HardwareTimer23detachCompare1InterruptEv
                0x080001e0       0x18 LoRa_Weather_Station.cpp.o
                0x080001e0                HardwareTimer::detachCompare1Interrupt()
 .text._Z5setupv
                0x080001f8       0xcc LoRa_Weather_Station.cpp.o
                0x080001f8                setup()
 .text._Z4loopv
                0x080002c4       0x3c LoRa_Weather_Station.cpp.o
                0x080002c4                loop()
 .text._Z9SYS_Sleepv
                0x08000300       0x50 LoRa_Weather_Station.cpp.o
                0x08000300                SYS_Sleep()
 .text._Z20Key_Clear_LoRa_Paramv
                0x08000350       0x60 LoRa_Weather_Station.cpp.o
                0x08000350                Key_Clear_LoRa_Param()
 .text._Z13Time2_Handlerv
                0x080003b0       0x60 LoRa_Weather_Station.cpp.o
                0x080003b0                Time2_Handler()
 .text.osal_ConvertUTCTime
                0x08000410      0x244 User_Clock.c.o
                0x08000410                osal_ConvertUTCTime
 .text.monthLength
                0x08000654       0x48 User_Clock.c.o
 .text._ZN11SoftwareI2C9availableEv
                0x0800069c       0x1c AT24C1024.cpp.o
                0x0800069c                SoftwareI2C::available()
 .text._Z8delay_msm
                0x080006b8       0x2c AT24C1024.cpp.o
                0x080006b8                delay_ms(unsigned long)
 .text._ZN9AT24C1024C2Ev
                0x080006e4       0x20 AT24C1024.cpp.o
                0x080006e4                AT24C1024::AT24C1024()
                0x080006e4                AT24C1024::AT24C1024()
 .text._ZN9AT24C10245writeEmh
                0x08000704       0x5c AT24C1024.cpp.o
                0x08000704                AT24C1024::write(unsigned long, unsigned char)
 .text._ZN9AT24C10244readEm
                0x08000760       0x84 AT24C1024.cpp.o
                0x08000760                AT24C1024::read(unsigned long)
 .text._Z41__static_initialization_and_destruction_0ii
                0x080007e4       0x2c AT24C1024.cpp.o
 .text._GLOBAL__sub_I_EP
                0x08000810       0x10 AT24C1024.cpp.o
 .text._Z5ToBCDiPhS_S_
                0x08000820       0xfc BCD_CON.cpp.o
                0x08000820                ToBCD(int, unsigned char*, unsigned char*, unsigned char*)
 .text._Z7ASC2BCDPhPcj
                0x0800091c       0xfc BCD_CON.cpp.o
                0x0800091c                ASC2BCD(unsigned char*, char*, unsigned int)
 .text._Z7PackBCDPcfii
                0x08000a18      0x260 BCD_CON.cpp.o
                0x08000a18                PackBCD(char*, float, int, int)
 .text._Z35Send_Air_Muti_Sensor_Data_to_Serverv
                0x08000c78      0xb14 data_transmit.cpp.o
                0x08000c78                Send_Air_Muti_Sensor_Data_to_Server()
 .text._ZN3EDBC2EPFvmhEPFhmE
                0x0800178c       0x28 EDB.cpp.o
                0x0800178c                EDB::EDB(void (*)(unsigned long, unsigned char), unsigned char (*)(unsigned long))
                0x0800178c                EDB::EDB(void (*)(unsigned long, unsigned char), unsigned char (*)(unsigned long))
 .text._ZN4LoRa16LoRa_GPIO_ConfigEv
                0x080017b4       0x48 LoRa.cpp.o
                0x080017b4                LoRa::LoRa_GPIO_Config()
 .text._ZN4LoRa8BaudRateEj
                0x080017fc       0x1c LoRa.cpp.o
                0x080017fc                LoRa::BaudRate(unsigned int)
 .text._ZN4LoRa4ModeE9LoRa_Mode
                0x08001818       0x30 LoRa.cpp.o
                0x08001818                LoRa::Mode(LoRa_Mode)
 .text._ZN4LoRa7IsResetEb
                0x08001848       0x30 LoRa.cpp.o
                0x08001848                LoRa::IsReset(bool)
 .text._ZN4LoRa13LoRa_ShutdownEv
                0x08001878       0x48 LoRa.cpp.o
                0x08001878                LoRa::LoRa_Shutdown()
 .text._ZN4LoRa12LoRa_RestartEv
                0x080018c0       0x30 LoRa.cpp.o
                0x080018c0                LoRa::LoRa_Restart()
 .text._ZN4LoRa20Detect_Error_ReceiptEPhS0_
                0x080018f0       0x60 LoRa.cpp.o
                0x080018f0                LoRa::Detect_Error_Receipt(unsigned char*, unsigned char*)
 .text._ZN4LoRa17Detect_OK_ReceiptEPhS0_
                0x08001950       0x44 LoRa.cpp.o
                0x08001950                LoRa::Detect_OK_Receipt(unsigned char*, unsigned char*)
 .text._ZN4LoRa12AT_Query_CmdEPcPhS1_
                0x08001994      0x188 LoRa.cpp.o
                0x08001994                LoRa::AT_Query_Cmd(char*, unsigned char*, unsigned char*)
 .text._ZN4LoRa13AT_Config_CmdEPcS0_Ph
                0x08001b1c      0x234 LoRa.cpp.o
                0x08001b1c                LoRa::AT_Config_Cmd(char*, char*, unsigned char*)
 .text._ZN4LoRa13Parse_CommandEPhhS0_PS0_
                0x08001d50       0xd8 LoRa.cpp.o
                0x08001d50                LoRa::Parse_Command(unsigned char*, unsigned char, unsigned char*, unsigned char**)
 .text._ZN4LoRa9Get_BytesEPhhS0_
                0x08001e28       0xbc LoRa.cpp.o
                0x08001e28                LoRa::Get_Bytes(unsigned char*, unsigned char, unsigned char*)
 .text._ZN4LoRa7Get_CSQEPhhS0_
                0x08001ee4       0x78 LoRa.cpp.o
                0x08001ee4                LoRa::Get_CSQ(unsigned char*, unsigned char, unsigned char*)
 .text._ZN4LoRa13String_to_HexEPhh
                0x08001f5c       0xc0 LoRa.cpp.o
                0x08001f5c                LoRa::String_to_Hex(unsigned char*, unsigned char)
 .text._ZN4LoRa7LoRa_ATEPhbPcS1_
                0x0800201c       0xfc LoRa.cpp.o
                0x0800201c                LoRa::LoRa_AT(unsigned char*, bool, char*, char*)
 .text._ZN4LoRa10Rewrite_IDEv
                0x08002118      0x134 LoRa.cpp.o
                0x08002118                LoRa::Rewrite_ID()
 .text._ZN4LoRa15Rewrite_GroupIDEv
                0x0800224c       0xa0 LoRa.cpp.o
                0x0800224c                LoRa::Rewrite_GroupID()
 .text._ZN4LoRa14Parameter_InitEv
                0x080022ec      0x348 LoRa.cpp.o
                0x080022ec                LoRa::Parameter_Init()
 .text._Z6writermh
                0x08002634       0x1c memory.cpp.o
                0x08002634                writer(unsigned long, unsigned char)
 .text._Z6readerm
                0x08002650       0x18 memory.cpp.o
                0x08002650                reader(unsigned long)
 .text._Z21Save_LoRa_Config_Flagv
                0x08002668       0x34 memory.cpp.o
                0x08002668                Save_LoRa_Config_Flag()
 .text._Z23Verify_LoRa_Config_Flagv
                0x0800269c       0x24 memory.cpp.o
                0x0800269c                Verify_LoRa_Config_Flag()
 .text._Z22Clear_LoRa_Config_Flagv
                0x080026c0       0x34 memory.cpp.o
                0x080026c0                Clear_LoRa_Config_Flag()
 .text._Z41__static_initialization_and_destruction_0ii
                0x080026f4       0x38 memory.cpp.o
 .text._GLOBAL__sub_I_EPMaxRecord
                0x0800272c       0x10 memory.cpp.o
 .text._Z7N_CRC16Phj
                0x0800273c       0x6c MODBUS_RTU_CRC16.cpp.o
                0x0800273c                N_CRC16(unsigned char*, unsigned int)
 .text.afio_cfg_debug_ports
                0x080027a8       0x2c Periph.cpp.o
 .text._Z14Some_GPIO_Initv
                0x080027d4       0x88 Periph.cpp.o
                0x080027d4                Some_GPIO_Init()
 .text._Z15EP_Write_Enablev
                0x0800285c       0x10 Periph.cpp.o
                0x0800285c                EP_Write_Enable()
 .text._Z16EP_Write_Disablev
                0x0800286c       0x10 Periph.cpp.o
                0x0800286c                EP_Write_Disable()
 *fill*         0x0800287c        0x4 
 .text._Z15Get_Bat_Voltageh
                0x08002880      0x180 Periph.cpp.o
                0x08002880                Get_Bat_Voltage(unsigned char)
 .text._Z8Delay_msm
                0x08002a00       0x2c private_delay.cpp.o
                0x08002a00                Delay_ms(unsigned long)
 .text._Z8Init_RTCj
                0x08002a2c       0x34 Private_RTC.cpp.o
                0x08002a2c                Init_RTC(unsigned int)
 .text._Z13RTC_Interruptv
                0x08002a60       0x10 Private_RTC.cpp.o
                0x08002a60                RTC_Interrupt()
 .text._Z41__static_initialization_and_destruction_0ii
                0x08002a70       0x2c Private_RTC.cpp.o
 .text._GLOBAL__sub_I_RtcTime
                0x08002a9c       0x10 Private_RTC.cpp.o
 .text._Z18Read_Cond_and_SaltPjS_h
                0x08002aac      0x184 Private_Sensor.cpp.o
                0x08002aac                Read_Cond_and_Salt(unsigned int*, unsigned int*, unsigned char)
 .text._Z17Read_CO2_and_TVOCPjS_h
                0x08002c30      0x184 Private_Sensor.cpp.o
                0x08002c30                Read_CO2_and_TVOC(unsigned int*, unsigned int*, unsigned char)
 .text._Z23Read_Soil_Temp_and_HumiPfPjPhh
                0x08002db4      0x1bc Private_Sensor.cpp.o
                0x08002db4                Read_Soil_Temp_and_Humi(float*, unsigned int*, unsigned char*, unsigned char)
 .text._Z18Read_Temp_and_HumiPfPjPhh
                0x08002f70      0x1d0 Private_Sensor.cpp.o
                0x08002f70                Read_Temp_and_Humi(float*, unsigned int*, unsigned char*, unsigned char)
 .text._Z8Read_LuxPmh
                0x08003140      0x19c Private_Sensor.cpp.o
                0x08003140                Read_Lux(unsigned long*, unsigned char)
 .text._Z10Read_AtmosPmh
                0x080032dc      0x178 Private_Sensor.cpp.o
                0x080032dc                Read_Atmos(unsigned long*, unsigned char)
 .text._Z7Read_UVPjh
                0x08003454      0x190 Private_Sensor.cpp.o
                0x08003454                Read_UV(unsigned int*, unsigned char)
 .text._Z15Read_Wind_SpeedPfj
                0x080035e4      0x144 Private_Sensor.cpp.o
                0x080035e4                Read_Wind_Speed(float*, unsigned int)
 .text._Z19Read_Wind_DirectionPjh
                0x08003728      0x138 Private_Sensor.cpp.o
                0x08003728                Read_Wind_Direction(unsigned int*, unsigned char)
 .text._Z16Data_Acquisitionv
                0x08003860      0x3f0 Private_Sensor.cpp.o
                0x08003860                Data_Acquisition()
 .text._ZN8TypeConv10Hex_To_DecEPh
                0x08003c50       0x50 public.cpp.o
                0x08003c50                TypeConv::Hex_To_Dec(unsigned char*)
 .text.systick_uptime
                0x08003ca0       0x18 SoftwareI2C.cpp.o
 .text.systick_get_count
                0x08003cb8       0x18 SoftwareI2C.cpp.o
 .text._ZL6millisv
                0x08003cd0       0x10 SoftwareI2C.cpp.o
 .text._ZL6microsv
                0x08003ce0       0x58 SoftwareI2C.cpp.o
 .text._ZN11SoftwareI2C5beginEii
                0x08003d38       0x5c SoftwareI2C.cpp.o
                0x08003d38                SoftwareI2C::begin(int, int)
 .text._ZN11SoftwareI2C6sdaSetEh
                0x08003d94       0x40 SoftwareI2C.cpp.o
                0x08003d94                SoftwareI2C::sdaSet(unsigned char)
 .text._ZN11SoftwareI2C6sclSetEh
                0x08003dd4       0x24 SoftwareI2C.cpp.o
                0x08003dd4                SoftwareI2C::sclSet(unsigned char)
 .text._ZN11SoftwareI2C6getAckEv
                0x08003df8       0x78 SoftwareI2C.cpp.o
                0x08003df8                SoftwareI2C::getAck()
 .text._ZN11SoftwareI2C9sendStartEv
                0x08003e70       0x2c SoftwareI2C.cpp.o
                0x08003e70                SoftwareI2C::sendStart()
 .text._ZN11SoftwareI2C8sendStopEv
                0x08003e9c       0x48 SoftwareI2C.cpp.o
                0x08003e9c                SoftwareI2C::sendStop()
 .text._ZN11SoftwareI2C8sendByteEh
                0x08003ee4       0x5c SoftwareI2C.cpp.o
                0x08003ee4                SoftwareI2C::sendByte(unsigned char)
 .text._ZN11SoftwareI2C11sendByteAckEh
                0x08003f40       0x28 SoftwareI2C.cpp.o
                0x08003f40                SoftwareI2C::sendByteAck(unsigned char)
 .text._ZN11SoftwareI2C17beginTransmissionEh
                0x08003f68       0x30 SoftwareI2C.cpp.o
                0x08003f68                SoftwareI2C::beginTransmission(unsigned char)
 .text._ZN11SoftwareI2C15endTransmissionEv
                0x08003f98       0x18 SoftwareI2C.cpp.o
                0x08003f98                SoftwareI2C::endTransmission()
 .text._ZN11SoftwareI2C5writeEh
                0x08003fb0       0x20 SoftwareI2C.cpp.o
                0x08003fb0                SoftwareI2C::write(unsigned char)
 .text._ZN11SoftwareI2C11requestFromEhh
                0x08003fd0       0x3c SoftwareI2C.cpp.o
                0x08003fd0                SoftwareI2C::requestFrom(unsigned char, unsigned char)
 .text._ZN11SoftwareI2C4readEv
                0x0800400c       0xfc SoftwareI2C.cpp.o
                0x0800400c                SoftwareI2C::read()
 .text._Z7GetCrc8Phi
                0x08004108       0x74 User_CRC8.cpp.o
                0x08004108                GetCrc8(unsigned char*, int)
 .text._ZN7RTClockC2E11rtc_clk_src
                0x0800417c       0x28 RTClock\RTClock.cpp.o
                0x0800417c                RTClock::RTClock(rtc_clk_src)
                0x0800417c                RTClock::RTClock(rtc_clk_src)
 .text._ZN7RTClockC2E11rtc_clk_srct
                0x080041a4       0xd8 RTClock\RTClock.cpp.o
                0x080041a4                RTClock::RTClock(rtc_clk_src, unsigned short)
                0x080041a4                RTClock::RTClock(rtc_clk_src, unsigned short)
 .text._ZN7RTClock7getTimeEv
                0x0800427c       0x18 RTClock\RTClock.cpp.o
                0x0800427c                RTClock::getTime()
 .text._ZN7RTClock11createAlarmEPFvvEl
                0x08004294       0x24 RTClock\RTClock.cpp.o
                0x08004294                RTClock::createAlarm(void (*)(), long)
 .text.bb_perip
                0x080042b8       0x24 RTClock\utility\rtc_util.c.o
 .text.bb_peri_get_bit
                0x080042dc       0x20 RTClock\utility\rtc_util.c.o
 .text.bb_peri_set_bit
                0x080042fc       0x24 RTClock\utility\rtc_util.c.o
 .text.__bb_addr
                0x08004320       0x2c RTClock\utility\rtc_util.c.o
 .text.rcc_start_lsi
                0x0800434c       0x2c RTClock\utility\rtc_util.c.o
 .text.rcc_start_lse
                0x08004378       0x30 RTClock\utility\rtc_util.c.o
 .text.rcc_start_hse
                0x080043a8       0x1c RTClock\utility\rtc_util.c.o
 .text.nvic_irq_enable
                0x080043c4       0x5c RTClock\utility\rtc_util.c.o
 .text.rtc_wait_finished
                0x08004420       0x24 RTClock\utility\rtc_util.c.o
 .text.rtc_clear_sync
                0x08004444       0x24 RTClock\utility\rtc_util.c.o
 .text.rtc_wait_sync
                0x08004468       0x24 RTClock\utility\rtc_util.c.o
 .text.rtc_enter_config_mode
                0x0800448c       0x24 RTClock\utility\rtc_util.c.o
 .text.rtc_exit_config_mode
                0x080044b0       0x24 RTClock\utility\rtc_util.c.o
 .text.rtc_enable_irq
                0x080044d4       0x5c RTClock\utility\rtc_util.c.o
 .text.rtc_disable_irq
                0x08004530       0x5c RTClock\utility\rtc_util.c.o
 .text.rtc_init
                0x0800458c       0xe0 RTClock\utility\rtc_util.c.o
                0x0800458c                rtc_init
 .text.rtc_attach_interrupt
                0x0800466c       0x6c RTClock\utility\rtc_util.c.o
                0x0800466c                rtc_attach_interrupt
 .text.rtc_detach_interrupt
                0x080046d8       0x2c RTClock\utility\rtc_util.c.o
                0x080046d8                rtc_detach_interrupt
 .text.dispatch_multiple_rtc_irq
                0x08004704       0xa4 RTClock\utility\rtc_util.c.o
 .text.__irq_rtc
                0x080047a8        0xc RTClock\utility\rtc_util.c.o
                0x080047a8                __irq_rtc
 .text.__irq_rtcalarm
                0x080047b4       0x34 RTClock\utility\rtc_util.c.o
                0x080047b4                __irq_rtcalarm
 .text.rtc_get_count
                0x080047e8       0x40 RTClock\utility\rtc_util.c.o
                0x080047e8                rtc_get_count
 .text.rtc_set_prescaler_load
                0x08004828       0x44 RTClock\utility\rtc_util.c.o
                0x08004828                rtc_set_prescaler_load
 .text.rtc_set_alarm
                0x0800486c       0x44 RTClock\utility\rtc_util.c.o
                0x0800486c                rtc_set_alarm
 .text._ZN8WireBaseC2Ev
                0x080048b0       0x20 Wire\SoftWire.cpp.o
                0x080048b0                WireBase::WireBase()
                0x080048b0                WireBase::WireBase()
 .text._ZN8WireBaseD2Ev
                0x080048d0       0x20 Wire\SoftWire.cpp.o
                0x080048d0                WireBase::~WireBase()
                0x080048d0                WireBase::~WireBase()
 .text.i2c_disable
                0x080048f0       0x2c Wire\Wire.cpp.o
 .text._ZN8HardWire7processEh
                0x0800491c       0x98 Wire\Wire.cpp.o
                0x0800491c                HardWire::process(unsigned char)
 .text._ZN8HardWire7processEv
                0x080049b4       0x20 Wire\Wire.cpp.o
                0x080049b4                HardWire::process()
 .text._ZN8HardWireC2Ehh
                0x080049d4       0x5c Wire\Wire.cpp.o
                0x080049d4                HardWire::HardWire(unsigned char, unsigned char)
                0x080049d4                HardWire::HardWire(unsigned char, unsigned char)
 .text._ZN8HardWireD2Ev
                0x08004a30       0x34 Wire\Wire.cpp.o
                0x08004a30                HardWire::~HardWire()
                0x08004a30                HardWire::~HardWire()
 .text._ZN8HardWire5beginEh
                0x08004a64       0x24 Wire\Wire.cpp.o
                0x08004a64                HardWire::begin(unsigned char)
 .text._Z41__static_initialization_and_destruction_0ii
                0x08004a88       0x40 Wire\Wire.cpp.o
 .text._GLOBAL__sub_I__ZN8HardWire7processEh
                0x08004ac8       0x10 Wire\Wire.cpp.o
 .text._ZN8WireBase5beginEh
                0x08004ad8       0x38 Wire\WireBase.cpp.o
                0x08004ad8                WireBase::begin(unsigned char)
 .text._Z41__static_initialization_and_destruction_0ii
                0x08004b10       0x98 C:\Users\Administrator\AppData\Local\Temp\VMBCore\arduino16x\a36d8332b2c70548042317cbcde5bc0e\variant\board.cpp.o
 .text._GLOBAL__sub_I_PIN_MAP
                0x08004ba8       0x10 C:\Users\Administrator\AppData\Local\Temp\VMBCore\arduino16x\a36d8332b2c70548042317cbcde5bc0e\variant\board.cpp.o
 .text.bb_perip
                0x08004bb8       0x24 C:\Users\Administrator\AppData\Local\Temp\VMBCore\arduino16x\a36d8332b2c70548042317cbcde5bc0e\variant\boards.cpp.o
 .text.__bb_addr
                0x08004bdc       0x2c C:\Users\Administrator\AppData\Local\Temp\VMBCore\arduino16x\a36d8332b2c70548042317cbcde5bc0e\variant\boards.cpp.o
 .text.rcc_disable_css
                0x08004c08       0x1c C:\Users\Administrator\AppData\Local\Temp\VMBCore\arduino16x\a36d8332b2c70548042317cbcde5bc0e\variant\boards.cpp.o
 .text.timer_pause
                0x08004c24       0x20 C:\Users\Administrator\AppData\Local\Temp\VMBCore\arduino16x\a36d8332b2c70548042317cbcde5bc0e\variant\boards.cpp.o
 .text.timer_resume
                0x08004c44       0x20 C:\Users\Administrator\AppData\Local\Temp\VMBCore\arduino16x\a36d8332b2c70548042317cbcde5bc0e\variant\boards.cpp.o
 .text.timer_set_reload
                0x08004c64       0x20 C:\Users\Administrator\AppData\Local\Temp\VMBCore\arduino16x\a36d8332b2c70548042317cbcde5bc0e\variant\boards.cpp.o
 .text.timer_set_compare
                0x08004c84       0x38 C:\Users\Administrator\AppData\Local\Temp\VMBCore\arduino16x\a36d8332b2c70548042317cbcde5bc0e\variant\boards.cpp.o
 .text.timer_generate_update
                0x08004cbc       0x24 C:\Users\Administrator\AppData\Local\Temp\VMBCore\arduino16x\a36d8332b2c70548042317cbcde5bc0e\variant\boards.cpp.o
 .text.timer_oc_set_mode
                0x08004ce0       0x74 C:\Users\Administrator\AppData\Local\Temp\VMBCore\arduino16x\a36d8332b2c70548042317cbcde5bc0e\variant\boards.cpp.o
 .text.flash_enable_features
                0x08004d54       0x24 C:\Users\Administrator\AppData\Local\Temp\VMBCore\arduino16x\a36d8332b2c70548042317cbcde5bc0e\variant\boards.cpp.o
 .text._Z4initv
                0x08004d78       0x34 C:\Users\Administrator\AppData\Local\Temp\VMBCore\arduino16x\a36d8332b2c70548042317cbcde5bc0e\variant\boards.cpp.o
                0x08004d78                init()
 .text._Z9boardInitv
                0x08004dac        0xc C:\Users\Administrator\AppData\Local\Temp\VMBCore\arduino16x\a36d8332b2c70548042317cbcde5bc0e\variant\boards.cpp.o
                0x08004dac                boardInit()
 .text._ZL11setup_flashv
                0x08004db8       0x14 C:\Users\Administrator\AppData\Local\Temp\VMBCore\arduino16x\a36d8332b2c70548042317cbcde5bc0e\variant\boards.cpp.o
 .text._ZL12setup_clocksv
                0x08004dcc       0x80 C:\Users\Administrator\AppData\Local\Temp\VMBCore\arduino16x\a36d8332b2c70548042317cbcde5bc0e\variant\boards.cpp.o
 .text._ZL10setup_nvicv
                0x08004e4c       0x10 C:\Users\Administrator\AppData\Local\Temp\VMBCore\arduino16x\a36d8332b2c70548042317cbcde5bc0e\variant\boards.cpp.o
 .text._ZL18adc_default_configP7adc_dev
                0x08004e5c       0x24 C:\Users\Administrator\AppData\Local\Temp\VMBCore\arduino16x\a36d8332b2c70548042317cbcde5bc0e\variant\boards.cpp.o
 .text._ZL10setup_adcsv
                0x08004e80       0x20 C:\Users\Administrator\AppData\Local\Temp\VMBCore\arduino16x\a36d8332b2c70548042317cbcde5bc0e\variant\boards.cpp.o
 .text._ZL20timer_default_configP9timer_dev
                0x08004ea0       0xc4 C:\Users\Administrator\AppData\Local\Temp\VMBCore\arduino16x\a36d8332b2c70548042317cbcde5bc0e\variant\boards.cpp.o
 .text._ZL12setup_timersv
                0x08004f64       0x10 C:\Users\Administrator\AppData\Local\Temp\VMBCore\arduino16x\a36d8332b2c70548042317cbcde5bc0e\variant\boards.cpp.o
 .text.gpio_write_bit
                0x08004f74       0x3c C:\Users\Administrator\AppData\Local\Temp\VMBCore\arduino16x\a36d8332b2c70548042317cbcde5bc0e\variant\boards_setup.cpp.o
 .text._ZN6wirish4priv15board_reset_pllEv
                0x08004fb0        0xc C:\Users\Administrator\AppData\Local\Temp\VMBCore\arduino16x\a36d8332b2c70548042317cbcde5bc0e\variant\boards_setup.cpp.o
                0x08004fb0                wirish::priv::board_reset_pll()
 .text._ZN6wirish4priv28board_setup_clock_prescalersEv
                0x08004fbc       0x30 C:\Users\Administrator\AppData\Local\Temp\VMBCore\arduino16x\a36d8332b2c70548042317cbcde5bc0e\variant\boards_setup.cpp.o
                0x08004fbc                wirish::priv::board_setup_clock_prescalers()
 .text._ZN6wirish4priv16board_setup_gpioEv
                0x08004fec        0xc C:\Users\Administrator\AppData\Local\Temp\VMBCore\arduino16x\a36d8332b2c70548042317cbcde5bc0e\variant\boards_setup.cpp.o
                0x08004fec                wirish::priv::board_setup_gpio()
 .text._ZN6wirish4priv15board_setup_usbEv
                0x08004ff8       0x7c C:\Users\Administrator\AppData\Local\Temp\VMBCore\arduino16x\a36d8332b2c70548042317cbcde5bc0e\variant\boards_setup.cpp.o
                0x08004ff8                wirish::priv::board_setup_usb()
 .text._ZN6wirish4priv11series_initEv
                0x08005074        0xc C:\Users\Administrator\AppData\Local\Temp\VMBCore\arduino16x\a36d8332b2c70548042317cbcde5bc0e\variant\boards_setup.cpp.o
                0x08005074                wirish::priv::series_init()
 .text          0x08005080       0x10 C:\Users\Administrator\AppData\Local\Temp\VMBCore\arduino16x\a36d8332b2c70548042317cbcde5bc0e\variant\start.S.o
                0x08005080                __start__
 .text.start_c  0x08005090       0x88 C:\Users\Administrator\AppData\Local\Temp\VMBCore\arduino16x\a36d8332b2c70548042317cbcde5bc0e\variant\start_c.c.o
                0x08005090                start_c
 .text._sbrk    0x08005118       0x70 C:\Users\Administrator\AppData\Local\Temp\VMBCore\arduino16x\a36d8332b2c70548042317cbcde5bc0e\variant\syscalls.c.o
                0x08005118                _sbrk
 .text._exit    0x08005188        0xc C:\Users\Administrator\AppData\Local\Temp\VMBCore\arduino16x\a36d8332b2c70548042317cbcde5bc0e\variant\syscalls.c.o
                0x08005188                _exit
 *fill*         0x08005194        0xc 
 .text          0x080051a0       0x60 C:\Users\Administrator\AppData\Local\Temp\VMBuilds\LoRa_Weather_Station\stm32_genericSTM32F103R\Release/core.a(exc.S.o)
                0x080051a0                __exc_nmi
                0x080051a4                __exc_hardfault
                0x080051a8                __exc_memmanage
                0x080051ac                __exc_busfault
                0x080051b0                __exc_usagefault
 .text          0x08005200        0x2 C:\Users\Administrator\AppData\Local\Temp\VMBuilds\LoRa_Weather_Station\stm32_genericSTM32F103R\Release/core.a(isrs.S.o)
                0x08005200                __stm32reservedexception9
                0x08005200                __irq_dma1_channel3
                0x08005200                __irq_sdio
                0x08005200                __irq_fsmc
                0x08005200                __irq_dma1_channel6
                0x08005200                __exc_debug_monitor
                0x08005200                __irq_dma1_channel1
                0x08005200                __irq_dma2_channel2
                0x08005200                __exc_svc
                0x08005200                __irq_dma1_channel4
                0x08005200                __irq_dma1_channel7
                0x08005200                __irq_exti0
                0x08005200                __irq_can_rx1
                0x08005200                __irq_spi2
                0x08005200                __irq_can_sce
                0x08005200                __irq_exti2
                0x08005200                __irq_exti3
                0x08005200                __irq_exti9_5
                0x08005200                __irq_dma2_channel4_5
                0x08005200                __irq_pvd
                0x08005200                __irq_tamper
                0x08005200                __default_handler
                0x08005200                __irq_wwdg
                0x08005200                __stm32reservedexception10
                0x08005200                __irq_flash
                0x08005200                __irq_dma1_channel2
                0x08005200                __irq_dma1_channel5
                0x08005200                __stm32reservedexception13
                0x08005200                __irq_spi1
                0x08005200                __stm32reservedexception7
                0x08005200                __irq_usb_hp_can_tx
                0x08005200                __irq_exti15_10
                0x08005200                __irq_exti4
                0x08005200                __irq_dma2_channel3
                0x08005200                __irq_spi3
                0x08005200                __stm32reservedexception8
                0x08005200                __irq_dma2_channel1
                0x08005200                __exc_pendsv
                0x08005200                __irq_usbwakeup
                0x08005200                __irq_exti1
                0x08005200                __irq_rcc
 *fill*         0x08005202        0x2 
 .text.adc_set_reg_seqlen
                0x08005204       0x3c C:\Users\Administrator\AppData\Local\Temp\VMBuilds\LoRa_Weather_Station\stm32_genericSTM32F103R\Release/core.a(adc.c.o)
 .text.adc_init
                0x08005240       0x24 C:\Users\Administrator\AppData\Local\Temp\VMBuilds\LoRa_Weather_Station\stm32_genericSTM32F103R\Release/core.a(adc.c.o)
                0x08005240                adc_init
 .text.adc_set_extsel
                0x08005264       0x3c C:\Users\Administrator\AppData\Local\Temp\VMBuilds\LoRa_Weather_Station\stm32_genericSTM32F103R\Release/core.a(adc.c.o)
                0x08005264                adc_set_extsel
 .text.adc_set_sample_rate
                0x080052a0       0x70 C:\Users\Administrator\AppData\Local\Temp\VMBuilds\LoRa_Weather_Station\stm32_genericSTM32F103R\Release/core.a(adc.c.o)
                0x080052a0                adc_set_sample_rate
 .text.adc_read
                0x08005310       0x48 C:\Users\Administrator\AppData\Local\Temp\VMBuilds\LoRa_Weather_Station\stm32_genericSTM32F103R\Release/core.a(adc.c.o)
                0x08005310                adc_read
 .text.bb_perip
                0x08005358       0x24 C:\Users\Administrator\AppData\Local\Temp\VMBuilds\LoRa_Weather_Station\stm32_genericSTM32F103R\Release/core.a(adc_f1.c.o)
 .text.__bb_addr
                0x0800537c       0x2c C:\Users\Administrator\AppData\Local\Temp\VMBuilds\LoRa_Weather_Station\stm32_genericSTM32F103R\Release/core.a(adc_f1.c.o)
 .text.adc_set_exttrig
                0x080053a8       0x30 C:\Users\Administrator\AppData\Local\Temp\VMBuilds\LoRa_Weather_Station\stm32_genericSTM32F103R\Release/core.a(adc_f1.c.o)
 .text.adc_enable
                0x080053d8       0x24 C:\Users\Administrator\AppData\Local\Temp\VMBuilds\LoRa_Weather_Station\stm32_genericSTM32F103R\Release/core.a(adc_f1.c.o)
 .text.__irq_adc
                0x080053fc       0xac C:\Users\Administrator\AppData\Local\Temp\VMBuilds\LoRa_Weather_Station\stm32_genericSTM32F103R\Release/core.a(adc_f1.c.o)
                0x080053fc                __irq_adc
 .text.__irq_adc3
                0x080054a8       0xac C:\Users\Administrator\AppData\Local\Temp\VMBuilds\LoRa_Weather_Station\stm32_genericSTM32F103R\Release/core.a(adc_f1.c.o)
                0x080054a8                __irq_adc3
 .text.adc_calibrate
                0x08005554       0x50 C:\Users\Administrator\AppData\Local\Temp\VMBuilds\LoRa_Weather_Station\stm32_genericSTM32F103R\Release/core.a(adc_f1.c.o)
                0x08005554                adc_calibrate
 .text.adc_set_prescaler
                0x080055a4       0x1c C:\Users\Administrator\AppData\Local\Temp\VMBuilds\LoRa_Weather_Station\stm32_genericSTM32F103R\Release/core.a(adc_f1.c.o)
                0x080055a4                adc_set_prescaler
 .text.adc_foreach
                0x080055c0       0x38 C:\Users\Administrator\AppData\Local\Temp\VMBuilds\LoRa_Weather_Station\stm32_genericSTM32F103R\Release/core.a(adc_f1.c.o)
                0x080055c0                adc_foreach
 .text.adc_enable_single_swstart
                0x080055f8       0x34 C:\Users\Administrator\AppData\Local\Temp\VMBuilds\LoRa_Weather_Station\stm32_genericSTM32F103R\Release/core.a(adc_f1.c.o)
                0x080055f8                adc_enable_single_swstart
 .text.bb_perip
                0x0800562c       0x24 C:\Users\Administrator\AppData\Local\Temp\VMBuilds\LoRa_Weather_Station\stm32_genericSTM32F103R\Release/core.a(bkp_f1.c.o)
 .text.__bb_addr
                0x08005650       0x2c C:\Users\Administrator\AppData\Local\Temp\VMBuilds\LoRa_Weather_Station\stm32_genericSTM32F103R\Release/core.a(bkp_f1.c.o)
 .text.bkp_init
                0x0800567c       0x18 C:\Users\Administrator\AppData\Local\Temp\VMBuilds\LoRa_Weather_Station\stm32_genericSTM32F103R\Release/core.a(bkp_f1.c.o)
                0x0800567c                bkp_init
 .text.bkp_enable_writes
                0x08005694       0x18 C:\Users\Administrator\AppData\Local\Temp\VMBuilds\LoRa_Weather_Station\stm32_genericSTM32F103R\Release/core.a(bkp_f1.c.o)
                0x08005694                bkp_enable_writes
 .text.flash_set_latency
                0x080056ac       0x34 C:\Users\Administrator\AppData\Local\Temp\VMBuilds\LoRa_Weather_Station\stm32_genericSTM32F103R\Release/core.a(flash.c.o)
                0x080056ac                flash_set_latency
 .text.gpio_init_all
                0x080056e0       0x5c C:\Users\Administrator\AppData\Local\Temp\VMBuilds\LoRa_Weather_Station\stm32_genericSTM32F103R\Release/core.a(gpio_f1.c.o)
                0x080056e0                gpio_init_all
 .text.gpio_set_mode
                0x0800573c       0xa0 C:\Users\Administrator\AppData\Local\Temp\VMBuilds\LoRa_Weather_Station\stm32_genericSTM32F103R\Release/core.a(gpio_f1.c.o)
                0x0800573c                gpio_set_mode
 .text.afio_init
                0x080057dc       0x14 C:\Users\Administrator\AppData\Local\Temp\VMBuilds\LoRa_Weather_Station\stm32_genericSTM32F103R\Release/core.a(gpio_f1.c.o)
                0x080057dc                afio_init
 .text.afio_remap
                0x080057f0       0x40 C:\Users\Administrator\AppData\Local\Temp\VMBuilds\LoRa_Weather_Station\stm32_genericSTM32F103R\Release/core.a(gpio_f1.c.o)
                0x080057f0                afio_remap
 .text.nvic_irq_enable
                0x08005830       0x5c C:\Users\Administrator\AppData\Local\Temp\VMBuilds\LoRa_Weather_Station\stm32_genericSTM32F103R\Release/core.a(i2c.c.o)
 .text.scl_port
                0x0800588c       0x28 C:\Users\Administrator\AppData\Local\Temp\VMBuilds\LoRa_Weather_Station\stm32_genericSTM32F103R\Release/core.a(i2c.c.o)
 .text.sda_port
                0x080058b4       0x28 C:\Users\Administrator\AppData\Local\Temp\VMBuilds\LoRa_Weather_Station\stm32_genericSTM32F103R\Release/core.a(i2c.c.o)
 .text.delay_us
                0x080058dc       0x2c C:\Users\Administrator\AppData\Local\Temp\VMBuilds\LoRa_Weather_Station\stm32_genericSTM32F103R\Release/core.a(i2c.c.o)
 .text.gpio_write_bit
                0x08005908       0x3c C:\Users\Administrator\AppData\Local\Temp\VMBuilds\LoRa_Weather_Station\stm32_genericSTM32F103R\Release/core.a(i2c.c.o)
 .text.gpio_read_bit
                0x08005944       0x28 C:\Users\Administrator\AppData\Local\Temp\VMBuilds\LoRa_Weather_Station\stm32_genericSTM32F103R\Release/core.a(i2c.c.o)
 .text._i2c_bus_clk
                0x0800596c       0x18 C:\Users\Administrator\AppData\Local\Temp\VMBuilds\LoRa_Weather_Station\stm32_genericSTM32F103R\Release/core.a(i2c.c.o)
 .text._i2c_handle_remap
                0x08005984       0x40 C:\Users\Administrator\AppData\Local\Temp\VMBuilds\LoRa_Weather_Station\stm32_genericSTM32F103R\Release/core.a(i2c.c.o)
 .text.i2c_start_condition
                0x080059c4       0x38 C:\Users\Administrator\AppData\Local\Temp\VMBuilds\LoRa_Weather_Station\stm32_genericSTM32F103R\Release/core.a(i2c.c.o)
 .text.i2c_stop_condition
                0x080059fc       0x4c C:\Users\Administrator\AppData\Local\Temp\VMBuilds\LoRa_Weather_Station\stm32_genericSTM32F103R\Release/core.a(i2c.c.o)
 .text.i2c_enable_irq
                0x08005a48       0x28 C:\Users\Administrator\AppData\Local\Temp\VMBuilds\LoRa_Weather_Station\stm32_genericSTM32F103R\Release/core.a(i2c.c.o)
 .text.i2c_disable_irq
                0x08005a70       0x28 C:\Users\Administrator\AppData\Local\Temp\VMBuilds\LoRa_Weather_Station\stm32_genericSTM32F103R\Release/core.a(i2c.c.o)
 .text.i2c_enable_ack
                0x08005a98       0x24 C:\Users\Administrator\AppData\Local\Temp\VMBuilds\LoRa_Weather_Station\stm32_genericSTM32F103R\Release/core.a(i2c.c.o)
 .text.i2c_disable_ack
                0x08005abc       0x24 C:\Users\Administrator\AppData\Local\Temp\VMBuilds\LoRa_Weather_Station\stm32_genericSTM32F103R\Release/core.a(i2c.c.o)
 .text.i2c_peripheral_enable
                0x08005ae0       0x24 C:\Users\Administrator\AppData\Local\Temp\VMBuilds\LoRa_Weather_Station\stm32_genericSTM32F103R\Release/core.a(i2c.c.o)
 .text.i2c_write
                0x08005b04       0x20 C:\Users\Administrator\AppData\Local\Temp\VMBuilds\LoRa_Weather_Station\stm32_genericSTM32F103R\Release/core.a(i2c.c.o)
 .text.i2c_set_input_clk
                0x08005b24       0x34 C:\Users\Administrator\AppData\Local\Temp\VMBuilds\LoRa_Weather_Station\stm32_genericSTM32F103R\Release/core.a(i2c.c.o)
 .text.i2c_set_clk_control
                0x08005b58       0x38 C:\Users\Administrator\AppData\Local\Temp\VMBuilds\LoRa_Weather_Station\stm32_genericSTM32F103R\Release/core.a(i2c.c.o)
 .text.i2c_set_trise
                0x08005b90       0x1c C:\Users\Administrator\AppData\Local\Temp\VMBuilds\LoRa_Weather_Station\stm32_genericSTM32F103R\Release/core.a(i2c.c.o)
 .text.systick_uptime
                0x08005bac       0x18 C:\Users\Administrator\AppData\Local\Temp\VMBuilds\LoRa_Weather_Station\stm32_genericSTM32F103R\Release/core.a(i2c.c.o)
 .text.i2c_send_slave_addr
                0x08005bc4       0x24 C:\Users\Administrator\AppData\Local\Temp\VMBuilds\LoRa_Weather_Station\stm32_genericSTM32F103R\Release/core.a(i2c.c.o)
 .text.i2c_bus_reset
                0x08005be8       0xf4 C:\Users\Administrator\AppData\Local\Temp\VMBuilds\LoRa_Weather_Station\stm32_genericSTM32F103R\Release/core.a(i2c.c.o)
                0x08005be8                i2c_bus_reset
 .text.i2c_init
                0x08005cdc       0x28 C:\Users\Administrator\AppData\Local\Temp\VMBuilds\LoRa_Weather_Station\stm32_genericSTM32F103R\Release/core.a(i2c.c.o)
                0x08005cdc                i2c_init
 .text.i2c_master_enable
                0x08005d04       0x70 C:\Users\Administrator\AppData\Local\Temp\VMBuilds\LoRa_Weather_Station\stm32_genericSTM32F103R\Release/core.a(i2c.c.o)
                0x08005d04                i2c_master_enable
 .text.i2c_master_xfer
                0x08005d74       0x64 C:\Users\Administrator\AppData\Local\Temp\VMBuilds\LoRa_Weather_Station\stm32_genericSTM32F103R\Release/core.a(i2c.c.o)
                0x08005d74                i2c_master_xfer
 .text.wait_for_state_change
                0x08005dd8       0x60 C:\Users\Administrator\AppData\Local\Temp\VMBuilds\LoRa_Weather_Station\stm32_genericSTM32F103R\Release/core.a(i2c.c.o)
 .text._i2c_irq_handler
                0x08005e38      0x24c C:\Users\Administrator\AppData\Local\Temp\VMBuilds\LoRa_Weather_Station\stm32_genericSTM32F103R\Release/core.a(i2c.c.o)
                0x08005e38                _i2c_irq_handler
 .text._i2c_irq_error_handler
                0x08006084       0x44 C:\Users\Administrator\AppData\Local\Temp\VMBuilds\LoRa_Weather_Station\stm32_genericSTM32F103R\Release/core.a(i2c.c.o)
                0x08006084                _i2c_irq_error_handler
 .text.set_ccr_trise
                0x080060c8       0xdc C:\Users\Administrator\AppData\Local\Temp\VMBuilds\LoRa_Weather_Station\stm32_genericSTM32F103R\Release/core.a(i2c.c.o)
 .text.scl_port
                0x080061a4       0x28 C:\Users\Administrator\AppData\Local\Temp\VMBuilds\LoRa_Weather_Station\stm32_genericSTM32F103R\Release/core.a(i2c_f1.c.o)
 .text.sda_port
                0x080061cc       0x28 C:\Users\Administrator\AppData\Local\Temp\VMBuilds\LoRa_Weather_Station\stm32_genericSTM32F103R\Release/core.a(i2c_f1.c.o)
 .text.gpio_write_bit
                0x080061f4       0x3c C:\Users\Administrator\AppData\Local\Temp\VMBuilds\LoRa_Weather_Station\stm32_genericSTM32F103R\Release/core.a(i2c_f1.c.o)
 .text.i2c1_wants_remap
                0x08006230       0x4c C:\Users\Administrator\AppData\Local\Temp\VMBuilds\LoRa_Weather_Station\stm32_genericSTM32F103R\Release/core.a(i2c_f1.c.o)
 .text.i2c_config_gpios
                0x0800627c       0x4c C:\Users\Administrator\AppData\Local\Temp\VMBuilds\LoRa_Weather_Station\stm32_genericSTM32F103R\Release/core.a(i2c_f1.c.o)
                0x0800627c                i2c_config_gpios
 .text.i2c_master_release_bus
                0x080062c8       0x68 C:\Users\Administrator\AppData\Local\Temp\VMBuilds\LoRa_Weather_Station\stm32_genericSTM32F103R\Release/core.a(i2c_f1.c.o)
                0x080062c8                i2c_master_release_bus
 .text.__irq_i2c1_ev
                0x08006330       0x14 C:\Users\Administrator\AppData\Local\Temp\VMBuilds\LoRa_Weather_Station\stm32_genericSTM32F103R\Release/core.a(i2c_f1.c.o)
                0x08006330                __irq_i2c1_ev
 .text.__irq_i2c2_ev
                0x08006344       0x14 C:\Users\Administrator\AppData\Local\Temp\VMBuilds\LoRa_Weather_Station\stm32_genericSTM32F103R\Release/core.a(i2c_f1.c.o)
                0x08006344                __irq_i2c2_ev
 .text.__irq_i2c1_er
                0x08006358       0x14 C:\Users\Administrator\AppData\Local\Temp\VMBuilds\LoRa_Weather_Station\stm32_genericSTM32F103R\Release/core.a(i2c_f1.c.o)
                0x08006358                __irq_i2c1_er
 .text.__irq_i2c2_er
                0x0800636c       0x14 C:\Users\Administrator\AppData\Local\Temp\VMBuilds\LoRa_Weather_Station\stm32_genericSTM32F103R\Release/core.a(i2c_f1.c.o)
                0x0800636c                __irq_i2c2_er
 .text._i2c_irq_priority_fixup
                0x08006380       0x30 C:\Users\Administrator\AppData\Local\Temp\VMBuilds\LoRa_Weather_Station\stm32_genericSTM32F103R\Release/core.a(i2c_f1.c.o)
                0x08006380                _i2c_irq_priority_fixup
 .text.nvic_irq_set_priority
                0x080063b0       0x50 C:\Users\Administrator\AppData\Local\Temp\VMBuilds\LoRa_Weather_Station\stm32_genericSTM32F103R\Release/core.a(nvic.c.o)
                0x080063b0                nvic_irq_set_priority
 .text.nvic_init
                0x08006400       0x44 C:\Users\Administrator\AppData\Local\Temp\VMBuilds\LoRa_Weather_Station\stm32_genericSTM32F103R\Release/core.a(nvic.c.o)
                0x08006400                nvic_init
 .text.nvic_set_vector_table
                0x08006444       0x2c C:\Users\Administrator\AppData\Local\Temp\VMBuilds\LoRa_Weather_Station\stm32_genericSTM32F103R\Release/core.a(nvic.c.o)
                0x08006444                nvic_set_vector_table
 .text.nvic_sys_reset
                0x08006470       0x28 C:\Users\Administrator\AppData\Local\Temp\VMBuilds\LoRa_Weather_Station\stm32_genericSTM32F103R\Release/core.a(nvic.c.o)
                0x08006470                nvic_sys_reset
 .text.__WFI    0x08006498       0x10 C:\Users\Administrator\AppData\Local\Temp\VMBuilds\LoRa_Weather_Station\stm32_genericSTM32F103R\Release/core.a(pwr.c.o)
 .text.PWR_WakeUpPinCmd
                0x080064a8       0x20 C:\Users\Administrator\AppData\Local\Temp\VMBuilds\LoRa_Weather_Station\stm32_genericSTM32F103R\Release/core.a(pwr.c.o)
                0x080064a8                PWR_WakeUpPinCmd
 .text.PWR_EnterSTANDBYMode
                0x080064c8       0x38 C:\Users\Administrator\AppData\Local\Temp\VMBuilds\LoRa_Weather_Station\stm32_genericSTM32F103R\Release/core.a(pwr.c.o)
                0x080064c8                PWR_EnterSTANDBYMode
 .text.PWR_ClearFlag
                0x08006500       0x24 C:\Users\Administrator\AppData\Local\Temp\VMBuilds\LoRa_Weather_Station\stm32_genericSTM32F103R\Release/core.a(pwr.c.o)
                0x08006500                PWR_ClearFlag
 .text.rcc_dev_clk
                0x08006524       0x24 C:\Users\Administrator\AppData\Local\Temp\VMBuilds\LoRa_Weather_Station\stm32_genericSTM32F103R\Release/core.a(rcc.c.o)
                0x08006524                rcc_dev_clk
 .text.rcc_switch_sysclk
                0x08006548       0x48 C:\Users\Administrator\AppData\Local\Temp\VMBuilds\LoRa_Weather_Station\stm32_genericSTM32F103R\Release/core.a(rcc.c.o)
                0x08006548                rcc_switch_sysclk
 .text.rcc_clk_reg
                0x08006590       0x24 C:\Users\Administrator\AppData\Local\Temp\VMBuilds\LoRa_Weather_Station\stm32_genericSTM32F103R\Release/core.a(rcc.c.o)
 .text.rcc_clk_on_mask
                0x080065b4       0x20 C:\Users\Administrator\AppData\Local\Temp\VMBuilds\LoRa_Weather_Station\stm32_genericSTM32F103R\Release/core.a(rcc.c.o)
 .text.rcc_clk_ready_mask
                0x080065d4       0x20 C:\Users\Administrator\AppData\Local\Temp\VMBuilds\LoRa_Weather_Station\stm32_genericSTM32F103R\Release/core.a(rcc.c.o)
 .text.rcc_turn_on_clk
                0x080065f4       0x2c C:\Users\Administrator\AppData\Local\Temp\VMBuilds\LoRa_Weather_Station\stm32_genericSTM32F103R\Release/core.a(rcc.c.o)
                0x080065f4                rcc_turn_on_clk
 .text.rcc_turn_off_clk
                0x08006620       0x2c C:\Users\Administrator\AppData\Local\Temp\VMBuilds\LoRa_Weather_Station\stm32_genericSTM32F103R\Release/core.a(rcc.c.o)
                0x08006620                rcc_turn_off_clk
 .text.rcc_is_clk_on
                0x0800664c       0x34 C:\Users\Administrator\AppData\Local\Temp\VMBuilds\LoRa_Weather_Station\stm32_genericSTM32F103R\Release/core.a(rcc.c.o)
                0x0800664c                rcc_is_clk_on
 .text.rcc_is_clk_ready
                0x08006680       0x2c C:\Users\Administrator\AppData\Local\Temp\VMBuilds\LoRa_Weather_Station\stm32_genericSTM32F103R\Release/core.a(rcc.c.o)
                0x08006680                rcc_is_clk_ready
 .text.bb_perip
                0x080066ac       0x24 C:\Users\Administrator\AppData\Local\Temp\VMBuilds\LoRa_Weather_Station\stm32_genericSTM32F103R\Release/core.a(rcc_f1.c.o)
 .text.bb_peri_set_bit
                0x080066d0       0x24 C:\Users\Administrator\AppData\Local\Temp\VMBuilds\LoRa_Weather_Station\stm32_genericSTM32F103R\Release/core.a(rcc_f1.c.o)
 .text.__bb_addr
                0x080066f4       0x2c C:\Users\Administrator\AppData\Local\Temp\VMBuilds\LoRa_Weather_Station\stm32_genericSTM32F103R\Release/core.a(rcc_f1.c.o)
 .text.rcc_do_clk_enable
                0x08006720       0x44 C:\Users\Administrator\AppData\Local\Temp\VMBuilds\LoRa_Weather_Station\stm32_genericSTM32F103R\Release/core.a(rcc_f1.c.o)
 .text.rcc_do_reset_dev
                0x08006764       0x50 C:\Users\Administrator\AppData\Local\Temp\VMBuilds\LoRa_Weather_Station\stm32_genericSTM32F103R\Release/core.a(rcc_f1.c.o)
 .text.rcc_do_set_prescaler
                0x080067b4       0x44 C:\Users\Administrator\AppData\Local\Temp\VMBuilds\LoRa_Weather_Station\stm32_genericSTM32F103R\Release/core.a(rcc_f1.c.o)
 .text.rcc_do_clk_disable
                0x080067f8       0x44 C:\Users\Administrator\AppData\Local\Temp\VMBuilds\LoRa_Weather_Station\stm32_genericSTM32F103R\Release/core.a(rcc_f1.c.o)
 .text.rcc_configure_pll
                0x0800683c       0x60 C:\Users\Administrator\AppData\Local\Temp\VMBuilds\LoRa_Weather_Station\stm32_genericSTM32F103R\Release/core.a(rcc_f1.c.o)
                0x0800683c                rcc_configure_pll
 .text.rcc_clk_enable
                0x0800689c       0x20 C:\Users\Administrator\AppData\Local\Temp\VMBuilds\LoRa_Weather_Station\stm32_genericSTM32F103R\Release/core.a(rcc_f1.c.o)
                0x0800689c                rcc_clk_enable
 .text.rcc_reset_dev
                0x080068bc       0x20 C:\Users\Administrator\AppData\Local\Temp\VMBuilds\LoRa_Weather_Station\stm32_genericSTM32F103R\Release/core.a(rcc_f1.c.o)
                0x080068bc                rcc_reset_dev
 .text.rcc_set_prescaler
                0x080068dc       0x24 C:\Users\Administrator\AppData\Local\Temp\VMBuilds\LoRa_Weather_Station\stm32_genericSTM32F103R\Release/core.a(rcc_f1.c.o)
                0x080068dc                rcc_set_prescaler
 .text.rcc_clk_disable
                0x08006900       0x20 C:\Users\Administrator\AppData\Local\Temp\VMBuilds\LoRa_Weather_Station\stm32_genericSTM32F103R\Release/core.a(rcc_f1.c.o)
                0x08006900                rcc_clk_disable
 .text.systick_init
                0x08006920       0x1c C:\Users\Administrator\AppData\Local\Temp\VMBuilds\LoRa_Weather_Station\stm32_genericSTM32F103R\Release/core.a(systick.c.o)
                0x08006920                systick_init
 .text.systick_enable
                0x0800693c       0x18 C:\Users\Administrator\AppData\Local\Temp\VMBuilds\LoRa_Weather_Station\stm32_genericSTM32F103R\Release/core.a(systick.c.o)
                0x0800693c                systick_enable
 .text.__exc_systick
                0x08006954       0x28 C:\Users\Administrator\AppData\Local\Temp\VMBuilds\LoRa_Weather_Station\stm32_genericSTM32F103R\Release/core.a(systick.c.o)
                0x08006954                __exc_systick
 .text.bb_perip
                0x0800697c       0x24 C:\Users\Administrator\AppData\Local\Temp\VMBuilds\LoRa_Weather_Station\stm32_genericSTM32F103R\Release/core.a(timer.c.o)
 .text.__bb_addr
                0x080069a0       0x2c C:\Users\Administrator\AppData\Local\Temp\VMBuilds\LoRa_Weather_Station\stm32_genericSTM32F103R\Release/core.a(timer.c.o)
 .text.nvic_irq_enable
                0x080069cc       0x5c C:\Users\Administrator\AppData\Local\Temp\VMBuilds\LoRa_Weather_Station\stm32_genericSTM32F103R\Release/core.a(timer.c.o)
 .text.timer_resume
                0x08006a28       0x20 C:\Users\Administrator\AppData\Local\Temp\VMBuilds\LoRa_Weather_Station\stm32_genericSTM32F103R\Release/core.a(timer.c.o)
 .text.timer_enable_irq
                0x08006a48       0x2c C:\Users\Administrator\AppData\Local\Temp\VMBuilds\LoRa_Weather_Station\stm32_genericSTM32F103R\Release/core.a(timer.c.o)
 .text.timer_disable_irq
                0x08006a74       0x2c C:\Users\Administrator\AppData\Local\Temp\VMBuilds\LoRa_Weather_Station\stm32_genericSTM32F103R\Release/core.a(timer.c.o)
 .text.timer_cc_enable
                0x08006aa0       0x30 C:\Users\Administrator\AppData\Local\Temp\VMBuilds\LoRa_Weather_Station\stm32_genericSTM32F103R\Release/core.a(timer.c.o)
 .text.timer_cc_disable
                0x08006ad0       0x30 C:\Users\Administrator\AppData\Local\Temp\VMBuilds\LoRa_Weather_Station\stm32_genericSTM32F103R\Release/core.a(timer.c.o)
 .text.timer_oc_set_mode
                0x08006b00       0x74 C:\Users\Administrator\AppData\Local\Temp\VMBuilds\LoRa_Weather_Station\stm32_genericSTM32F103R\Release/core.a(timer.c.o)
 .text.timer_foreach
                0x08006b74       0x70 C:\Users\Administrator\AppData\Local\Temp\VMBuilds\LoRa_Weather_Station\stm32_genericSTM32F103R\Release/core.a(timer.c.o)
                0x08006b74                timer_foreach
 .text.timer_init
                0x08006be4       0x24 C:\Users\Administrator\AppData\Local\Temp\VMBuilds\LoRa_Weather_Station\stm32_genericSTM32F103R\Release/core.a(timer.c.o)
                0x08006be4                timer_init
 .text.timer_set_mode
                0x08006c08       0x90 C:\Users\Administrator\AppData\Local\Temp\VMBuilds\LoRa_Weather_Station\stm32_genericSTM32F103R\Release/core.a(timer.c.o)
                0x08006c08                timer_set_mode
 .text.timer_has_cc_channel
                0x08006c98       0x58 C:\Users\Administrator\AppData\Local\Temp\VMBuilds\LoRa_Weather_Station\stm32_genericSTM32F103R\Release/core.a(timer.c.o)
                0x08006c98                timer_has_cc_channel
 .text.timer_attach_interrupt
                0x08006cf0       0x34 C:\Users\Administrator\AppData\Local\Temp\VMBuilds\LoRa_Weather_Station\stm32_genericSTM32F103R\Release/core.a(timer.c.o)
                0x08006cf0                timer_attach_interrupt
 .text.timer_detach_interrupt
                0x08006d24       0x28 C:\Users\Administrator\AppData\Local\Temp\VMBuilds\LoRa_Weather_Station\stm32_genericSTM32F103R\Release/core.a(timer.c.o)
                0x08006d24                timer_detach_interrupt
 .text.disable_channel
                0x08006d4c       0x28 C:\Users\Administrator\AppData\Local\Temp\VMBuilds\LoRa_Weather_Station\stm32_genericSTM32F103R\Release/core.a(timer.c.o)
 .text.pwm_mode
                0x08006d74       0x34 C:\Users\Administrator\AppData\Local\Temp\VMBuilds\LoRa_Weather_Station\stm32_genericSTM32F103R\Release/core.a(timer.c.o)
 .text.output_compare_mode
                0x08006da8       0x2c C:\Users\Administrator\AppData\Local\Temp\VMBuilds\LoRa_Weather_Station\stm32_genericSTM32F103R\Release/core.a(timer.c.o)
 .text.encoder_mode
                0x08006dd4       0x2c C:\Users\Administrator\AppData\Local\Temp\VMBuilds\LoRa_Weather_Station\stm32_genericSTM32F103R\Release/core.a(timer.c.o)
 .text.enable_irq
                0x08006e00       0x2c C:\Users\Administrator\AppData\Local\Temp\VMBuilds\LoRa_Weather_Station\stm32_genericSTM32F103R\Release/core.a(timer.c.o)
 .text.enable_adv_irq
                0x08006e2c       0x9c C:\Users\Administrator\AppData\Local\Temp\VMBuilds\LoRa_Weather_Station\stm32_genericSTM32F103R\Release/core.a(timer.c.o)
 .text.enable_bas_gen_irq
                0x08006ec8       0xbc C:\Users\Administrator\AppData\Local\Temp\VMBuilds\LoRa_Weather_Station\stm32_genericSTM32F103R\Release/core.a(timer.c.o)
 .text.__irq_tim1_brk
                0x08006f84       0x5c C:\Users\Administrator\AppData\Local\Temp\VMBuilds\LoRa_Weather_Station\stm32_genericSTM32F103R\Release/core.a(timer.c.o)
                0x08006f84                __irq_tim1_brk
 .text.__irq_tim1_up
                0x08006fe0       0x5c C:\Users\Administrator\AppData\Local\Temp\VMBuilds\LoRa_Weather_Station\stm32_genericSTM32F103R\Release/core.a(timer.c.o)
                0x08006fe0                __irq_tim1_up
 .text.__irq_tim1_trg_com
                0x0800703c       0x84 C:\Users\Administrator\AppData\Local\Temp\VMBuilds\LoRa_Weather_Station\stm32_genericSTM32F103R\Release/core.a(timer.c.o)
                0x0800703c                __irq_tim1_trg_com
 .text.__irq_tim1_cc
                0x080070c0       0xc8 C:\Users\Administrator\AppData\Local\Temp\VMBuilds\LoRa_Weather_Station\stm32_genericSTM32F103R\Release/core.a(timer.c.o)
                0x080070c0                __irq_tim1_cc
 .text.__irq_tim2
                0x08007188      0x10c C:\Users\Administrator\AppData\Local\Temp\VMBuilds\LoRa_Weather_Station\stm32_genericSTM32F103R\Release/core.a(timer.c.o)
                0x08007188                __irq_tim2
 .text.__irq_tim3
                0x08007294      0x10c C:\Users\Administrator\AppData\Local\Temp\VMBuilds\LoRa_Weather_Station\stm32_genericSTM32F103R\Release/core.a(timer.c.o)
                0x08007294                __irq_tim3
 .text.__irq_tim4
                0x080073a0      0x10c C:\Users\Administrator\AppData\Local\Temp\VMBuilds\LoRa_Weather_Station\stm32_genericSTM32F103R\Release/core.a(timer.c.o)
                0x080073a0                __irq_tim4
 .text.__irq_tim5
                0x080074ac      0x10c C:\Users\Administrator\AppData\Local\Temp\VMBuilds\LoRa_Weather_Station\stm32_genericSTM32F103R\Release/core.a(timer.c.o)
                0x080074ac                __irq_tim5
 .text.__irq_tim6
                0x080075b8       0x5c C:\Users\Administrator\AppData\Local\Temp\VMBuilds\LoRa_Weather_Station\stm32_genericSTM32F103R\Release/core.a(timer.c.o)
                0x080075b8                __irq_tim6
 .text.__irq_tim7
                0x08007614       0x5c C:\Users\Administrator\AppData\Local\Temp\VMBuilds\LoRa_Weather_Station\stm32_genericSTM32F103R\Release/core.a(timer.c.o)
                0x08007614                __irq_tim7
 .text.__irq_tim8_brk
                0x08007670       0x5c C:\Users\Administrator\AppData\Local\Temp\VMBuilds\LoRa_Weather_Station\stm32_genericSTM32F103R\Release/core.a(timer.c.o)
                0x08007670                __irq_tim8_brk
 .text.__irq_tim8_up
                0x080076cc       0x5c C:\Users\Administrator\AppData\Local\Temp\VMBuilds\LoRa_Weather_Station\stm32_genericSTM32F103R\Release/core.a(timer.c.o)
                0x080076cc                __irq_tim8_up
 .text.__irq_tim8_trg_com
                0x08007728       0x84 C:\Users\Administrator\AppData\Local\Temp\VMBuilds\LoRa_Weather_Station\stm32_genericSTM32F103R\Release/core.a(timer.c.o)
                0x08007728                __irq_tim8_trg_com
 .text.__irq_tim8_cc
                0x080077ac       0xc8 C:\Users\Administrator\AppData\Local\Temp\VMBuilds\LoRa_Weather_Station\stm32_genericSTM32F103R\Release/core.a(timer.c.o)
                0x080077ac                __irq_tim8_cc
 .text.rb_is_full
                0x08007874       0x48 C:\Users\Administrator\AppData\Local\Temp\VMBuilds\LoRa_Weather_Station\stm32_genericSTM32F103R\Release/core.a(usart_f1.c.o)
 .text.rb_is_empty
                0x080078bc       0x2c C:\Users\Administrator\AppData\Local\Temp\VMBuilds\LoRa_Weather_Station\stm32_genericSTM32F103R\Release/core.a(usart_f1.c.o)
 .text.rb_insert
                0x080078e8       0x48 C:\Users\Administrator\AppData\Local\Temp\VMBuilds\LoRa_Weather_Station\stm32_genericSTM32F103R\Release/core.a(usart_f1.c.o)
 .text.rb_remove
                0x08007930       0x48 C:\Users\Administrator\AppData\Local\Temp\VMBuilds\LoRa_Weather_Station\stm32_genericSTM32F103R\Release/core.a(usart_f1.c.o)
 .text.rb_push_insert
                0x08007978       0x3c C:\Users\Administrator\AppData\Local\Temp\VMBuilds\LoRa_Weather_Station\stm32_genericSTM32F103R\Release/core.a(usart_f1.c.o)
 .text.usart_config_gpios_async
                0x080079b4       0x68 C:\Users\Administrator\AppData\Local\Temp\VMBuilds\LoRa_Weather_Station\stm32_genericSTM32F103R\Release/core.a(usart_f1.c.o)
                0x080079b4                usart_config_gpios_async
 .text.usart_set_baud_rate
                0x08007a1c       0x7c C:\Users\Administrator\AppData\Local\Temp\VMBuilds\LoRa_Weather_Station\stm32_genericSTM32F103R\Release/core.a(usart_f1.c.o)
                0x08007a1c                usart_set_baud_rate
 .text.__irq_usart1
                0x08007a98       0x8c C:\Users\Administrator\AppData\Local\Temp\VMBuilds\LoRa_Weather_Station\stm32_genericSTM32F103R\Release/core.a(usart_f1.c.o)
                0x08007a98                __irq_usart1
 .text.__irq_usart2
                0x08007b24       0x8c C:\Users\Administrator\AppData\Local\Temp\VMBuilds\LoRa_Weather_Station\stm32_genericSTM32F103R\Release/core.a(usart_f1.c.o)
                0x08007b24                __irq_usart2
 .text.__irq_usart3
                0x08007bb0       0x8c C:\Users\Administrator\AppData\Local\Temp\VMBuilds\LoRa_Weather_Station\stm32_genericSTM32F103R\Release/core.a(usart_f1.c.o)
                0x08007bb0                __irq_usart3
 .text.__irq_uart4
                0x08007c3c       0x8c C:\Users\Administrator\AppData\Local\Temp\VMBuilds\LoRa_Weather_Station\stm32_genericSTM32F103R\Release/core.a(usart_f1.c.o)
                0x08007c3c                __irq_uart4
 .text.__irq_uart5
                0x08007cc8       0x8c C:\Users\Administrator\AppData\Local\Temp\VMBuilds\LoRa_Weather_Station\stm32_genericSTM32F103R\Release/core.a(usart_f1.c.o)
                0x08007cc8                __irq_uart5
 .text._usart_clock_freq
                0x08007d54       0x40 C:\Users\Administrator\AppData\Local\Temp\VMBuilds\LoRa_Weather_Station\stm32_genericSTM32F103R\Release/core.a(usart_private.c.o)
                0x08007d54                _usart_clock_freq
 .text.usart_putc
                0x08007d94       0x28 C:\Users\Administrator\AppData\Local\Temp\VMBuilds\LoRa_Weather_Station\stm32_genericSTM32F103R\Release/core.a(util.c.o)
 .text.usart_putstr
                0x08007dbc       0x38 C:\Users\Administrator\AppData\Local\Temp\VMBuilds\LoRa_Weather_Station\stm32_genericSTM32F103R\Release/core.a(util.c.o)
 .text.gpio_write_bit
                0x08007df4       0x3c C:\Users\Administrator\AppData\Local\Temp\VMBuilds\LoRa_Weather_Station\stm32_genericSTM32F103R\Release/core.a(util.c.o)
 .text.__error  0x08007e30       0x18 C:\Users\Administrator\AppData\Local\Temp\VMBuilds\LoRa_Weather_Station\stm32_genericSTM32F103R\Release/core.a(util.c.o)
                0x08007e30                __error
 .text._fail    0x08007e48       0x70 C:\Users\Administrator\AppData\Local\Temp\VMBuilds\LoRa_Weather_Station\stm32_genericSTM32F103R\Release/core.a(util.c.o)
                0x08007e48                _fail
 .text.throb    0x08007eb8       0x88 C:\Users\Administrator\AppData\Local\Temp\VMBuilds\LoRa_Weather_Station\stm32_genericSTM32F103R\Release/core.a(util.c.o)
                0x08007eb8                throb
 .text.__cxa_pure_virtual
                0x08007f40        0x8 C:\Users\Administrator\AppData\Local\Temp\VMBuilds\LoRa_Weather_Station\stm32_genericSTM32F103R\Release/core.a(cxxabi-compat.cpp.o)
                0x08007f40                __cxa_pure_virtual
 .text._ZN5PrintC2Ev
                0x08007f48       0x28 C:\Users\Administrator\AppData\Local\Temp\VMBuilds\LoRa_Weather_Station\stm32_genericSTM32F103R\Release/core.a(HardwareSerial.cpp.o)
                0x08007f48                Print::Print()
                0x08007f48                Print::Print()
 .text._ZN6StreamC2Ev
                0x08007f70       0x2c C:\Users\Administrator\AppData\Local\Temp\VMBuilds\LoRa_Weather_Station\stm32_genericSTM32F103R\Release/core.a(HardwareSerial.cpp.o)
                0x08007f70                Stream::Stream()
                0x08007f70                Stream::Stream()
 .text.rb_full_count
                0x08007f9c       0x58 C:\Users\Administrator\AppData\Local\Temp\VMBuilds\LoRa_Weather_Station\stm32_genericSTM32F103R\Release/core.a(HardwareSerial.cpp.o)
 .text.rb_is_empty
                0x08007ff4       0x2c C:\Users\Administrator\AppData\Local\Temp\VMBuilds\LoRa_Weather_Station\stm32_genericSTM32F103R\Release/core.a(HardwareSerial.cpp.o)
 .text.rb_remove
                0x08008020       0x48 C:\Users\Administrator\AppData\Local\Temp\VMBuilds\LoRa_Weather_Station\stm32_genericSTM32F103R\Release/core.a(HardwareSerial.cpp.o)
 .text.rb_peek  0x08008068       0x44 C:\Users\Administrator\AppData\Local\Temp\VMBuilds\LoRa_Weather_Station\stm32_genericSTM32F103R\Release/core.a(HardwareSerial.cpp.o)
 .text.usart_putc
                0x080080ac       0x30 C:\Users\Administrator\AppData\Local\Temp\VMBuilds\LoRa_Weather_Station\stm32_genericSTM32F103R\Release/core.a(HardwareSerial.cpp.o)
 .text.usart_getc
                0x080080dc       0x1c C:\Users\Administrator\AppData\Local\Temp\VMBuilds\LoRa_Weather_Station\stm32_genericSTM32F103R\Release/core.a(HardwareSerial.cpp.o)
 .text.usart_peek
                0x080080f8       0x1c C:\Users\Administrator\AppData\Local\Temp\VMBuilds\LoRa_Weather_Station\stm32_genericSTM32F103R\Release/core.a(HardwareSerial.cpp.o)
 .text.usart_data_available
                0x08008114       0x1c C:\Users\Administrator\AppData\Local\Temp\VMBuilds\LoRa_Weather_Station\stm32_genericSTM32F103R\Release/core.a(HardwareSerial.cpp.o)
 .text._ZN14HardwareSerialC2EP9usart_devhh
                0x08008130       0x3c C:\Users\Administrator\AppData\Local\Temp\VMBuilds\LoRa_Weather_Station\stm32_genericSTM32F103R\Release/core.a(HardwareSerial.cpp.o)
                0x08008130                HardwareSerial::HardwareSerial(usart_dev*, unsigned char, unsigned char)
                0x08008130                HardwareSerial::HardwareSerial(usart_dev*, unsigned char, unsigned char)
 .text._ZL26disable_timer_if_necessaryP9timer_devh
                0x0800816c       0x24 C:\Users\Administrator\AppData\Local\Temp\VMBuilds\LoRa_Weather_Station\stm32_genericSTM32F103R\Release/core.a(HardwareSerial.cpp.o)
 .text._ZN14HardwareSerial5beginEm
                0x08008190       0x1c C:\Users\Administrator\AppData\Local\Temp\VMBuilds\LoRa_Weather_Station\stm32_genericSTM32F103R\Release/core.a(HardwareSerial.cpp.o)
                0x08008190                HardwareSerial::begin(unsigned long)
 .text._ZN14HardwareSerial5beginEmh
                0x080081ac       0x90 C:\Users\Administrator\AppData\Local\Temp\VMBuilds\LoRa_Weather_Station\stm32_genericSTM32F103R\Release/core.a(HardwareSerial.cpp.o)
                0x080081ac                HardwareSerial::begin(unsigned long, unsigned char)
 .text._ZN14HardwareSerial3endEv
                0x0800823c       0x18 C:\Users\Administrator\AppData\Local\Temp\VMBuilds\LoRa_Weather_Station\stm32_genericSTM32F103R\Release/core.a(HardwareSerial.cpp.o)
                0x0800823c                HardwareSerial::end()
 .text._ZN14HardwareSerial4readEv
                0x08008254       0x3c C:\Users\Administrator\AppData\Local\Temp\VMBuilds\LoRa_Weather_Station\stm32_genericSTM32F103R\Release/core.a(HardwareSerial.cpp.o)
                0x08008254                HardwareSerial::read()
 .text._ZN14HardwareSerial9availableEv
                0x08008290       0x1c C:\Users\Administrator\AppData\Local\Temp\VMBuilds\LoRa_Weather_Station\stm32_genericSTM32F103R\Release/core.a(HardwareSerial.cpp.o)
                0x08008290                HardwareSerial::available()
 .text._ZN14HardwareSerial4peekEv
                0x080082ac       0x1c C:\Users\Administrator\AppData\Local\Temp\VMBuilds\LoRa_Weather_Station\stm32_genericSTM32F103R\Release/core.a(HardwareSerial.cpp.o)
                0x080082ac                HardwareSerial::peek()
 .text._ZN14HardwareSerial5writeEh
                0x080082c8       0x24 C:\Users\Administrator\AppData\Local\Temp\VMBuilds\LoRa_Weather_Station\stm32_genericSTM32F103R\Release/core.a(HardwareSerial.cpp.o)
                0x080082c8                HardwareSerial::write(unsigned char)
 .text._ZN14HardwareSerial5flushEv
                0x080082ec       0x48 C:\Users\Administrator\AppData\Local\Temp\VMBuilds\LoRa_Weather_Station\stm32_genericSTM32F103R\Release/core.a(HardwareSerial.cpp.o)
                0x080082ec                HardwareSerial::flush()
 .text.timer_set_prescaler
                0x08008334       0x20 C:\Users\Administrator\AppData\Local\Temp\VMBuilds\LoRa_Weather_Station\stm32_genericSTM32F103R\Release/core.a(HardwareTimer.cpp.o)
 .text.timer_get_reload
                0x08008354       0x1c C:\Users\Administrator\AppData\Local\Temp\VMBuilds\LoRa_Weather_Station\stm32_genericSTM32F103R\Release/core.a(HardwareTimer.cpp.o)
 .text.timer_set_reload
                0x08008370       0x20 C:\Users\Administrator\AppData\Local\Temp\VMBuilds\LoRa_Weather_Station\stm32_genericSTM32F103R\Release/core.a(HardwareTimer.cpp.o)
 .text.timer_set_compare
                0x08008390       0x38 C:\Users\Administrator\AppData\Local\Temp\VMBuilds\LoRa_Weather_Station\stm32_genericSTM32F103R\Release/core.a(HardwareTimer.cpp.o)
 .text.set_this_dev
                0x080083c8       0x30 C:\Users\Administrator\AppData\Local\Temp\VMBuilds\LoRa_Weather_Station\stm32_genericSTM32F103R\Release/core.a(HardwareTimer.cpp.o)
 .text._ZN13HardwareTimerC2Eh
                0x080083f8       0x44 C:\Users\Administrator\AppData\Local\Temp\VMBuilds\LoRa_Weather_Station\stm32_genericSTM32F103R\Release/core.a(HardwareTimer.cpp.o)
                0x080083f8                HardwareTimer::HardwareTimer(unsigned char)
                0x080083f8                HardwareTimer::HardwareTimer(unsigned char)
 .text._ZN13HardwareTimer17setPrescaleFactorEm
                0x0800843c       0x24 C:\Users\Administrator\AppData\Local\Temp\VMBuilds\LoRa_Weather_Station\stm32_genericSTM32F103R\Release/core.a(HardwareTimer.cpp.o)
                0x0800843c                HardwareTimer::setPrescaleFactor(unsigned long)
 .text._ZN13HardwareTimer11getOverflowEv
                0x08008460       0x1c C:\Users\Administrator\AppData\Local\Temp\VMBuilds\LoRa_Weather_Station\stm32_genericSTM32F103R\Release/core.a(HardwareTimer.cpp.o)
                0x08008460                HardwareTimer::getOverflow()
 .text._ZN13HardwareTimer11setOverflowEt
                0x0800847c       0x20 C:\Users\Administrator\AppData\Local\Temp\VMBuilds\LoRa_Weather_Station\stm32_genericSTM32F103R\Release/core.a(HardwareTimer.cpp.o)
                0x0800847c                HardwareTimer::setOverflow(unsigned short)
 .text._ZN13HardwareTimer9setPeriodEm
                0x0800849c       0x7c C:\Users\Administrator\AppData\Local\Temp\VMBuilds\LoRa_Weather_Station\stm32_genericSTM32F103R\Release/core.a(HardwareTimer.cpp.o)
                0x0800849c                HardwareTimer::setPeriod(unsigned long)
 .text._ZN13HardwareTimer7setModeEi10timer_mode
                0x08008518       0x28 C:\Users\Administrator\AppData\Local\Temp\VMBuilds\LoRa_Weather_Station\stm32_genericSTM32F103R\Release/core.a(HardwareTimer.cpp.o)
                0x08008518                HardwareTimer::setMode(int, timer_mode)
 .text._ZN13HardwareTimer10setCompareEit
                0x08008540       0x40 C:\Users\Administrator\AppData\Local\Temp\VMBuilds\LoRa_Weather_Station\stm32_genericSTM32F103R\Release/core.a(HardwareTimer.cpp.o)
                0x08008540                HardwareTimer::setCompare(int, unsigned short)
 .text._ZN13HardwareTimer15attachInterruptEiPFvvE
                0x08008580       0x24 C:\Users\Administrator\AppData\Local\Temp\VMBuilds\LoRa_Weather_Station\stm32_genericSTM32F103R\Release/core.a(HardwareTimer.cpp.o)
                0x08008580                HardwareTimer::attachInterrupt(int, void (*)())
 .text._ZN13HardwareTimer15detachInterruptEi
                0x080085a4       0x20 C:\Users\Administrator\AppData\Local\Temp\VMBuilds\LoRa_Weather_Station\stm32_genericSTM32F103R\Release/core.a(HardwareTimer.cpp.o)
                0x080085a4                HardwareTimer::detachInterrupt(int)
 .text._Z41__static_initialization_and_destruction_0ii
                0x080085c4       0x80 C:\Users\Administrator\AppData\Local\Temp\VMBuilds\LoRa_Weather_Station\stm32_genericSTM32F103R\Release/core.a(HardwareTimer.cpp.o)
 .text._GLOBAL__sub_I__ZN13HardwareTimerC2Eh
                0x08008644       0x10 C:\Users\Administrator\AppData\Local\Temp\VMBuilds\LoRa_Weather_Station\stm32_genericSTM32F103R\Release/core.a(HardwareTimer.cpp.o)
 .text._Z7premainv
                0x08008654        0xc C:\Users\Administrator\AppData\Local\Temp\VMBuilds\LoRa_Weather_Station\stm32_genericSTM32F103R\Release/core.a(main.cpp.o)
                0x08008654                premain()
 .text.main     0x08008660       0x10 C:\Users\Administrator\AppData\Local\Temp\VMBuilds\LoRa_Weather_Station\stm32_genericSTM32F103R\Release/core.a(main.cpp.o)
                0x08008660                main
 .text._ZN5Print5writeEPKc
                0x08008670       0x3c C:\Users\Administrator\AppData\Local\Temp\VMBuilds\LoRa_Weather_Station\stm32_genericSTM32F103R\Release/core.a(Print.cpp.o)
                0x08008670                Print::write(char const*)
 .text._ZN5Print5writeEPKvm
                0x080086ac       0x50 C:\Users\Administrator\AppData\Local\Temp\VMBuilds\LoRa_Weather_Station\stm32_genericSTM32F103R\Release/core.a(Print.cpp.o)
                0x080086ac                Print::write(void const*, unsigned long)
 .text._ZN5Print5printEhi
                0x080086fc       0x28 C:\Users\Administrator\AppData\Local\Temp\VMBuilds\LoRa_Weather_Station\stm32_genericSTM32F103R\Release/core.a(Print.cpp.o)
                0x080086fc                Print::print(unsigned char, int)
 .text._ZN5Print5printEc
                0x08008724       0x24 C:\Users\Administrator\AppData\Local\Temp\VMBuilds\LoRa_Weather_Station\stm32_genericSTM32F103R\Release/core.a(Print.cpp.o)
                0x08008724                Print::print(char)
 .text._ZN5Print5printEPKc
                0x08008748       0x24 C:\Users\Administrator\AppData\Local\Temp\VMBuilds\LoRa_Weather_Station\stm32_genericSTM32F103R\Release/core.a(Print.cpp.o)
                0x08008748                Print::print(char const*)
 .text._ZN5Print5printEii
                0x0800876c       0x28 C:\Users\Administrator\AppData\Local\Temp\VMBuilds\LoRa_Weather_Station\stm32_genericSTM32F103R\Release/core.a(Print.cpp.o)
                0x0800876c                Print::print(int, int)
 .text._ZN5Print5printEji
                0x08008794       0x28 C:\Users\Administrator\AppData\Local\Temp\VMBuilds\LoRa_Weather_Station\stm32_genericSTM32F103R\Release/core.a(Print.cpp.o)
                0x08008794                Print::print(unsigned int, int)
 .text._ZN5Print5printEmi
                0x080087bc       0x28 C:\Users\Administrator\AppData\Local\Temp\VMBuilds\LoRa_Weather_Station\stm32_genericSTM32F103R\Release/core.a(Print.cpp.o)
                0x080087bc                Print::print(unsigned long, int)
 .text._ZN5Print5printExi
                0x080087e4       0x60 C:\Users\Administrator\AppData\Local\Temp\VMBuilds\LoRa_Weather_Station\stm32_genericSTM32F103R\Release/core.a(Print.cpp.o)
                0x080087e4                Print::print(long long, int)
 .text._ZN5Print5printEyi
                0x08008844       0x44 C:\Users\Administrator\AppData\Local\Temp\VMBuilds\LoRa_Weather_Station\stm32_genericSTM32F103R\Release/core.a(Print.cpp.o)
                0x08008844                Print::print(unsigned long long, int)
 .text._ZN5Print5printEdi
                0x08008888       0x28 C:\Users\Administrator\AppData\Local\Temp\VMBuilds\LoRa_Weather_Station\stm32_genericSTM32F103R\Release/core.a(Print.cpp.o)
                0x08008888                Print::print(double, int)
 .text._ZN5Print7printlnEv
                0x080088b0       0x2c C:\Users\Administrator\AppData\Local\Temp\VMBuilds\LoRa_Weather_Station\stm32_genericSTM32F103R\Release/core.a(Print.cpp.o)
                0x080088b0                Print::println()
 .text._ZN5Print7printlnEPKc
                0x080088dc       0x2c C:\Users\Administrator\AppData\Local\Temp\VMBuilds\LoRa_Weather_Station\stm32_genericSTM32F103R\Release/core.a(Print.cpp.o)
                0x080088dc                Print::println(char const*)
 .text._ZN5Print7printlnEhi
                0x08008908       0x34 C:\Users\Administrator\AppData\Local\Temp\VMBuilds\LoRa_Weather_Station\stm32_genericSTM32F103R\Release/core.a(Print.cpp.o)
                0x08008908                Print::println(unsigned char, int)
 .text._ZN5Print7printlnEji
                0x0800893c       0x30 C:\Users\Administrator\AppData\Local\Temp\VMBuilds\LoRa_Weather_Station\stm32_genericSTM32F103R\Release/core.a(Print.cpp.o)
                0x0800893c                Print::println(unsigned int, int)
 .text._ZN5Print11printNumberEyh
                0x0800896c       0xd0 C:\Users\Administrator\AppData\Local\Temp\VMBuilds\LoRa_Weather_Station\stm32_genericSTM32F103R\Release/core.a(Print.cpp.o)
                0x0800896c                Print::printNumber(unsigned long long, unsigned char)
 *fill*         0x08008a3c        0x4 
 .text._ZN5Print10printFloatEdh
                0x08008a40      0x210 C:\Users\Administrator\AppData\Local\Temp\VMBuilds\LoRa_Weather_Station\stm32_genericSTM32F103R\Release/core.a(Print.cpp.o)
                0x08008a40                Print::printFloat(double, unsigned char)
 .text.delay_us
                0x08008c50       0x2c C:\Users\Administrator\AppData\Local\Temp\VMBuilds\LoRa_Weather_Station\stm32_genericSTM32F103R\Release/core.a(usb_serial.cpp.o)
 .text.usb_is_connected
                0x08008c7c       0x24 C:\Users\Administrator\AppData\Local\Temp\VMBuilds\LoRa_Weather_Station\stm32_genericSTM32F103R\Release/core.a(usb_serial.cpp.o)
 .text.usb_is_configured
                0x08008ca0       0x24 C:\Users\Administrator\AppData\Local\Temp\VMBuilds\LoRa_Weather_Station\stm32_genericSTM32F103R\Release/core.a(usb_serial.cpp.o)
 .text._ZN9USBSerialC2Ev
                0x08008cc4       0x24 C:\Users\Administrator\AppData\Local\Temp\VMBuilds\LoRa_Weather_Station\stm32_genericSTM32F103R\Release/core.a(usb_serial.cpp.o)
                0x08008cc4                USBSerial::USBSerial()
                0x08008cc4                USBSerial::USBSerial()
 .text._ZN9USBSerial5beginEv
                0x08008ce8       0x4c C:\Users\Administrator\AppData\Local\Temp\VMBuilds\LoRa_Weather_Station\stm32_genericSTM32F103R\Release/core.a(usb_serial.cpp.o)
                0x08008ce8                USBSerial::begin()
 .text._ZN9USBSerial5beginEm
                0x08008d34       0x20 C:\Users\Administrator\AppData\Local\Temp\VMBuilds\LoRa_Weather_Station\stm32_genericSTM32F103R\Release/core.a(usb_serial.cpp.o)
                0x08008d34                USBSerial::begin(unsigned long)
 .text._ZN9USBSerial5writeEh
                0x08008d54       0x28 C:\Users\Administrator\AppData\Local\Temp\VMBuilds\LoRa_Weather_Station\stm32_genericSTM32F103R\Release/core.a(usb_serial.cpp.o)
                0x08008d54                USBSerial::write(unsigned char)
 .text._ZN9USBSerial5writeEPKc
                0x08008d7c       0x2c C:\Users\Administrator\AppData\Local\Temp\VMBuilds\LoRa_Weather_Station\stm32_genericSTM32F103R\Release/core.a(usb_serial.cpp.o)
                0x08008d7c                USBSerial::write(char const*)
 .text._ZN9USBSerial5writeEPKhm
                0x08008da8       0x6c C:\Users\Administrator\AppData\Local\Temp\VMBuilds\LoRa_Weather_Station\stm32_genericSTM32F103R\Release/core.a(usb_serial.cpp.o)
                0x08008da8                USBSerial::write(unsigned char const*, unsigned long)
 .text._ZN9USBSerial9availableEv
                0x08008e14       0x18 C:\Users\Administrator\AppData\Local\Temp\VMBuilds\LoRa_Weather_Station\stm32_genericSTM32F103R\Release/core.a(usb_serial.cpp.o)
                0x08008e14                USBSerial::available()
 .text._ZN9USBSerial4peekEv
                0x08008e2c       0x34 C:\Users\Administrator\AppData\Local\Temp\VMBuilds\LoRa_Weather_Station\stm32_genericSTM32F103R\Release/core.a(usb_serial.cpp.o)
                0x08008e2c                USBSerial::peek()
 .text._ZN9USBSerial5flushEv
                0x08008e60       0x34 C:\Users\Administrator\AppData\Local\Temp\VMBuilds\LoRa_Weather_Station\stm32_genericSTM32F103R\Release/core.a(usb_serial.cpp.o)
                0x08008e60                USBSerial::flush()
 .text._ZN9USBSerial4readEPhm
                0x08008e94       0x40 C:\Users\Administrator\AppData\Local\Temp\VMBuilds\LoRa_Weather_Station\stm32_genericSTM32F103R\Release/core.a(usb_serial.cpp.o)
                0x08008e94                USBSerial::read(unsigned char*, unsigned long)
 .text._ZN9USBSerial4readEv
                0x08008ed4       0x34 C:\Users\Administrator\AppData\Local\Temp\VMBuilds\LoRa_Weather_Station\stm32_genericSTM32F103R\Release/core.a(usb_serial.cpp.o)
                0x08008ed4                USBSerial::read()
 .text._ZN9USBSerialcvbEv
                0x08008f08       0x44 C:\Users\Administrator\AppData\Local\Temp\VMBuilds\LoRa_Weather_Station\stm32_genericSTM32F103R\Release/core.a(usb_serial.cpp.o)
                0x08008f08                USBSerial::operator bool()
 .text._ZL14ifaceSetupHookjPv
                0x08008f4c       0xbc C:\Users\Administrator\AppData\Local\Temp\VMBuilds\LoRa_Weather_Station\stm32_genericSTM32F103R\Release/core.a(usb_serial.cpp.o)
 .text._ZL10wait_resetv
                0x08009008       0x14 C:\Users\Administrator\AppData\Local\Temp\VMBuilds\LoRa_Weather_Station\stm32_genericSTM32F103R\Release/core.a(usb_serial.cpp.o)
 .text._ZL6rxHookjPv
                0x0800901c       0xcc C:\Users\Administrator\AppData\Local\Temp\VMBuilds\LoRa_Weather_Station\stm32_genericSTM32F103R\Release/core.a(usb_serial.cpp.o)
 .text._Z41__static_initialization_and_destruction_0ii
                0x080090e8       0x2c C:\Users\Administrator\AppData\Local\Temp\VMBuilds\LoRa_Weather_Station\stm32_genericSTM32F103R\Release/core.a(usb_serial.cpp.o)
 .text._GLOBAL__sub_I__ZN9USBSerial9_hasBegunE
                0x08009114       0x10 C:\Users\Administrator\AppData\Local\Temp\VMBuilds\LoRa_Weather_Station\stm32_genericSTM32F103R\Release/core.a(usb_serial.cpp.o)
 .text._Z10analogReadh
                0x08009124       0x44 C:\Users\Administrator\AppData\Local\Temp\VMBuilds\LoRa_Weather_Station\stm32_genericSTM32F103R\Release/core.a(wirish_analog.cpp.o)
                0x08009124                analogRead(unsigned char)
 .text.gpio_write_bit
                0x08009168       0x3c C:\Users\Administrator\AppData\Local\Temp\VMBuilds\LoRa_Weather_Station\stm32_genericSTM32F103R\Release/core.a(wirish_digital.cpp.o)
 .text.gpio_read_bit
                0x080091a4       0x28 C:\Users\Administrator\AppData\Local\Temp\VMBuilds\LoRa_Weather_Station\stm32_genericSTM32F103R\Release/core.a(wirish_digital.cpp.o)
 .text._Z11digitalReadh
                0x080091cc       0x4c C:\Users\Administrator\AppData\Local\Temp\VMBuilds\LoRa_Weather_Station\stm32_genericSTM32F103R\Release/core.a(wirish_digital.cpp.o)
                0x080091cc                digitalRead(unsigned char)
 .text._Z12digitalWritehh
                0x08009218       0x44 C:\Users\Administrator\AppData\Local\Temp\VMBuilds\LoRa_Weather_Station\stm32_genericSTM32F103R\Release/core.a(wirish_digital.cpp.o)
                0x08009218                digitalWrite(unsigned char, unsigned char)
 .text.systick_uptime
                0x0800925c       0x18 C:\Users\Administrator\AppData\Local\Temp\VMBuilds\LoRa_Weather_Station\stm32_genericSTM32F103R\Release/core.a(wirish_time.cpp.o)
 .text.delay_us
                0x08009274       0x2c C:\Users\Administrator\AppData\Local\Temp\VMBuilds\LoRa_Weather_Station\stm32_genericSTM32F103R\Release/core.a(wirish_time.cpp.o)
 .text._ZL6millisv
                0x080092a0       0x10 C:\Users\Administrator\AppData\Local\Temp\VMBuilds\LoRa_Weather_Station\stm32_genericSTM32F103R\Release/core.a(wirish_time.cpp.o)
 .text._Z5delaym
                0x080092b0       0x34 C:\Users\Administrator\AppData\Local\Temp\VMBuilds\LoRa_Weather_Station\stm32_genericSTM32F103R\Release/core.a(wirish_time.cpp.o)
                0x080092b0                delay(unsigned long)
 .text._Z17delayMicrosecondsm
                0x080092e4       0x14 C:\Users\Administrator\AppData\Local\Temp\VMBuilds\LoRa_Weather_Station\stm32_genericSTM32F103R\Release/core.a(wirish_time.cpp.o)
                0x080092e4                delayMicroseconds(unsigned long)
 .text.bb_perip
                0x080092f8       0x24 C:\Users\Administrator\AppData\Local\Temp\VMBuilds\LoRa_Weather_Station\stm32_genericSTM32F103R\Release/core.a(wirish_digital_f1.cpp.o)
 .text.__bb_addr
                0x0800931c       0x2c C:\Users\Administrator\AppData\Local\Temp\VMBuilds\LoRa_Weather_Station\stm32_genericSTM32F103R\Release/core.a(wirish_digital_f1.cpp.o)
 .text.timer_cc_disable
                0x08009348       0x30 C:\Users\Administrator\AppData\Local\Temp\VMBuilds\LoRa_Weather_Station\stm32_genericSTM32F103R\Release/core.a(wirish_digital_f1.cpp.o)
 .text._Z7pinModeh13WiringPinMode
                0x08009378      0x108 C:\Users\Administrator\AppData\Local\Temp\VMBuilds\LoRa_Weather_Station\stm32_genericSTM32F103R\Release/core.a(wirish_digital_f1.cpp.o)
                0x08009378                pinMode(unsigned char, WiringPinMode)
 .text.__empty  0x08009480        0xc C:\Users\Administrator\AppData\Local\Temp\VMBuilds\LoRa_Weather_Station\stm32_genericSTM32F103R\Release/core.a(hooks.c.o)
                0x08009480                yield
 .text.gpio_init
                0x0800948c       0x24 C:\Users\Administrator\AppData\Local\Temp\VMBuilds\LoRa_Weather_Station\stm32_genericSTM32F103R\Release/core.a(gpio.c.o)
                0x0800948c                gpio_init
 .text.iwdg_init
                0x080094b0       0x38 C:\Users\Administrator\AppData\Local\Temp\VMBuilds\LoRa_Weather_Station\stm32_genericSTM32F103R\Release/core.a(iwdg.c.o)
                0x080094b0                iwdg_init
 .text.iwdg_feed
                0x080094e8       0x18 C:\Users\Administrator\AppData\Local\Temp\VMBuilds\LoRa_Weather_Station\stm32_genericSTM32F103R\Release/core.a(iwdg.c.o)
                0x080094e8                iwdg_feed
 .text.nvic_irq_enable
                0x08009500       0x5c C:\Users\Administrator\AppData\Local\Temp\VMBuilds\LoRa_Weather_Station\stm32_genericSTM32F103R\Release/core.a(usart.c.o)
 .text.rb_init  0x0800955c       0x34 C:\Users\Administrator\AppData\Local\Temp\VMBuilds\LoRa_Weather_Station\stm32_genericSTM32F103R\Release/core.a(usart.c.o)
 .text.rb_is_full
                0x08009590       0x48 C:\Users\Administrator\AppData\Local\Temp\VMBuilds\LoRa_Weather_Station\stm32_genericSTM32F103R\Release/core.a(usart.c.o)
 .text.rb_is_empty
                0x080095d8       0x2c C:\Users\Administrator\AppData\Local\Temp\VMBuilds\LoRa_Weather_Station\stm32_genericSTM32F103R\Release/core.a(usart.c.o)
 .text.rb_insert
                0x08009604       0x48 C:\Users\Administrator\AppData\Local\Temp\VMBuilds\LoRa_Weather_Station\stm32_genericSTM32F103R\Release/core.a(usart.c.o)
 .text.rb_safe_insert
                0x0800964c       0x30 C:\Users\Administrator\AppData\Local\Temp\VMBuilds\LoRa_Weather_Station\stm32_genericSTM32F103R\Release/core.a(usart.c.o)
 .text.rb_reset
                0x0800967c       0x1c C:\Users\Administrator\AppData\Local\Temp\VMBuilds\LoRa_Weather_Station\stm32_genericSTM32F103R\Release/core.a(usart.c.o)
 .text.usart_putc
                0x08009698       0x28 C:\Users\Administrator\AppData\Local\Temp\VMBuilds\LoRa_Weather_Station\stm32_genericSTM32F103R\Release/core.a(usart.c.o)
 .text.usart_reset_rx
                0x080096c0       0x18 C:\Users\Administrator\AppData\Local\Temp\VMBuilds\LoRa_Weather_Station\stm32_genericSTM32F103R\Release/core.a(usart.c.o)
 .text.usart_reset_tx
                0x080096d8       0x18 C:\Users\Administrator\AppData\Local\Temp\VMBuilds\LoRa_Weather_Station\stm32_genericSTM32F103R\Release/core.a(usart.c.o)
 .text.usart_init
                0x080096f0       0x50 C:\Users\Administrator\AppData\Local\Temp\VMBuilds\LoRa_Weather_Station\stm32_genericSTM32F103R\Release/core.a(usart.c.o)
                0x080096f0                usart_init
 .text.usart_enable
                0x08009740       0x30 C:\Users\Administrator\AppData\Local\Temp\VMBuilds\LoRa_Weather_Station\stm32_genericSTM32F103R\Release/core.a(usart.c.o)
                0x08009740                usart_enable
 .text.usart_disable
                0x08009770       0x58 C:\Users\Administrator\AppData\Local\Temp\VMBuilds\LoRa_Weather_Station\stm32_genericSTM32F103R\Release/core.a(usart.c.o)
                0x08009770                usart_disable
 .text.usart_tx
                0x080097c8       0xb0 C:\Users\Administrator\AppData\Local\Temp\VMBuilds\LoRa_Weather_Station\stm32_genericSTM32F103R\Release/core.a(usart.c.o)
                0x080097c8                usart_tx
 .text.usart_putudec
                0x08009878       0x74 C:\Users\Administrator\AppData\Local\Temp\VMBuilds\LoRa_Weather_Station\stm32_genericSTM32F103R\Release/core.a(usart.c.o)
                0x08009878                usart_putudec
 .text.usb_clear_ctr_rx
                0x080098ec       0x34 C:\Users\Administrator\AppData\Local\Temp\VMBuilds\LoRa_Weather_Station\stm32_genericSTM32F103R\Release/core.a(usb.c.o)
 .text.usb_clear_ctr_tx
                0x08009920       0x34 C:\Users\Administrator\AppData\Local\Temp\VMBuilds\LoRa_Weather_Station\stm32_genericSTM32F103R\Release/core.a(usb.c.o)
 .text.usb_set_ep_rx_stat
                0x08009954       0x50 C:\Users\Administrator\AppData\Local\Temp\VMBuilds\LoRa_Weather_Station\stm32_genericSTM32F103R\Release/core.a(usb.c.o)
 .text.usb_set_ep_tx_stat
                0x080099a4       0x50 C:\Users\Administrator\AppData\Local\Temp\VMBuilds\LoRa_Weather_Station\stm32_genericSTM32F103R\Release/core.a(usb.c.o)
 .text.usb_init_usblib
                0x080099f4       0x64 C:\Users\Administrator\AppData\Local\Temp\VMBuilds\LoRa_Weather_Station\stm32_genericSTM32F103R\Release/core.a(usb.c.o)
                0x080099f4                usb_init_usblib
 .text.usb_suspend
                0x08009a58       0x50 C:\Users\Administrator\AppData\Local\Temp\VMBuilds\LoRa_Weather_Station\stm32_genericSTM32F103R\Release/core.a(usb.c.o)
 .text.usb_resume_init
                0x08009aa8       0x30 C:\Users\Administrator\AppData\Local\Temp\VMBuilds\LoRa_Weather_Station\stm32_genericSTM32F103R\Release/core.a(usb.c.o)
 .text.usb_resume
                0x08009ad8      0x114 C:\Users\Administrator\AppData\Local\Temp\VMBuilds\LoRa_Weather_Station\stm32_genericSTM32F103R\Release/core.a(usb.c.o)
 .text.__irq_usb_lp_can_rx0
                0x08009bec       0xe8 C:\Users\Administrator\AppData\Local\Temp\VMBuilds\LoRa_Weather_Station\stm32_genericSTM32F103R\Release/core.a(usb.c.o)
                0x08009bec                __irq_usb_lp_can_rx0
 .text.dispatch_ctr_lp
                0x08009cd4       0x58 C:\Users\Administrator\AppData\Local\Temp\VMBuilds\LoRa_Weather_Station\stm32_genericSTM32F103R\Release/core.a(usb.c.o)
 .text.dispatch_endpt_zero
                0x08009d2c       0xd0 C:\Users\Administrator\AppData\Local\Temp\VMBuilds\LoRa_Weather_Station\stm32_genericSTM32F103R\Release/core.a(usb.c.o)
 .text.dispatch_endpt
                0x08009dfc       0x74 C:\Users\Administrator\AppData\Local\Temp\VMBuilds\LoRa_Weather_Station\stm32_genericSTM32F103R\Release/core.a(usb.c.o)
 .text.set_rx_tx_status0
                0x08009e70       0x28 C:\Users\Administrator\AppData\Local\Temp\VMBuilds\LoRa_Weather_Station\stm32_genericSTM32F103R\Release/core.a(usb.c.o)
 .text.handle_setup0
                0x08009e98        0xc C:\Users\Administrator\AppData\Local\Temp\VMBuilds\LoRa_Weather_Station\stm32_genericSTM32F103R\Release/core.a(usb.c.o)
 .text.handle_in0
                0x08009ea4        0xc C:\Users\Administrator\AppData\Local\Temp\VMBuilds\LoRa_Weather_Station\stm32_genericSTM32F103R\Release/core.a(usb.c.o)
 .text.handle_out0
                0x08009eb0        0xc C:\Users\Administrator\AppData\Local\Temp\VMBuilds\LoRa_Weather_Station\stm32_genericSTM32F103R\Release/core.a(usb.c.o)
 .text.gpio_write_bit
                0x08009ebc       0x3c C:\Users\Administrator\AppData\Local\Temp\VMBuilds\LoRa_Weather_Station\stm32_genericSTM32F103R\Release/core.a(usb_cdcacm.c.o)
 .text.nvic_irq_enable
                0x08009ef8       0x5c C:\Users\Administrator\AppData\Local\Temp\VMBuilds\LoRa_Weather_Station\stm32_genericSTM32F103R\Release/core.a(usb_cdcacm.c.o)
 .text.usb_set_ep_rx_stat